03-17 11:28:02.605  3429 13345 W ContextImpl: Calling a method in the system process without a qualified user: android.app.ContextImpl.startService:1899 android.content.ContextWrapper.startService:825 com.oculus.appsafety.packageintegrity.PackageIntegrityUtils.sendResultToOCMS:2217 com.oculus.appsafety.packageintegrity.PackageIntegrityUtils.lambda$updateStorePackageSignatures$27:3066 com.oculus.appsafety.packageintegrity.PackageIntegrityUtils.$r8$lambda$spxwCO2KiyNTPBbcjgChQCxsmU8:0 
03-17 11:28:03.780     0     0 I waipio-asoc-snd soc: spf_core_platform:sound: check_userspace_service_state: pcm_id 32 state 0
03-17 11:28:03.787     0     0 I Minidump: Ignoring minidump region FRPC_1.
03-17 11:28:03.788     0     0 I waipio-asoc-snd soc: spf_core_platform:sound: check_userspace_service_state: pcm_id 31 state 0
03-17 11:28:05.450     0     0 W healthd : battery l=10 v=3684 t=27.0 h=2 st=3 c=-177616 fc=4936000 cc=1 chg=a
03-17 11:28:09.590  1415  1474 W ProcessStats: Tracking association SourceState{6d84825 com.oculus.ocms/10031 ImpFg #62593} whose proc state 5 is better than process ProcessState{6476daf com.oculus.quickplayservice/1000 pkg=com.oculus.quickplayservice} proc state 14 (52 skipped)
03-17 11:28:15.460     0     0 W healthd : battery l=10 v=3687 t=27.0 h=2 st=3 c=-142825 fc=4936000 cc=1 chg=a
03-17 11:28:17.277     0     0 W healthd : battery l=10 v=3686 t=27.0 h=2 st=3 c=-178715 fc=4936000 cc=1 chg=a
03-17 11:28:17.634  1415  1506 W PackageManager: Verification with id 57 not found. It may be invalid or overridden by integrity verification
03-17 11:28:25.523     0     0 W healthd : battery l=10 v=3688 t=27.0 h=2 st=3 c=-145023 fc=4936000 cc=1 chg=a
03-17 11:28:28.997  1415  1529 W ProcessStats: Tracking association SourceState{6d84825 com.oculus.ocms/10031 ImpFg #62596} whose proc state 5 is better than process ProcessState{6476daf com.oculus.quickplayservice/1000 pkg=com.oculus.quickplayservice} proc state 14 (0 skipped)
03-17 11:28:35.480     0     0 W healthd : battery l=10 v=3689 t=27.0 h=2 st=3 c=-152347 fc=4936000 cc=1 chg=a
03-17 11:28:45.490     0     0 W healthd : battery l=10 v=3688 t=27.0 h=2 st=3 c=-152713 fc=4936000 cc=1 chg=a
03-17 11:28:55.500     0     0 W healthd : battery l=10 v=3689 t=27.0 h=2 st=3 c=-141727 fc=4936000 cc=1 chg=a
03-17 11:29:00.158  1415  1481 W ProcessStats: Tracking association SourceState{6d84825 com.oculus.ocms/10031 ImpFg #62597} whose proc state 5 is better than process ProcessState{6476daf com.oculus.quickplayservice/1000 pkg=com.oculus.quickplayservice} proc state 14 (0 skipped)
03-17 11:29:02.905   808   825 I SyncBossFW: 65683844 [info   ] {PROX}: Prox state: 1
03-17 11:29:02.905   818  1174 I SyncBossHAL: [info   ] syncboss_hal_powerstate.c(54): Reporting powerstate event: PROX_ON
03-17 11:29:02.905   818  1174 D SensorService: Received Powerstate PROX_ON
03-17 11:29:02.907  1415  1698 I PowerGroup: Waking up power group from Asleep (groupId=0, uid=1000, reason=WAKE_REASON_UNKNOWN, details=VrPwMng:leave-standby)...
03-17 11:29:02.907  1415  1698 I PowerManagerService: Waking up from Asleep (uid=1000, reason=WAKE_REASON_UNKNOWN, details=VrPwMng:leave-standby)...
03-17 11:29:02.908  1415  1415 E ActivityManager: Cancel pending or running compactions as system is awake
03-17 11:29:02.909  1415  1499 I DisplayPowerController2[0]: Blocking screen on until initial contents have been drawn.
03-17 11:29:02.909  2094  2448 W ContextImpl: Calling a method in the system process without a qualified user: android.app.ContextImpl.bindService:1988 android.content.ContextWrapper.bindService:861 com.oculus.userserver.api.OculusUserManager.bindService:732 com.oculus.userserver.api.OculusUserManager.access$200:39 com.oculus.userserver.api.OculusUserManager$BlockingServiceConnection.connect:80 
03-17 11:29:02.910  1415  1499 D ActivityTaskManager: Top Process State changed to PROCESS_STATE_TOP
03-17 11:29:02.910  1070  1359 E SensorClientUtils: Unknown power state received from VRPM: 5
03-17 11:29:02.910  2108  2146 E SensorClientUtils: Unknown power state received from VRPM: 5
03-17 11:29:02.910  1415  1499 E ActivityTaskManager: setVisibility=true while transition is not collecting or finishing ActivityRecord{112b0a0 u0 com.UnityTechnologies.com.unity.template.urpblank/com.unity3d.player.UnityPlayerGameActivity t126} caller=com.android.server.wm.ActivityRecord.setVisibility:5376 com.android.server.wm.TaskFragment.resumeTopActivity:1422 com.android.server.wm.Task.resumeTopActivityInnerLocked:5150 com.android.server.wm.Task.resumeTopActivityUncheckedLocked:5080 com.android.server.wm.Task.resumeTopActivityUncheckedLocked:5099 com.android.server.wm.Task.resumeTopActivityUncheckedLocked:5131 com.android.server.wm.RootWindowContainer.lambda$applySleepTokens$21:2454 com.android.server.wm.RootWindowContainer.$r8$lambda$D_Wc-Lh4EGRMPIlHgz7Bs4GPU0o:0 
03-17 11:29:02.913  1415  1499 D CompatibilityChangeReporter: Compat change id reported: 197654537; UID 10053; state: ENABLED
03-17 11:29:02.914  1415  1499 E ActivityTaskManager: setVisibility=true while transition is not collecting or finishing ActivityRecord{5d3b7ab u0 com.oculus.vrshell/com.oculus.panelapp.controlbar.UnifiedControlBarActivity t67} caller=com.android.server.wm.ActivityRecord.setVisibility:5376 com.android.server.wm.ActivityRecord.makeVisibleIfNeeded:6132 com.android.server.wm.EnsureActivitiesVisibleHelper.setActivityVisibilityState:214 com.android.server.wm.EnsureActivitiesVisibleHelper.process:144 com.android.server.wm.TaskFragment.updateActivityVisibilities:1171 com.android.server.wm.Task.lambda$ensureActivitiesVisible$21:4984 com.android.server.wm.Task.$r8$lambda$mpSM591f23-emlE2bMkzIqa7Pww:0 com.android.server.wm.Task$$ExternalSyntheticLambda26.accept:0 
03-17 11:29:02.916  1415  1499 E ActivityTaskManager: setVisibility=true while transition is not collecting or finishing ActivityRecord{9e7b3cd u0 com.oculus.vrshell/com.oculus.panelapp.toasts.ToastsActivity t64} caller=com.android.server.wm.ActivityRecord.setVisibility:5376 com.android.server.wm.ActivityRecord.makeVisibleIfNeeded:6132 com.android.server.wm.EnsureActivitiesVisibleHelper.setActivityVisibilityState:214 com.android.server.wm.EnsureActivitiesVisibleHelper.process:144 com.android.server.wm.TaskFragment.updateActivityVisibilities:1171 com.android.server.wm.Task.lambda$ensureActivitiesVisible$21:4984 com.android.server.wm.Task.$r8$lambda$mpSM591f23-emlE2bMkzIqa7Pww:0 com.android.server.wm.Task$$ExternalSyntheticLambda26.accept:0 
03-17 11:29:02.918  1415  1499 E ActivityTaskManager: setVisibility=true while transition is not collecting or finishing ActivityRecord{cbdcbac u0 com.oculus.systemux/com.oculus.panelapp.anytimeui.AnytimeUIActivity t63} caller=com.android.server.wm.ActivityRecord.setVisibility:5376 com.android.server.wm.ActivityRecord.makeVisibleIfNeeded:6132 com.android.server.wm.EnsureActivitiesVisibleHelper.setActivityVisibilityState:214 com.android.server.wm.EnsureActivitiesVisibleHelper.process:144 com.android.server.wm.TaskFragment.updateActivityVisibilities:1171 com.android.server.wm.Task.lambda$ensureActivitiesVisible$21:4984 com.android.server.wm.Task.$r8$lambda$mpSM591f23-emlE2bMkzIqa7Pww:0 com.android.server.wm.Task$$ExternalSyntheticLambda26.accept:0 
03-17 11:29:02.919  1415  1499 E ActivityTaskManager: setVisibility=true while transition is not collecting or finishing ActivityRecord{b646c8b u0 com.oculus.vrshell/.HomeActivity t61} caller=com.android.server.wm.ActivityRecord.setVisibility:5376 com.android.server.wm.ActivityRecord.makeVisibleIfNeeded:6132 com.android.server.wm.EnsureActivitiesVisibleHelper.setActivityVisibilityState:214 com.android.server.wm.EnsureActivitiesVisibleHelper.process:144 com.android.server.wm.TaskFragment.updateActivityVisibilities:1171 com.android.server.wm.Task.lambda$ensureActivitiesVisible$21:4984 com.android.server.wm.Task.$r8$lambda$mpSM591f23-emlE2bMkzIqa7Pww:0 com.android.server.wm.Task$$ExternalSyntheticLambda26.accept:0 
03-17 11:29:02.930  1415  1499 I DisplayBrightnessStrategySelector: Changing the DisplayBrightnessStrategy from ScreenOffBrightnessStrategy toTemporaryBrightnessStrategy for display 0
03-17 11:29:02.931  1415  1471 V WindowManager: Sent Transition #292 createdAt=03-17 11:29:02.928 via request=TransitionRequestInfo { type = SLEEP, triggerTask = null, remoteTransition = null, displayChange = null }
03-17 11:29:02.931  1415  1471 V WindowManager:     startWCT=null
03-17 11:29:02.931  1415  1471 V WindowManager:     info={id=292 t=SLEEP f=0x0 trk=0 r=[] c=[]}
03-17 11:29:02.932  1415  1499 V DisplayPowerController2[0]: Brightness [0.49803922] reason changing to: 'temporary', previous reason: 'screen_off'.
03-17 11:29:02.932  1415  1499 I DisplayPowerController2[0]: BrightnessEvent: disp=0, physDisp=local:4630946882202380434, brt=0.49803922, initBrt=0.0, rcmdBrt=NaN, preBrt=NaN, lux=0.0, preLux=0.0, hbmMax=1.0, hbmMode=off, rbcStrength=0, thrmMax=1.0, powerFactor=1.0, wasShortTermModelActive=false, flags=, reason=temporary, autoBrightness=false, strategy=TemporaryBrightnessStrategy
03-17 11:29:02.933  1415  1471 I UiModeController: Switching from com.UnityTechnologies.com.unity.template.urpblank to com.UnityTechnologies.com.unity.template.urpblank
03-17 11:29:02.933  1415  1499 I DisplayPowerController2[2]: Blocking screen on until initial contents have been drawn.
03-17 11:29:02.933  1415  1499 I DisplayBrightnessStrategySelector: Changing the DisplayBrightnessStrategy from ScreenOffBrightnessStrategy toInvalidBrightnessStrategy for display 2
03-17 11:29:02.933  1415  1499 V DisplayPowerController2[2]: Brightness [0.0] reason changing to: 'manual', previous reason: 'screen_off'.
03-17 11:29:02.933  1415  1499 I DisplayPowerController2[2]: BrightnessEvent: disp=2, physDisp=virtual:android,1000,MirrorRoot for 9289f97a-f87a-4769-9586-7b5db38b50a3,0, brt=0.0, initBrt=0.0, rcmdBrt=NaN, preBrt=NaN, lux=0.0, preLux=0.0, hbmMax=1.0, hbmMode=off, rbcStrength=-1, thrmMax=1.0, powerFactor=1.0, wasShortTermModelActive=false, flags=, reason=manual, autoBrightness=false, strategy=InvalidBrightnessStrategy
03-17 11:29:02.934  1415  1499 I DisplayPowerController2[4]: Blocking screen on until initial contents have been drawn.
03-17 11:29:02.934  1415  1499 I DisplayBrightnessStrategySelector: Changing the DisplayBrightnessStrategy from ScreenOffBrightnessStrategy toInvalidBrightnessStrategy for display 4
03-17 11:29:02.934  1415  1499 V DisplayPowerController2[4]: Brightness [0.0] reason changing to: 'manual', previous reason: 'screen_off'.
03-17 11:29:02.934  1415  1499 I DisplayPowerController2[4]: BrightnessEvent: disp=4, physDisp=virtual:android,1000,MirrorRoot for eea3334b-be81-4bb9-8aa8-c57900d36a7a,0, brt=0.0, initBrt=0.0, rcmdBrt=NaN, preBrt=NaN, lux=0.0, preLux=0.0, hbmMax=1.0, hbmMode=off, rbcStrength=-1, thrmMax=1.0, powerFactor=1.0, wasShortTermModelActive=false, flags=, reason=manual, autoBrightness=false, strategy=InvalidBrightnessStrategy
03-17 11:29:02.934  1415  1499 I DisplayPowerController2[5]: Blocking screen on until initial contents have been drawn.
03-17 11:29:02.935  1415  1499 I DisplayBrightnessStrategySelector: Changing the DisplayBrightnessStrategy from ScreenOffBrightnessStrategy toInvalidBrightnessStrategy for display 5
03-17 11:29:02.935  1415  1499 V DisplayPowerController2[5]: Brightness [0.0] reason changing to: 'manual', previous reason: 'screen_off'.
03-17 11:29:02.935  1415  1499 I DisplayPowerController2[5]: BrightnessEvent: disp=5, physDisp=virtual:android,1000,MirrorRoot for 70dc3a83-86ad-46fb-b17a-b2f458b2b663,0, brt=0.0, initBrt=0.0, rcmdBrt=NaN, preBrt=NaN, lux=0.0, preLux=0.0, hbmMax=1.0, hbmMode=off, rbcStrength=-1, thrmMax=1.0, powerFactor=1.0, wasShortTermModelActive=false, flags=, reason=manual, autoBrightness=false, strategy=InvalidBrightnessStrategy
03-17 11:29:02.935  1415  1499 I DisplayPowerController2[9]: Blocking screen on until initial contents have been drawn.
03-17 11:29:02.935  1415  1499 I DisplayBrightnessStrategySelector: Changing the DisplayBrightnessStrategy from ScreenOffBrightnessStrategy toInvalidBrightnessStrategy for display 9
03-17 11:29:02.935  1415  1499 V DisplayPowerController2[9]: Brightness [0.0] reason changing to: 'manual', previous reason: 'screen_off'.
03-17 11:29:02.935  1415  1499 I DisplayPowerController2[9]: BrightnessEvent: disp=9, physDisp=virtual:android,1000,MirrorRoot for b4866fe8-e272-49bd-9d72-6bd29916c368,0, brt=0.0, initBrt=0.0, rcmdBrt=NaN, preBrt=NaN, lux=0.0, preLux=0.0, hbmMax=1.0, hbmMode=off, rbcStrength=-1, thrmMax=1.0, powerFactor=1.0, wasShortTermModelActive=false, flags=, reason=manual, autoBrightness=false, strategy=InvalidBrightnessStrategy
03-17 11:29:02.936  1415  1499 I DisplayPowerController2[10]: Blocking screen on until initial contents have been drawn.
03-17 11:29:02.936  1415  1499 I DisplayBrightnessStrategySelector: Changing the DisplayBrightnessStrategy from ScreenOffBrightnessStrategy toInvalidBrightnessStrategy for display 10
03-17 11:29:02.936  1415  1442 D CoreBackPreview: Window{c88cd48 u0 com.UnityTechnologies.com.unity.template.urpblank/com.unity3d.player.UnityPlayerGameActivity}: Setting back callback OnBackInvokedCallbackInfo{mCallback=android.window.IOnBackInvokedCallback$Stub$Proxy@d497073, mPriority=1, mIsAnimationCallback=false}
03-17 11:29:02.936  1415  1499 V DisplayPowerController2[10]: Brightness [0.0] reason changing to: 'manual', previous reason: 'screen_off'.
03-17 11:29:02.936  1415  1499 I DisplayPowerController2[10]: BrightnessEvent: disp=10, physDisp=virtual:android,1000,MirrorRoot for 13ac9830-e54d-4f33-b117-1b3eee6a820e,0, brt=0.0, initBrt=0.0, rcmdBrt=NaN, preBrt=NaN, lux=0.0, preLux=0.0, hbmMax=1.0, hbmMode=off, rbcStrength=-1, thrmMax=1.0, powerFactor=1.0, wasShortTermModelActive=false, flags=, reason=manual, autoBrightness=false, strategy=InvalidBrightnessStrategy
03-17 11:29:02.936  1415  1499 I DisplayPowerController2[15]: Blocking screen on until initial contents have been drawn.
03-17 11:29:02.937  1415  1499 I DisplayBrightnessStrategySelector: Changing the DisplayBrightnessStrategy from ScreenOffBrightnessStrategy toInvalidBrightnessStrategy for display 15
03-17 11:29:02.937  1415  1499 V DisplayPowerController2[15]: Brightness [0.0] reason changing to: 'manual', previous reason: 'screen_off'.
03-17 11:29:02.937  1415  1499 I DisplayPowerController2[15]: BrightnessEvent: disp=15, physDisp=virtual:android,1000,MirrorRoot for 61391e23-47bc-47f0-860f-fa8c8f105bf2,0, brt=0.0, initBrt=0.0, rcmdBrt=NaN, preBrt=NaN, lux=0.0, preLux=0.0, hbmMax=1.0, hbmMode=off, rbcStrength=-1, thrmMax=1.0, powerFactor=1.0, wasShortTermModelActive=false, flags=, reason=manual, autoBrightness=false, strategy=InvalidBrightnessStrategy
03-17 11:29:02.937  1415  1499 I DisplayPowerController2[76]: Blocking screen on until initial contents have been drawn.
03-17 11:29:02.937  1415  1499 I DisplayBrightnessStrategySelector: Changing the DisplayBrightnessStrategy from ScreenOffBrightnessStrategy toInvalidBrightnessStrategy for display 76
03-17 11:29:02.937  1415  1499 V DisplayPowerController2[76]: Brightness [0.0] reason changing to: 'manual', previous reason: 'screen_off'.
03-17 11:29:02.937  1415  1499 I DisplayPowerController2[76]: BrightnessEvent: disp=76, physDisp=virtual:android,1000,MirrorRoot for 45fd68fe-2e5a-4c32-b492-ba1cddd737aa,0, brt=0.0, initBrt=0.0, rcmdBrt=NaN, preBrt=NaN, lux=0.0, preLux=0.0, hbmMax=1.0, hbmMode=off, rbcStrength=-1, thrmMax=1.0, powerFactor=1.0, wasShortTermModelActive=false, flags=, reason=manual, autoBrightness=false, strategy=InvalidBrightnessStrategy
03-17 11:29:02.937  1415  1499 I DisplayPowerController2[0]: Unblocked screen on after 28 ms
03-17 11:29:02.938  1415  1499 I DisplayPowerController2[2]: Unblocked screen on after 4 ms
03-17 11:29:02.938  1415  1499 I DisplayPowerController2[4]: Unblocked screen on after 3 ms
03-17 11:29:02.938  1415  1499 I DisplayPowerController2[5]: Unblocked screen on after 3 ms
03-17 11:29:02.938  1415  1499 I DisplayPowerController2[9]: Unblocked screen on after 3 ms
03-17 11:29:02.938  1415  1499 I DisplayPowerController2[10]: Unblocked screen on after 3 ms
03-17 11:29:02.938  1415  1499 I DisplayPowerController2[15]: Unblocked screen on after 2 ms
03-17 11:29:02.938  1415  1499 I DisplayPowerController2[76]: Unblocked screen on after 1 ms
03-17 11:29:02.941  1415  1415 I ActivityManager: updateOomAdj start time is before than pendingPid added, don't delete it
03-17 11:29:02.941  1415  1415 I ActivityManager: updateOomAdj start time is before than pendingPid added, don't delete it
03-17 11:29:02.941  1415  1415 I ActivityManager: updateOomAdj start time is before than pendingPid added, don't delete it
03-17 11:29:02.939     0     0 I [drm:dsi_display_set_mode [msm_drm]] [msm-dsi-info]: mdp_transfer_time=0, hactive=4128, vactive=2208, fps=72, clk_rate=0
03-17 11:29:02.939     0     0 I [drm:dsi_ctrl_isr_configure [msm_drm]] [msm-dsi-info]: dsi-ctrl-0: IRQ 438 registered
03-17 11:29:02.939     0     0 I [drm:dsi_ctrl_isr_configure [msm_drm]] [msm-dsi-info]: dsi-ctrl-1: IRQ 439 registered
03-17 11:29:02.947  1415  1474 I DisplayDeviceRepository: Display device changed state: "Built-in Screen", ON
03-17 11:29:02.951  1415  1488 W BatteryExternalStatsWorker: error reading modem stats:ERROR_PHONE_NOT_AVAILABLE
03-17 11:29:02.952  1415  4066 I DisplayDevice: [0] Layerstack set to 0 for local:4630946882202380434
03-17 11:29:02.953  1415  1415 W Transition: Transition already started id=292 state=2
03-17 11:29:02.956  1415  1415 I InterstitialController: onImmersiveActivityAppeared: uid: 10053, pid: 13395, state: 4, com.UnityTechnologies.com.unity.template.urpblank, on task: WCT{RemoteToken{201e6ce Task{e017799 #3 type=standard}}}, launchId: null
03-17 11:29:02.958  1415  1474 I VolumetricWindow: [setDrawn] VW=45fd68fe-2e5a-4c32-b492-ba1cddd737aa: isDrawn=true (isActive=true, isVisible=true)
03-17 11:29:02.959  1415  1471 V WindowManager: Finish Transition #292: created at 03-17 11:29:02.928 collect-started=0.107ms request-sent=0.213ms started=0.253ms ready=0.25ms sent=0.4ms finished=27.184ms
03-17 11:29:02.969  1070  1359 D SensorClientUtils: Received power state from VRPM: RUNNING
03-17 11:29:02.969  1070  1359 D PowerMonitor: Cancelling delayed transition to SLEEP
03-17 11:29:02.970  1070  1359 D PowerMonitor: Received transition request from SLEEP to RUNNING
03-17 11:29:02.970  1070  1359 D PowerMonitor: Executing transition from SLEEP to STANDBY
03-17 11:29:02.970  1070  1359 D TrackingFidelityService: [Utility Frequency][tfs.utility.powermonitor] applyPowerState: SLEEP -> STANDBY
03-17 11:29:02.970  1070  1359 D PowerMonitor: Executing transition from STANDBY to RUNNING
03-17 11:29:02.970  1070  1359 D TrackingFidelityService: [Utility Frequency][tfs.utility.powermonitor] applyPowerState: STANDBY -> RUNNING
03-17 11:29:02.969  2108  2146 D SensorClientUtils: Received power state from VRPM: RUNNING
03-17 11:29:02.971  2108  2146 D PowerMonitor: Cancelling delayed transition to SLEEP
03-17 11:29:02.972  1070  1359 D TSAccess: Apply power state 'Running'
03-17 11:29:02.972  1071 11048 D TrackingService: apply power state 'Running'
03-17 11:29:02.972  1071 11048 D PowerMonitor: Cancelling delayed transition to SLEEP
03-17 11:29:02.972  1071 11048 D PowerMonitor: Received transition request from SLEEP to RUNNING
03-17 11:29:02.969     0     0 I vd6281  : spi speed set : 4174000
03-17 11:29:02.969     0     0 I vd6281  : nb of samples per chunk  : 4096
03-17 11:29:02.972   818  1281 D CameraStream: [passthrough] Client [MrSSCamS(1062)] attempting start
03-17 11:29:02.973   818  1281 I FrameSetDispatcher: [{COL:FULPS}] Client pid=1062 (MrSSCamS): Client thread[{COL:FULPS}:MrS] started
03-17 11:29:02.973   818  1281 I CameraClientManager: [MrSSCamS(1062)][passthrough] client started (estimated 1 started clients total)
03-17 11:29:02.973   818  1281 I CameraClientManager: [[MrSSCamS(1062)][passthrough]] definitely starting stream
03-17 11:29:02.973   818  1281 I SensorService: [color] Starting cameras for purpose passthrough
03-17 11:29:02.973  1071 11048 D PowerMonitor: Executing transition from SLEEP to STANDBY
03-17 11:29:02.973  1071 11048 D TrackingService: StateHandler setState powerState=STANDBY
03-17 11:29:02.973  1071 11048 D TrackingService: Enqueued transition to (targetPowerState, targetMuxName): (STANDBY, --) - transition timeout: 1000000000 ns
03-17 11:29:02.973  1071  1141 I TrackingService: [                   PerfLockHooks] Power transition: SLEEP -> STANDBY transition time: 0 ms
03-17 11:29:02.973  1071  1141 I TrackingService: [                            bolt] Power transition: SLEEP -> STANDBY transition time: 0 ms
03-17 11:29:02.973  1071  1141 D TrackingService: IOT sleep to standby started
03-17 11:29:02.969     0     0 I vd6281  : sample width in bytes: 64
03-17 11:29:02.974     0     0 I init    : processing action (sys.hmt.mounted=1) from (/vendor/etc/init/hw/init.eureka.rc:12)
03-17 11:29:02.974     0     0 I init    : processing action (sys.hmt.mounted=1) from (/vendor/etc/init/hw/init.anorak.rc:393)
03-17 11:29:02.979  1415  1474 I VolumetricWindowManagerServiceImpl: changing secure flag for 70dc3a83-86ad-46fb-b17a-b2f458b2b663: false -> true
03-17 11:29:02.980  2108  2146 D PowerMonitor: Received transition request from SLEEP to RUNNING
03-17 11:29:02.989   818  1281 I VrSensors-HidlWrapper: Create IMU Sensor using fmq
03-17 11:29:03.001  2108  2146 D PowerMonitor: Executing transition from SLEEP to STANDBY
03-17 11:29:03.001  2108  2146 D ControllerManagement: [controller] SLEEP -> STANDBY
03-17 11:29:03.001  2108  2146 D ControllerManagement: ControllerGlue: setting expected mode to Streaming
03-17 11:29:03.001  2108  2146 D ControllerManagement: ControllerGlue: Setting current mode to Streaming
03-17 11:29:03.001  2108  2146 D ControllerManagement: ControllerGlue: leave mode Disabled
03-17 11:29:03.001  2108  2146 D ControllerManagement: ControllerGlue: Setting mode to Streaming
03-17 11:29:03.001  2108  2146 D ControllerManagement: ControllerGlue: enter mode Streaming
03-17 11:29:03.008   818  1340 D libsensorscommon: ControllerProvider: StreamingClient requested by 2108
03-17 11:29:03.008   818  1340 D SensorService: ControllerProvider: acquiring StreamingSession
03-17 11:29:03.008   818  1340 D SensorService: SyncbossEventHandler: starting all streams
03-17 11:29:03.008   818 13646 D SensorService: SyncbossEventHandler: producerThreadFunc() start
03-17 11:29:03.009   818  1340 D SensorService: SyncbossEventHandler: stopping all streams
03-17 11:29:03.009   818 13646 D SensorService: SyncbossEventHandler: producerThreadFunc() exit
03-17 11:29:03.010   818  1340 D SensorService: SyncbossEventHandler: starting all streams
03-17 11:29:03.010   818 13652 D SensorService: SyncbossEventHandler: producerThreadFunc() start
03-17 11:29:03.010   818  1340 D SensorService: SyncbossEventHandler: acquired session; approx # alive: 1
03-17 11:29:03.010   818  1281 D SensorService: SyncbossEventHandler: acquired session; approx # alive: 2
03-17 11:29:03.013   808   825 I SyncBossFW: 65683952 [info   ] {APPI}: Setting imu data rate to 800.0000
03-17 11:29:03.013   818  1340 I SyncBossHAL: [info   ] syncboss_hal_impl_input.c(437): no pulsar frequency blocklist (vendor.syncbosshal.pulsar_blocklist) set
03-17 11:29:03.013   818  1340 I SyncBossHAL: [info   ] syncboss_hal_impl_input.c(496): No AFH behavior specified, enabled by default
03-17 11:29:03.013   818  1160 I SyncBossHAL: [info   ] pulsar_manager_utils.c(664): Starting Pulsar beacon mode
03-17 11:29:03.016   808   825 I SyncBossFW: 65683954 [info   ] {WIHI}: Starting beacon mode
03-17 11:29:03.017   818  1340 D SensorService: SyncbossEventHandler: Enabled sensor PULSAR - Active sensors: synthetic[HMD_DOUBLETAP,EXTERNAL_TIMING,ZAP] non-synth[HMD_IMU,PULSAR]
03-17 11:29:03.017   818  1340 D SensorService: ControllerProvider: acquiring StreamingClient impl; approx # alive: 1
03-17 11:29:03.017   818  1340 D libsensorscommon: ControllerProvider: acquiring StreamingClient hidl for client 2108
03-17 11:29:03.018   808   825 I SyncBossFW: 65683957 [info   ] {APPI}: Enabling IMU
03-17 11:29:03.020  2108  2146 D ControllerManagement: RemoteService::recordControllerStatusUpdate: device d49e0f24fe7d5301: status: SEARCHING tracking: ORIENTATION, errors: --
03-17 11:29:03.020  2108  2146 D ControllerManagement: RemoteService::recordControllerStatusUpdate: device 541f699212c92133: status: SEARCHING tracking: NONE, errors: --
03-17 11:29:03.020  2108  2146 D PowerMonitor: Executing transition from STANDBY to RUNNING
03-17 11:29:03.020  2108  2146 D ControllerManagement: [controller] STANDBY -> RUNNING
03-17 11:29:03.031  2108 13658 D ControllerManagement: processStateChange([PairedControllerInfo RUBYPRQ 541f699212c92133 disconnected detached mcnt=0])
03-17 11:29:03.031  2108 13658 D ControllerManagement: processStateChange([PairedControllerInfo RUBYPRQ d49e0f24fe7d5301 disconnected detached mcnt=0])
03-17 11:29:03.041  1415  2347 I Telecom : CallAudioRouteStateMachine: Message received: MUTE_EXTERNALLY_CHANGED=3004, arg1=0: CARSM.mCR->CARSM.pM_MUTE_EXTERNALLY_CHANGED@AcY
03-17 11:29:03.041  1415  2347 I Telecom : QuiescentEarpieceRoute: Processing message MUTE_EXTERNALLY_CHANGED: CARSM.mCR->CARSM.pM_MUTE_EXTERNALLY_CHANGED@AcY
03-17 11:29:03.059   818  1281 D SensorService: SyncbossEventHandler: Enabled sensor HMD_IMU - Active sensors: synthetic[HMD_DOUBLETAP,EXTERNAL_TIMING,ZAP] non-synth[HMD_IMU,PULSAR]
03-17 11:29:03.059   818 13650 D SensorService: Syncboss input 541f699212c92133 hardware type 10, subtype 1, revision 
03-17 11:29:03.059   818 13650 I SensorService: preparePairedControllerInfo is adding device with valid 1
03-17 11:29:03.059   818 13650 D SensorService: Syncboss input d49e0f24fe7d5301 hardware type 10, subtype 2, revision 
03-17 11:29:03.059   818 13650 I SensorService: preparePairedControllerInfo is adding device with valid 1
03-17 11:29:03.059   818 13650 D SensorService: stateChangeNotifierFunc(): Reporting controller info. Change token: 221, paired=2 connected=0
03-17 11:29:03.059   818  1281 I VrSensors-HidlWrapper: Create IMU Sensor using fmq
03-17 11:29:03.059  2108 13658 D ControllerManagement: processStateChange([PairedControllerInfo RUBYPRQ 541f699212c92133 disconnected detached update-required mcnt=0])
03-17 11:29:03.061   818 13650 D SensorService: Found paired controllers: 2
03-17 11:29:03.061   818 13650 D SensorService: Syncboss input 541f699212c92133 hardware type 10, subtype 1, revision 
03-17 11:29:03.061   818 13650 I SensorService: preparePairedControllerInfo is adding device with valid 1
03-17 11:29:03.061   818 13650 D SensorService: Syncboss input d49e0f24fe7d5301 hardware type 10, subtype 2, revision 
03-17 11:29:03.061   818 13650 I SensorService: preparePairedControllerInfo is adding device with valid 1
03-17 11:29:03.063   818 13650 D SensorService: Found paired controllers: 2
03-17 11:29:03.063   818 13650 D SensorService: Syncboss input 541f699212c92133 hardware type 10, subtype 1, revision 
03-17 11:29:03.063   818 13650 I SensorService: preparePairedControllerInfo is adding device with valid 1
03-17 11:29:03.063   818 13650 D SensorService: Syncboss input d49e0f24fe7d5301 hardware type 10, subtype 2, revision 
03-17 11:29:03.063   818 13650 I SensorService: preparePairedControllerInfo is adding device with valid 1
03-17 11:29:03.068   818  1340 I SensorService: registerDirectChannel_: Allocated direct channel handle 5 (to pid 1415)
03-17 11:29:03.068   818  1340 I SensorService: configDirectReport for channelHandle:5 sensorHandle:3 Rate:1
03-17 11:29:03.070  2108 13658 D ControllerManagement: processStateChange([PairedControllerInfo RUBYPRQ d49e0f24fe7d5301 disconnected detached update-required mcnt=0])
03-17 11:29:03.081     0     0 I CAM_INFO: CAM-SENSOR: cam_sensor_driver_cmd: 1211 CAM_ACQUIRE_DEV Success for imx471 id:0x471,slave-addr:0x34 crm:[0]
03-17 11:29:03.091    10    10 I CAM_INFO: CAM-SMMU: cam_smmu_map_user_iova: 3257 fd=897 already in list [10:29:3:92] cb=ife idx=0 handle=59051 len=573440,give same addr back
03-17 11:29:03.092    10    10 I CAM_INFO: CAM-SMMU: cam_smmu_map_user_iova: 3257 fd=898 already in list [10:29:3:93] cb=ife idx=0 handle=59051 len=471040,give same addr back
03-17 11:29:03.092    10    10 I CAM_INFO: CAM-SMMU: cam_smmu_map_user_iova: 3257 fd=900 already in list [10:29:3:93] cb=ife idx=0 handle=59051 len=495616,give same addr back
03-17 11:29:03.103     0     0 I CAM_INFO: CAM-SENSOR: cam_sensor_driver_cmd: 1211 CAM_ACQUIRE_DEV Success for imx471 id:0x471,slave-addr:0x34 crm:[0]
03-17 11:29:03.107    10    10 I CAM_INFO: CAM-SMMU: cam_smmu_map_user_iova: 3257 fd=976 already in list [10:29:3:108] cb=ife idx=0 handle=59051 len=573440,give same addr back
03-17 11:29:03.107    10    10 I CAM_INFO: CAM-SMMU: cam_smmu_map_user_iova: 3257 fd=978 already in list [10:29:3:109] cb=ife idx=0 handle=59051 len=471040,give same addr back
03-17 11:29:03.107    10    10 I CAM_INFO: CAM-SMMU: cam_smmu_map_user_iova: 3257 fd=979 already in list [10:29:3:109] cb=ife idx=0 handle=59051 len=495616,give same addr back
03-17 11:29:03.112     0     0 I CAM_INFO: CAM-CRM: cam_req_mgr_link_v3: 4951 link reserved 0000000000000000 0 trigger_type:1 num_devs:2 sess_hdl:6619648 no_crm:4
03-17 11:29:03.112     0     0 I CAM_INFO: CAM-ISP: cam_ife_hw_mgr_print_acquire_info: 2027 10:29:3.113 Acquired Single IFE[1] with [9 pix] [0 pd] [0 rdi] ports for ctx:4 per_port_enabled :0 sensor:-559038737 ul: 0
03-17 11:29:03.112     0     0 I CAM_INFO: CAM-ISP: __cam_isp_ctx_acquire_hw_v2: 9737 NO CRM session,top state machine assigned for no crm ctx 4
03-17 11:29:03.112 26151 26151 I wlan    : [26151:I:OSIF] scan start scan id 41006
03-17 11:29:03.116     0     0 I CAM_INFO: CAM-ISP: __cam_isp_ctx_start_dev_in_ready: 10771 Start IFE device ctx 4 with irq state machine [Activated State Machine IRQ] in initial SubState [SOF] UL_path 0
03-17 11:29:03.116     0     0 I CAM_INFO: CAM-SENSOR: cam_sensor_driver_cmd: 1352 10:29:3.117 CAM_START_DEV[5] Success for imx471 sensor_id:0x471,sensor_slave_addr:0x34
03-17 11:29:03.116     0     0 I CAM_INFO: CAM-CRM: cam_req_mgr_link_v3: 4951 link reserved 0000000000000000 0 trigger_type:1 num_devs:2 sess_hdl:6619648 no_crm:4
03-17 11:29:03.116     0     0 I CAM_INFO: CAM-ISP: cam_ife_hw_mgr_print_acquire_info: 2027 10:29:3.118 Acquired Single IFE[0] with [9 pix] [0 pd] [0 rdi] ports for ctx:5 per_port_enabled :0 sensor:-559038737 ul: 0
03-17 11:29:03.122   818  1281 I SensorService: doEnableHalCameras[Color] Create SyncbossHandleWrapper
03-17 11:29:03.122   818  1281 I SensorService: doEnableHalCameras[Color] FsyncEventHandler::GetInstance
03-17 11:29:03.122   818  1281 W SensorService: Enabling sensor HMD_FSIN with noop callback
03-17 11:29:03.122   818  1281 D SensorService: SyncbossEventHandler: acquired session; approx # alive: 3
03-17 11:29:03.122   818  1281 D SensorService: SyncbossEventHandler: Enabled sensor HMD_FSIN - Active sensors: synthetic[HMD_DOUBLETAP,EXTERNAL_TIMING,ZAP] non-synth[HMD_IMU,HMD_FSIN,PULSAR]
03-17 11:29:03.117     0     0 I CAM_INFO: CAM-ISP: __cam_isp_ctx_acquire_hw_v2: 9737 NO CRM session,top state machine assigned for no crm ctx 5
03-17 11:29:03.120     0     0 I CAM_INFO: CAM-ISP: __cam_isp_ctx_start_dev_in_ready: 10771 Start IFE device ctx 5 with irq state machine [Activated State Machine IRQ] in initial SubState [SOF] UL_path 0
03-17 11:29:03.127   808   825 I SyncBossFW: 65684064 [info   ] {GCM }: general_cam_mgr_init for cameras 0x30
03-17 11:29:03.174   808   825 I SyncBossFW: 65684112 [info   ] {GCM }: general_cam_mgr_set_frame_rate_config cams 0x30 period 20000us
03-17 11:29:03.174   818  1281 I FrameSetCollator: [{COL:FULPS}] started at 107466.38
03-17 11:29:03.174   818  1281 I SensorService: [color] Starting camera streams for purpose: passthrough, current muxmode = 1
03-17 11:29:03.178   808   825 I SyncBossFW: 65684114 [info   ] {GCM }: general_cam_mgr_get_stream_info for cameras 0x10
03-17 11:29:03.178   808   825 I SyncBossFW: 65684116 [info   ] {GCM }: general_cam_mgr_start_streaming for cameras 0x30
03-17 11:29:03.179   818  1281 I CameraClientManager: [[MrSSCamS(1062)][passthrough]] stream start completed
03-17 11:29:03.179   818  1281 D CameraStream: [passthrough] Client [MrSSCamS(1062)]: start complete
03-17 11:29:03.181   818  1281 D SensorService: SyncbossEventHandler: acquired session; approx # alive: 4
03-17 11:29:03.181   818  1340 D CameraStream: [projector_assisted_depth] Client [MrSSCamS(1062)] attempting start
03-17 11:29:03.181   818  1340 I FrameSetDispatcher: [{WT(0,1):RAW10}] Client pid=1062 (MrSSCamS): Client thread[{WT(0,1):RAW10}] started
03-17 11:29:03.181   818  1340 I CameraClientManager: [MrSSCamS(1062)][projector_assisted_depth] client started (estimated 1 started clients total)
03-17 11:29:03.181   818  1340 I CameraClientManager: [[MrSSCamS(1062)][projector_assisted_depth]] definitely starting stream
03-17 11:29:03.181   818  1340 I SensorService: [worldTracking] Starting cameras for purpose projector_assisted_depth
03-17 11:29:03.183   808   825 I SyncBossFW: 65684122 [info   ] {APPI}: Setting mag data rate to 25.0000
03-17 11:29:03.187   818  1281 D SensorService: SyncbossEventHandler: Enabled sensor HMD_MAG - Active sensors: synthetic[HMD_DOUBLETAP,EXTERNAL_TIMING,ZAP] non-synth[HMD_MAG,HMD_IMU,HMD_FSIN,PULSAR
03-17 11:29:03.187  1071  1141 D TrackingService: IOT sleep to standby completed
03-17 11:29:03.187  1071  1141 I TrackingService: [                             iot] Power transition: SLEEP -> STANDBY transition time: 213 ms
03-17 11:29:03.188   808   825 I SyncBossFW: 65684125 [info   ] {APPI}: Enabling magnetometer
03-17 11:29:03.188   808   825 I SyncBossFW: 65684125 [info   ] {APPI}: Enabling mag streaming.  Temperature comp enabled
03-17 11:29:03.189  1071 13706 D TrackingService: starting IOT motion thread, imu batch dispatch enabled=false
03-17 11:29:03.120     0     0 I CAM_INFO: CAM-SENSOR: cam_sensor_driver_cmd: 1352 10:29:3.121 CAM_START_DEV[4] Success for imx471 sensor_id:0x471,sensor_slave_addr:0x34
03-17 11:29:03.189     0     0 I [drm:dsi_display_set_mode [msm_drm]] [msm-dsi-info]: mdp_transfer_time=0, hactive=4128, vactive=2208, fps=90, clk_rate=0
03-17 11:29:03.189     0     0 I CAM_INFO: CAM-SENSOR: cam_sensor_driver_cmd: 1211 CAM_ACQUIRE_DEV Success for og01a1b id:0x7750,slave-addr:0xa0 crm:[0]
03-17 11:29:03.190    10    10 I CAM_INFO: CAM-SMMU: cam_smmu_map_user_iova: 3257 fd=1008 already in list [10:29:3:191] cb=ife idx=0 handle=59051 len=757760,give same addr back
03-17 11:29:03.190     0     0 I CAM_INFO: CAM-CRM: cam_req_mgr_link_v3: 4951 link reserved 0000000000000000 0 trigger_type:1 num_devs:2 sess_hdl:3539467 no_crm:4
03-17 11:29:03.191     0     0 I CAM_INFO: CAM-ISP: cam_ife_hw_mgr_print_acquire_info: 2027 10:29:3.192 Acquired Single IFE[9] with [0 pix] [0 pd] [1 rdi] ports for ctx:14 per_port_enabled :0 sensor:0 ul: 1
03-17 11:29:03.191     0     0 I CAM_INFO: CAM-ISP: __cam_isp_ctx_acquire_hw_v2: 9737 NO CRM session,top state machine assigned for no crm ctx 14
03-17 11:29:03.197     0     0 I CAM_INFO: CAM-SENSOR: cam_sensor_driver_cmd: 1211 CAM_ACQUIRE_DEV Success for og01a1b id:0x7750,slave-addr:0xb0 crm:[0]
03-17 11:29:03.197    10    10 I CAM_INFO: CAM-SMMU: cam_smmu_map_user_iova: 3257 fd=1025 already in list [10:29:3:199] cb=ife idx=0 handle=59051 len=757760,give same addr back
03-17 11:29:03.197     0     0 I CAM_INFO: CAM-CRM: cam_req_mgr_link_v3: 4951 link reserved 0000000000000000 0 trigger_type:1 num_devs:2 sess_hdl:8454672 no_crm:4
03-17 11:29:03.198     0     0 I CAM_INFO: CAM-ISP: cam_ife_hw_mgr_print_acquire_info: 2027 10:29:3.199 Acquired Single IFE[8] with [0 pix] [0 pd] [1 rdi] ports for ctx:15 per_port_enabled :0 sensor:1 ul: 1
03-17 11:29:03.204  1415  1474 I DisplayDeviceRepository: Display device changed state: "Built-in Screen", ON
03-17 11:29:03.205  1415  1474 D DisplayManagerService: Ignore redundant display event 0/2 to 10063/6953
03-17 11:29:03.208  1415  1474 I OculusWindowMgr: OWMS::focusChanged: windowRootTaskId: 3
03-17 11:29:03.208  1415  1474 I OculusWindowMgr: OWMS::focusChanged: getImmersiveTask returned
03-17 11:29:03.208  1415  1474 I OculusWindowMgr: OWMS::focusChanged: matchedTaskId: 3
03-17 11:29:03.209  1415  4052 D CompatibilityChangeReporter: Compat change id reported: 214016041; UID 10053; state: ENABLED
03-17 11:29:03.209  1415  1471 D VolumetricContentMonitor: Focused window changed to RunningWindowInfo{  pid: 13395, uid: 10053, userId: 0, windowContainerToken: 141107732, windowToken: android.view.IWindow$Stub$Proxy@c9dcabd, windowId: com.android.server.wm.WindowState$WindowId@e2318b2, displayId: 0, windowType: 1, activity: RunningActivityInfo { rootTask: 3, uid: 10053, pid: 13395, userId: 0, activity: com.unity3d.player.UnityPlayerGameActivity, windowId: com.android.server.wm.WindowState$WindowId@e2318b2, state: ACTIVITY_STATE_VISIBLE}}, from android.view.IWindow$Stub$Proxy@9c751f2
03-17 11:29:03.209  1415  1415 V WorldManagerService: VW Content Listener: com.UnityTechnologies.com.unity.template.urpblank -1
03-17 11:29:03.209  1415  1415 D SpatialAudioService: Skipping processing for app: com.UnityTechnologies.com.unity.template.urpblank (isNewApp: false, perAppEnabled: true, epsService: true)
03-17 11:29:03.198     0     0 I CAM_INFO: CAM-ISP: __cam_isp_ctx_acquire_hw_v2: 9737 NO CRM session,top state machine assigned for no crm ctx 15
03-17 11:29:03.205     0     0 I CAM_INFO: CAM-SENSOR: cam_sensor_driver_cmd: 1211 CAM_ACQUIRE_DEV Success for ov7251 id:0xd,slave-addr:0xc0 crm:[0]
03-17 11:29:03.211    10    10 I CAM_INFO: CAM-SMMU: cam_smmu_map_user_iova: 3257 fd=1042 already in list [10:29:3:212] cb=ife idx=0 handle=59051 len=757760,give same addr back
03-17 11:29:03.211     0     0 I CAM_INFO: CAM-CRM: cam_req_mgr_link_v3: 4951 link reserved 0000000000000000 0 trigger_type:1 num_devs:2 sess_hdl:6095381 no_crm:4
03-17 11:29:03.212     0     0 I CAM_INFO: CAM-ISP: cam_ife_hw_mgr_print_acquire_info: 2027 10:29:3.213 Acquired Single IFE[7] with [0 pix] [0 pd] [1 rdi] ports for ctx:10 per_port_enabled :0 sensor:2 ul: 1
03-17 11:29:03.216  1415  1499 W PowerManagerService: Screen on took 310 ms
03-17 11:29:03.212     0     0 I CAM_INFO: CAM-ISP: __cam_isp_ctx_acquire_hw_v2: 9737 NO CRM session,top state machine assigned for no crm ctx 10
03-17 11:29:03.221   818  1340 I SensorService: doEnableHalCameras[NICE] Create SyncbossHandleWrapper
03-17 11:29:03.221   818  1340 I SensorService: doEnableHalCameras[NICE] FsyncEventHandler::GetInstance
03-17 11:29:03.218     0     0 I CAM_INFO: CAM-SENSOR: cam_sensor_driver_cmd: 1211 CAM_ACQUIRE_DEV Success for ov7251 id:0xd,slave-addr:0xd0 crm:[0]
03-17 11:29:03.218    10    10 I CAM_INFO: CAM-SMMU: cam_smmu_map_user_iova: 3257 fd=1059 already in list [10:29:3:220] cb=ife idx=0 handle=59051 len=757760,give same addr back
03-17 11:29:03.219     0     0 I CAM_INFO: CAM-CRM: cam_req_mgr_link_v3: 4951 link reserved 0000000000000000 0 trigger_type:1 num_devs:2 sess_hdl:8651290 no_crm:4
03-17 11:29:03.219     0     0 I CAM_INFO: CAM-ISP: cam_ife_hw_mgr_print_acquire_info: 2027 10:29:3.220 Acquired Single IFE[6] with [0 pix] [0 pd] [1 rdi] ports for ctx:11 per_port_enabled :0 sensor:3 ul: 1
03-17 11:29:03.224   808   825 I SyncBossFW: 65684163 [info   ] {GCM }: general_cam_mgr_init for cameras 0xf
03-17 11:29:03.235  1071  1347 E libsensortelemetry: imu_iot samples delayed: 8725210ns capture to arrival (ERS limit: 3500000ns)
--------- beginning of main
03-17 11:29:03.260  1676 13659 I DistortionMesh:     Tile 1 :  Planes at (-0.000000, -0.642788, -0.766044) + (0.000000, 0.958439, -0.285298)
03-17 11:29:03.260  1676 13659 I DistortionMesh:         => Culling Plane Normals are (-0.000000, -0.642788, -0.766044) + (0.000000, 0.958439, -0.285298)
03-17 11:29:03.260  1676 13659 I DistortionMesh: Eye 1, Plane Dir 0, Section 0
03-17 11:29:03.260  1676 13659 I DistortionMesh:     Tile 0 :  Planes at (0.810613, 0.000000, -0.585582) + (-0.580175, 0.000000, -0.814492)
03-17 11:29:03.260  1676 13659 I DistortionMesh:     Tile 1 :  Planes at (0.736115, 0.000000, -0.676856) + (-0.612419, 0.000000, -0.790533)
03-17 11:29:03.260  1676 13659 I DistortionMesh:         => Culling Plane Normals are (0.736115, 0.000000, -0.676856) + (-0.580175, 0.000000, -0.814492)
03-17 11:29:03.260  1676 13659 I DistortionMesh: Eye 1, Plane Dir 1, Section 0
03-17 11:29:03.260  1676 13659 I DistortionMesh:     Tile 0 :  Planes at (-0.000000, -0.886123, -0.463451) + (0.000000, 0.656059, -0.754710)
03-17 11:29:03.260  1676 13659 I DistortionMesh:         => Culling Plane Normals are (-0.000000, -0.886123, -0.463451) + (0.000000, 0.656059, -0.754710)
03-17 11:29:03.260  1676 13659 I DistortionMesh: Eye 1, Plane Dir 1, Section 1
03-17 11:29:03.260  1676 13659 I DistortionMesh:     Tile 1 :  Planes at (-0.000000, -0.642788, -0.766044) + (0.000000, 0.958644, -0.284606)
03-17 11:29:03.260  1676 13659 I DistortionMesh:         => Culling Plane Normals are (-0.000000, -0.642788, -0.766044) + (0.000000, 0.958644, -0.284606)
03-17 11:29:03.261  1676 13659 I Distortion: Initializing Mesh Decenter Correction
03-17 11:29:03.261  1676 13659 I Distortion: Decenter tester version = 200
03-17 11:29:03.261  1676 13659 I Distortion: SetLensPositions - iad=0.0635, left offset=-0.00303566,8.77159e-05, right offset=0.00300801,2.41454e-05
03-17 11:29:03.262  1676 13659 I SpaceWarp: Convert RTech spline to OVR spline for spacewarp compatibility
03-17 11:29:03.262  1676 13659 I SpaceWarp: ASW: TextureLensLut updated with ipd 0.060355
03-17 11:29:03.262  1676 13659 I SpaceWarp: ASW: SpaceWarp instance created
03-17 11:29:03.262  1676 13726 I SpaceWarp: MeshCreationThreadInit()
03-17 11:29:03.263  1676 13726 I SpaceWarp: MeshCreationThreadInit: gettid
03-17 11:29:03.263  1676 13726 I SpaceWarp: MeshCreationThreadInit: Begin EGL initialization...
03-17 11:29:03.263  1676 13726 I Context : Create: eglCreateContext()
03-17 11:29:03.263  1676 13726 I Context : Context is EGL_CONTEXT_PRIORITY_LOW_IMG
03-17 11:29:03.264  1676 13726 I SpaceWarp: MeshCreationThreadInit: meshCreationInitializedCond.notify_one()
03-17 11:29:03.264  1676 13659 I SpaceWarp: PTW: GK is enabled
03-17 11:29:03.264  1676 13659 I PositionalTimeWarpFromStereoSource: PositionalTimeWarpFromStereoSource()
03-17 11:29:03.264  1676 13659 I DepthFromStereoProcessor: DepthFromStereoProcessor()
03-17 11:29:03.267   855  1316 I EpsMixer: [13] setTrackEnabled(1) session(4385) track (586)
03-17 11:29:03.271  1071  1141 I Tracking: boltlib: Initialized flatbuffers model dpr_process_body_delegate
03-17 11:29:03.271  1071  1141 I Tracking: BOLT:TorchDelegate: Input buffers were registered successfully for model dpr_process_body_delegate.
03-17 11:29:03.273  1071  1141 I Tracking: INPUT_TRACKING: Pipeline reset.
03-17 11:29:03.273  1071  1141 I Tracking: INPUT_TRACKING_ENGINE: InputTrackingEngine::onStart(): Lock acquired on controller status cache.
03-17 11:29:03.273  1071  1141 I Tracking: INPUT_TRACKING_ENGINE: InputTrackingEngine::updateControllerStatusInternal(): Status Cache requesting to deactivate device 0x541f699212c92133.
03-17 11:29:03.273  1071  1141 I Tracking: INPUT_TRACKING_ENGINE: InputTrackingEngine::updateControllerStatusInternal(): (Status Cache) Device 0x541f699212c92133 is registered. Update controller status.
03-17 11:29:03.273  1071  1141 I Tracking: INPUT_TRACKING: PipelineInterface setTrackedObjectStatus(0x541f699212c92133, false)
03-17 11:29:03.273  1071  1141 I Tracking: INPUT_TRACKING_ENGINE: Controller status cache failed to set status to false for device 0x541f699212c92133. This is normal.
03-17 11:29:03.273  1071  1141 I Tracking: INPUT_TRACKING_ENGINE: InputTrackingEngine::updateControllerStatusInternal(): Status Cache requesting to deactivate device 0xd49e0f24fe7d5301.
03-17 11:29:03.273  1071  1141 I Tracking: INPUT_TRACKING_ENGINE: InputTrackingEngine::updateControllerStatusInternal(): (Status Cache) Device 0xd49e0f24fe7d5301 is registered. Update controller status.
03-17 11:29:03.273  1071  1141 I Tracking: INPUT_TRACKING: PipelineInterface setTrackedObjectStatus(0xd49e0f24fe7d5301, false)
03-17 11:29:03.273  1071  1141 I Tracking: INPUT_TRACKING_ENGINE: Controller status cache failed to set status to false for device 0xd49e0f24fe7d5301. This is normal.
03-17 11:29:03.273  1071  1141 I Tracking: INPUT_TRACKING_ENGINE: InputTrackingEngine::onStart(): Done.
03-17 11:29:03.274  1071  1141 I TrackingService: [                   constellation] Power transition: SLEEP -> STANDBY transition time: 86 ms
03-17 11:29:03.274  1071  1141 D TrackingService: [HANDTRACKINGGLUE] sleepToStandby
03-17 11:29:03.274  1071  1141 I TrackingService: [                            hand] Power transition: SLEEP -> STANDBY transition time: 0 ms
03-17 11:29:03.274  1071  1141 I Tracking: SelftrackedHeadsetSide: onStart
03-17 11:29:03.274  1071  1141 I TrackingService: [              selftracked_client] Power transition: SLEEP -> STANDBY transition time: 0 ms
03-17 11:29:03.274  1071  1141 I TrackingService: [                            iobt] Power transition: SLEEP -> STANDBY transition time: 0 ms
03-17 11:29:03.274 10583 10647 V DGW     : V[onSuccessfulResponse:952] StreamGroupRetriableNetworkLayer[realtime] succeful response
03-17 11:29:03.274 10583 10647 W DGW     : W[onSuccessfulResponse:870] StreamGroupTransport[realtime] on successful response. DGW is now connected.
03-17 11:29:03.274 10583 10647 V DGW     : V[operator():213] MNSStreamGroupRequestCallbacks[realtime] onResponseBody: 17 bytes
03-17 11:29:03.274 10583 10647 V DGW     : V[handleFrame:873] StreamGroupRetriableNetworkLayer[realtime] handle frame
03-17 11:29:03.274 10583 10647 V DGW     : V[onFrameTypeEstabStream:1192] StreamGroupTransport[realtime] on frame type EstabStream
03-17 11:29:03.274 10583 10653 V DGW     : V[hasIngressTraffic:368] ConnectivityManager has ingress traffic.
03-17 11:29:03.274 10583 10647 V DGW     : V[handleFrame:873] StreamGroupRetriableNetworkLayer[realtime] handle frame
03-17 11:29:03.274 10583 10647 V DGW     : V[onFrameTypeAck:1279] StreamGroupTransport[realtime] on frame type Ack
03-17 11:29:03.275  1071  1141 I Tracking: KEYBOARD: ObjectTrackingEngine::onStart() - Current State: Configured.
03-17 11:29:03.275  1071  1141 E Tracking: Executorch: program.cpp:261 !!DEPRECATED!! This branch is deprecated from ExecuTorch 0.7; re-export this PTE file to ensure support on newer runtimes.
03-17 11:29:03.275  1071  1141 I Tracking: BoltSDK::Soc: [EVENT] executorch::HexagonRpcMemory: Hexagon ref count changed from 36 to 37
03-17 11:29:03.276  1071  1141 I Tracking: Executorch: HexagonRpcBackend.cpp:145 Initializing model unnamed_et.
03-17 11:29:03.276  1071  1141 I Tracking: BoltSDK::Soc: [EVENT] HexagonRpcBackend: Hexagon ref count changed from 37 to 38
03-17 11:29:03.280   818  1122 I DUMPSYS_LOG: {"additional_data":{"camera_fps":[{"fps":0.59497157502215769,"frames":298,"id":4},{"fps":0.59497157502215769,"frames":298,"id":5}]},"event":"CameraFPS","service":"SensorService","tid":"492239305456","ts":1773743343280465,"ts_proc":107466489868}
03-17 11:29:03.281  1071  1141 I Tracking: BoltSDK::Soc: [EVENT] executorch::HexagonRpcMemory: Hexagon ref count changed from 38 to 39
03-17 11:29:03.281  1071  1141 I Tracking: BoltSDK::Soc: [EVENT] executorch::HexagonRpcMemory: Hexagon ref count changed from 39 to 40
03-17 11:29:03.282  1071  1141 I Tracking: BoltSDK::Soc: [EVENT] DOT2Tracker: Hexagon ref count changed from 40 to 41
03-17 11:29:03.285  1071  1141 I Tracking: BoltSDK::Soc: [EVENT] executorch::HexagonRpcMemory: Hexagon ref count changed from 41 to 42
03-17 11:29:03.311  1071  1141 I Tracking: Executorch: HexagonRpcBackend.cpp:145 Initializing model ofi_detector.
03-17 11:29:03.312  1071  1141 I Tracking: BoltSDK::Soc: [EVENT] HexagonRpcBackend: Hexagon ref count changed from 42 to 43
03-17 11:29:03.320  1071  1141 I Tracking: BoltSDK::Soc: [EVENT] executorch::HexagonRpcMemory: Hexagon ref count changed from 43 to 44
03-17 11:29:03.320  1071  1141 I Tracking: BoltSDK::Soc: [EVENT] executorch::HexagonRpcMemory: Hexagon ref count changed from 44 to 45
03-17 11:29:03.321  1071  1141 I Tracking: BoltSDK::Soc: [EVENT] BoundingBoxDetector: Hexagon ref count changed from 45 to 46
03-17 11:29:03.321  1071  1141 E Tracking: Executorch: program.cpp:261 !!DEPRECATED!! This branch is deprecated from ExecuTorch 0.7; re-export this PTE file to ensure support on newer runtimes.
03-17 11:29:03.321  1071  1141 I Tracking: BoltSDK::Soc: [EVENT] executorch::HexagonRpcMemory: Hexagon ref count changed from 46 to 47
03-17 11:29:03.321  1071  1141 I Tracking: Executorch: HexagonRpcBackend.cpp:145 Initializing model unnamed_et.
03-17 11:29:03.321  1071  1141 I Tracking: BoltSDK::Soc: [EVENT] HexagonRpcBackend: Hexagon ref count changed from 47 to 48
03-17 11:29:03.324  1676 13659 I SpaceWarp: positional_time_warp_app_blocklist: VirtualDesktop.Android
03-17 11:29:03.324  1676 13659 I TAAImpl : TAAImpl::Initialize.
03-17 11:29:03.324  1676 13659 I Blitter : Blitter::Initialize.
03-17 11:29:03.325  1071  1141 I Tracking: BoltSDK::Soc: [EVENT] executorch::HexagonRpcMemory: Hexagon ref count changed from 48 to 49
03-17 11:29:03.326  1071  1141 I Tracking: BoltSDK::Soc: [EVENT] executorch::HexagonRpcMemory: Hexagon ref count changed from 49 to 50
03-17 11:29:03.326  1071  1141 I Tracking: BoltSDK::Soc: [EVENT] OFIMotionDetector: Hexagon ref count changed from 50 to 51
03-17 11:29:03.330  1071  1141 I Tracking: KEYBOARD: ObjectTrackingEngine::onStart() done.
03-17 11:29:03.331  1071  1141 I TrackingService: [                          object] Power transition: SLEEP -> STANDBY transition time: 55 ms
03-17 11:29:03.331  1071  1141 I TrackingService: [                      controller] Power transition: SLEEP -> STANDBY transition time: 0 ms
