03-17 11:29:04.295 13395 13418 I RipcClient [RUNTIMEIPC]: InitServerStateBuffer: SUCCESS. 1, Client: com.UnityTechnologies.com.unity.template.urpblank:com.UnityTechnologies.com.unity.template.urpblank:13395, Server: com.oculus.systemdriver:com.oculus.vrruntimeservice:0 (ControllerIPCServer)
03-17 11:29:04.295 13395 13418 I RipcClient [RUNTIMEIPC]: InitServerStateBuffer: SUCCESS. 2, Client: com.UnityTechnologies.com.unity.template.urpblank:com.UnityTechnologies.com.unity.template.urpblank:13395, Server: com.oculus.systemdriver:com.oculus.vrruntimeservice:0 (ControllerIPCServer)
03-17 11:29:04.296 13395 13418 I RipcClient [RUNTIMEIPC]: InitServerStateBuffer: SUCCESS. 3, Client: com.UnityTechnologies.com.unity.template.urpblank:com.UnityTechnologies.com.unity.template.urpblank:13395, Server: com.oculus.systemdriver:com.oculus.vrruntimeservice:0 (ControllerIPCServer)
03-17 11:29:04.296 13395 13418 I OpenXR_ClientState: [OATS]: IP changed: /user/detached_controller_meta/right/interaction_profiles/meta/touch_controller_plus, 7
03-17 11:29:04.296 13395 13477 I InputDevice_TrackedRemote: Fetching controller poses from sensor API
03-17 11:29:04.296 13395 13477 I Distortion: Initializing Mesh Decenter Correction
03-17 11:29:04.297 13395 13477 I Distortion: Decenter tester version = 200
03-17 11:29:04.297 13395 13477 I Distortion: SetLensPositions - iad=0.0635, left offset=-0.00303566,8.77159e-05, right offset=0.00300801,2.41454e-05
03-17 11:29:04.298 13395 13477 I Distortion: Initializing Mesh Decenter Correction
03-17 11:29:04.299 13395 13477 I Distortion: Decenter tester version = 200
03-17 11:29:04.299  1071 13766 I Tracking: CONSTELLATION:VISION_STATUS: 0xd49e0f24fe7d5301 (R): [#Samples=1] 65685.230s | BlobDetection:[#BlobsDetected=(0.00, 0.00)]Matching:[MatchSuccess=0.000, MatchCost=(0.00000, 0.00000), #MatchedBlobs=(0.00, 0.00), #MatchedLeds=(0.00, 0.00), RematchM=0.000, SkipRefine=0.000] MatchMethod:[Prox=0.000, ConstBrute=0.000, AttiBrute=0.000, UnconstBrute=0.000] MatchResets[AnomBlobSize=0.000, SharedMatch=0.000, DenseReacq=0.000] | Fusion:[FusionError=0.000, ImuFromCamMs=(-65686229.800, 0.000), RematchF=0.000] FusionUpdates:[Successful=0.000, Reliable=0.000, TightFusion=0.000, FullPose=0.000, StaticPrior=0.000, StaticForHandTrans=0.000, PoseUpdateMD=(0.0000, 0.0000)] FusionResets[6DoFReset=0.000, ResetSuccess=0.000] FusionStatus[HasPosition=0.000, HasVelocity=0.000]  [Current time=65685.230s, last log time=0.000s]
03-17 11:29:04.299  1071 13766 W Tracking: CONSTELLATION: P+C Right: Cam ahead of IMU by 65686229.8 ms. Ignore this pose sample. Last IMU timestamp: -1.0000 seconds.
03-17 11:29:04.299 13395 13477 I Distortion: SetLensPositions - iad=0.0635, left offset=-0.00303566,8.77159e-05, right offset=0.00300801,2.41454e-05
03-17 11:29:04.299  1676 13659 I CompositorVR: Passthrough usage state changed: app 0, guardian 0, shell 1, system 0, mask 0, surface_proj 0
03-17 11:29:04.299 13395 13477 I Distortion: Initializing Mesh Decenter Correction
03-17 11:29:04.300 13395 13477 I Distortion: Decenter tester version = 200
03-17 11:29:04.300 13395 13477 I Distortion: SetLensPositions - iad=0.0635, left offset=-0.00303566,8.77159e-05, right offset=0.00300801,2.41454e-05
03-17 11:29:04.300 13395 13477 I Distortion: Initializing Mesh Decenter Correction
03-17 11:29:04.300  2324  2948 I [SEO] TravelController: ProcessImmersiveTransitionEvent: Start Transition for package: com.UnityTechnologies.com.unity.template.urpblank and launchId: , isPassthroughTransition: false, isResumeTransition: false TravelState: Inactive
03-17 11:29:04.300  2324  2948 I [SEO] TravelController: Changing Travel state from current state: Inactive to state: App Loading  currentWorldId: []
03-17 11:29:04.300  2324  2948 I [SEO] WorldManager: Requesting world change to World: 
03-17 11:29:04.300  2324  2948 I [SEO] WorldManager: Requesting world change to copresence world: worldId: , homeId: , envPackageName: , vistaPackageName: , isHost: 0
03-17 11:29:04.301 13395 13477 I Distortion: Decenter tester version = 200
03-17 11:29:04.301 13395 13477 I Distortion: SetLensPositions - iad=0.0635, left offset=-0.00303566,8.77159e-05, right offset=0.00300801,2.41454e-05
03-17 11:29:04.301  2324  2948 I [SEO] TransitionsController: StartImmersiveTransition: [com.UnityTechnologies.com.unity.template.urpblank], isPassthroughTransition: [false]
03-17 11:29:04.301  2324  2948 I Shell   : ImmersiveTransitionSystem: Emplacing start request for package com.UnityTechnologies.com.unity.template.urpblank (0x8)
03-17 11:29:04.301  2324  2948 I Shell   : ImmersiveTransitionSystem : immersive transition event: init=1773480629522.910156  sh=CTIA,ENTR,CTTO,BETR,CTIN,CTTI,ENTR,CTTO,CTIA,BETR,CTIN,CTTI,ENTR,CTTO,CTIA,BETR  sct=0f81cad8,0f81dd65,0f81dd69,0f9c80db,0f9c80eb,0f9c80fe,0f9c8122,0f9c812f,0f9c88f5,0fa09bfd,0fa09c14,0fa09c2a,0fa09c2d,0fa09c37,0fa0a3fb,0fa8b59a,
03-17 11:29:04.301 13395 13477 I Distortion: Initializing Mesh Decenter Correction
03-17 11:29:04.301 13395 13477 I Distortion: Decenter tester version = 200
03-17 11:29:04.301 13395 13477 I Distortion: SetLensPositions - iad=0.0635, left offset=-0.00303566,8.77159e-05, right offset=0.00300801,2.41454e-05
03-17 11:29:04.302 13395 13477 I Distortion: Initializing Mesh Decenter Correction
03-17 11:29:04.302 13395 13477 I Distortion: Decenter tester version = 200
03-17 11:29:04.302 13395 13477 I Distortion: SetLensPositions - iad=0.0635, left offset=-0.00303566,8.77159e-05, right offset=0.00300801,2.41454e-05
03-17 11:29:04.303 13395 13477 I Distortion: Initializing Mesh Decenter Correction
03-17 11:29:04.303 13395 13477 I Distortion: Decenter tester version = 200
03-17 11:29:04.303 13395 13477 I Distortion: SetLensPositions - iad=0.0635, left offset=-0.00303566,8.77159e-05, right offset=0.00300801,2.41454e-05
03-17 11:29:04.303 13395 13477 I Distortion: Initializing Mesh Decenter Correction
03-17 11:29:04.303   818 13652 I SyncBossInput: [info   ] [rubyprq (right) d49e0f24fe7d5301]: 67700929 [info   ] {INPM}: Input MCU put to sleep
03-17 11:29:04.304 13395 13477 I Distortion: Decenter tester version = 200
03-17 11:29:04.304 13395 13477 I Distortion: SetLensPositions - iad=0.0635, left offset=-0.00303566,8.77159e-05, right offset=0.00300801,2.41454e-05
03-17 11:29:04.304 13395 13477 I Distortion: Initializing Mesh Decenter Correction
03-17 11:29:04.304 13395 13477 I Distortion: Decenter tester version = 200
03-17 11:29:04.305 13395 13477 I Distortion: SetLensPositions - iad=0.0635, left offset=-0.00303566,8.77159e-05, right offset=0.00300801,2.41454e-05
03-17 11:29:04.305 13395 13477 I Distortion: Initializing Mesh Decenter Correction
03-17 11:29:04.305 13395 13477 I Distortion: Decenter tester version = 200
03-17 11:29:04.305 13395 13477 I Distortion: SetLensPositions - iad=0.0635, left offset=-0.00303566,8.77159e-05, right offset=0.00300801,2.41454e-05
03-17 11:29:04.306 13395 13477 I Distortion: Initializing Mesh Decenter Correction
03-17 11:29:04.306 13395 13477 I Distortion: Decenter tester version = 200
03-17 11:29:04.306 13395 13477 I Distortion: SetLensPositions - iad=0.0635, left offset=-0.00303566,8.77159e-05, right offset=0.00300801,2.41454e-05
03-17 11:29:04.307 13395 13477 I Distortion: Initializing Mesh Decenter Correction
03-17 11:29:04.307 13395 13477 I Distortion: Decenter tester version = 200
03-17 11:29:04.307 13395 13477 I Distortion: SetLensPositions - iad=0.0635, left offset=-0.00303566,8.77159e-05, right offset=0.00300801,2.41454e-05
03-17 11:29:04.307   818  1292 I FrameSetDispatcher: [{COL:FULPS}] 1 older Mux Mode settings are removed.
03-17 11:29:04.307   818 13634 I FrameSetDispatcher: [{COL:FULPS}] Client pid=1062 (MrSSCamS): Remove old Mux Mode 1: slot indices: SLOT_0 
03-17 11:29:04.307   818 13837 I FrameSetDispatcher: [{COL:FULPS}] Client pid=1071 (IOT): Remove old Mux Mode 1: slot indices: SLOT_0 
03-17 11:29:04.307  1071 13742 I TrackingService: [iot:ocal] Configuration update starting
03-17 11:29:04.307  1062 13631 I MRSS    : MIXEDREALITY: MrFrameSetConsumerBase: setCameraConfiguration: Camera 0 pixelformat 14 switching from 50->72Hz.
03-17 11:29:04.307  1062 13631 I MRSS    : MIXEDREALITY: MrFrameSetConsumerBase: FrameRateSync enabled for camera 0
03-17 11:29:04.307  1071 13742 I TrackingService: [iot:ocal] Configuration update done
03-17 11:29:04.307  1062 13631 I MRSS    : MIXEDREALITY: MrFrameSetConsumerBase: setCameraConfiguration: Camera 1 pixelformat 14 switching from 50->72Hz.
03-17 11:29:04.307  1071 13742 I TrackingService: [iot:ocal] Finish configuration update starting
03-17 11:29:04.307  1062 13631 I MRSS    : MIXEDREALITY: MrFrameSetConsumerBase: FrameRateSync enabled for camera 1
03-17 11:29:04.308  1062 13631 I MRSS    : MIXEDREALITY: MrFrameSetConsumerBase: finishConfigurationUpdate: frameType=3 sensor_config_gamma=0.4545454545454545 hardcoded_gamma(used_in_prod)=0.45454543828964233.
03-17 11:29:04.308  1062 13631 W MRSS    : MIXEDREALITY: CameraComputeCapability: WatchdogProbe: Frame Color arrived after 59ms, expected max delay 35ms. 
03-17 11:29:04.308  1071 13742 I Tracking: RateDownsampler: Overriding rate downsampler config: always ON, target FPS 0.7
03-17 11:29:04.308  1071 13742 I Tracking: RateDownsampler: Timed schedule NOT enabled.
03-17 11:29:04.308  1071 13742 I Tracking: RateDownsampler: Activate requested, enable cameras? -> yes.
03-17 11:29:04.308  1071 13742 I TrackingService: [iot:ocal] Finish configuration update done
03-17 11:29:04.308 13395 13418 D OVRPlugin: HandleOpenXREvents(): XrEventDataInteractionProfileChanged
03-17 11:29:04.308  1071 13656 D TrackingService: IOT not starting color stream while color stream is already active.
03-17 11:29:04.308  1071 13656 W TrackingService: trying to start depth stream when 3-way OCal is not enabled
03-17 11:29:04.311 13395 13418 I Unity   : Handle cmd APP_CMD_WINDOW_INSETS_CHANGED(17)
03-17 11:29:04.311 13395 13418 I Unity   : Handle cmd APP_CMD_WINDOW_INSETS_CHANGED(17)
03-17 11:29:04.311  2324  2948 I [SEO] FlowController: UpdateActiveFlow from NonModalFlow to TransitionsFlow
03-17 11:29:04.312  1415  3063 I ImeTracker: com.UnityTechnologies.com.unity.template.urpblank:d298f934: onRequestHide at ORIGIN_SERVER_HIDE_INPUT reason HIDE_SOFT_INPUT_FROM_IME
03-17 11:29:04.312  1415  3063 I ImeTracker: com.UnityTechnologies.com.unity.template.urpblank:d298f934: onCancelled at PHASE_SERVER_SHOULD_HIDE
03-17 11:29:04.312  2324  2948 I [SEO] NonModalFlow: Deactivated
03-17 11:29:04.312  2324  2948 I [SEO] TransitionsFlow: Activated - Starting Immersive Transition
03-17 11:29:04.313  2324  2948 I [SEO] PerformanceController: Sending Transitions State Signal: 1
03-17 11:29:04.313  4313  4465 I VrGuardianService: com.oculus.vrshell -> GuardianSDKServer::SetTravelAndTransitionsInfoNoWait: isAppTransitionActive true, isWorldTravelActive false, travelDestinationWorldId 
03-17 11:29:04.313  4313  4465 I GuardianInterstitialRequestsHandler: [GuardianInterstitialRequestsHandler::SetTravelAndTransitionsInfo] isAppTransitionActive: true, isWorldTravelActive: false, travelDestinationWorldId: 
03-17 11:29:04.313  2324  2948 D [UNSET] ShellApplication: Setting boost to true for foreground panel service com.oculus.vrshell/com.oculus.vrshell.ShellService
03-17 11:29:04.313  2324  2948 D [UNSET] ShellApplication: Setting boost to true for foreground panel service com.oculus.systemux/com.oculus.panelapp.anytimeui.AnytimeUIActivity
03-17 11:29:04.313  1676 13659 W PassthroughInCompositorRenderer: PTINC: Dropped 3 consecutive camera frames.
03-17 11:29:04.313  2324  2948 D [UNSET] ShellApplication: Setting boost to true for foreground panel service com.oculus.vrshell/com.oculus.panelapp.qam.QuickActionsMenuActivity
03-17 11:29:04.313  2324  2948 D [UNSET] ShellApplication: Setting boost to true for foreground panel service com.oculus.vrshell/com.oculus.panelapp.controlbar.ControlBarActivity
03-17 11:29:04.313  2324  2948 D [UNSET] ShellApplication: Setting boost to true for foreground panel service com.oculus.vrshell/com.oculus.panelapp.controlbar.UnifiedControlBarActivity
03-17 11:29:04.313  2324  2948 I Shell   : Frame: Setting world id to [] topActivity: [com.UnityTechnologies.com.unity.template.urpblank]
03-17 11:29:04.313  2324  2948 I [SEO] WorldManager: Processing world change OLD:  type 3 NEW:  type 3
03-17 11:29:04.313  2324  2948 I [SEO] WorldManager: SetMRHomeWorldPassthrough, enable: 0, reason world id is set as non mr home world
03-17 11:29:04.313  2324  2948 D [SEO] WorldManagerClient: Updating active world id to  with type 3
03-17 11:29:04.313  1415  4066 I WorldManagerService: Added World  to the recent worlds stack
03-17 11:29:04.313  1415  4066 I WorldManagerService: Setting active world with ID:  and tpye: 3
03-17 11:29:04.315  1415  3063 W ActivityManager: setIsForegroundPanelService: ComponentInfo{com.oculus.systemux/com.oculus.panelapp.anytimeui.AnytimeUIActivity} not found
03-17 11:29:04.315  2324  2948 V [SEO] FullPassthroughToastMediaManager: updateActiveWorld id:  isWorldActive:false
03-17 11:29:04.315  2324  2948 I OpenXR  : xrPerfSettingsSetPerformanceLevelEXT [package=com.oculus.vrshell, domain=cpu, level=boost]
03-17 11:29:04.315  2324  2948 I OpenXR  : xrPerfSettingsSetPerformanceLevelEXT [package=com.oculus.vrshell, domain=gpu, level=boost]
03-17 11:29:04.316  3663 17237 W AppManagerInternal: Entitlement for packageName=com.UnityTechnologies.com.unity.template.urpblank not found, channels=[Store, Q4B, PcStore]
03-17 11:29:04.316  2773  3324 W OVRLibrary: null cursor received for query content://com.oculus.ocms.library/apps/com.UnityTechnologies.com.unity.template.urpblank
03-17 11:29:04.317  2324  2324 D [UNSET] ShellApplication: New TopActivityChanged event: topActivity=com.UnityTechnologies.com.unity.template.urpblank, isHomeActive=false, isInVrui=false
03-17 11:29:04.318  1415  3063 W ActivityManager: setIsForegroundPanelService: ComponentInfo{com.oculus.vrshell/com.oculus.panelapp.qam.QuickActionsMenuActivity} not found
03-17 11:29:04.318  1415  3063 W ActivityManager: setIsForegroundPanelService: ComponentInfo{com.oculus.vrshell/com.oculus.panelapp.controlbar.ControlBarActivity} not found
03-17 11:29:04.318  1415  3063 W ActivityManager: setIsForegroundPanelService: ComponentInfo{com.oculus.vrshell/com.oculus.panelapp.controlbar.UnifiedControlBarActivity} not found
03-17 11:29:04.319  2324  2948 I Shell   : ImmersiveTransitionSystem: Process start request for com.UnityTechnologies.com.unity.template.urpblank
03-17 11:29:04.319  2324  2948 I Shell   : ImmersiveTransitionSystem : immersive transition event: init=1773480629522.910156  sh=ENTR,CTTO,BETR,CTIN,CTTI,ENTR,CTTO,CTIA,BETR,CTIN,CTTI,ENTR,CTTO,CTIA,BETR,CTIN  sct=0f81dd65,0f81dd69,0f9c80db,0f9c80eb,0f9c80fe,0f9c8122,0f9c812f,0f9c88f5,0fa09bfd,0fa09c14,0fa09c2a,0fa09c2d,0fa09c37,0fa0a3fb,0fa8b59a,0fa8b5ac,
03-17 11:29:04.319  2324  2948 I Shell   : ImmersiveTransitionSystem: Creating rendering with size 1024 x 1024
03-17 11:29:04.319  9797  9797 I RdpaWorldChangeBroadcastReceiver: doReceive intent: Intent { act=com.oculus.intent.action.WORLD_CHANGE flg=0x10 cmp=com.oculus.remotedesktop/.worldbroadcastreceiver.RdpaWorldChangeBroadcastReceiver (has extras) }
03-17 11:29:04.320  9797  9797 I RdpaWorldChangeBroadcastReceiver: worldType: 3 setPassthroughEnabled: false, MR_HOME: 1
03-17 11:29:04.320  9797  9797 I WorldUtil:  World changed and passthrough is now false
03-17 11:29:04.320  2324  2948 I Shell   : OpenXRSystem::createSwapchain: 174: texture, 1024x1024, 2 view(s),  1 mip(s), 3 buffer(s)
03-17 11:29:04.320  1676  4246 I VrRuntimeService: CreateSwapChain: 2711805918
03-17 11:29:04.320  1676  4246 I VrRuntimeService: CreateSwapChain: api:vk 2 0x2b 1024 1024 1 3 2 4 3
03-17 11:29:04.321  1071 13766 W Tracking: CONSTELLATION: P+C Right: Cam ahead of IMU by 65686249.8 ms. Ignore this pose sample. Last IMU timestamp: -1.0000 seconds.
03-17 11:29:04.323  1676  1832 I @@@     : surface: SUCCESS posting result to queue
03-17 11:29:04.323  1676  4246 I CompositorServer: CreateTextureSwapChain: result importswapchainfromdevice 1
03-17 11:29:04.324  7557  7557 I WorldChangeBroadcastReceiver: doReceive intent: Intent { act=com.oculus.intent.action.WORLD_CHANGE flg=0x10 cmp=com.oculus.mrds/.msft.background.WorldChangeBroadcastReceiver (has extras) }
03-17 11:29:04.324  7557  7557 I WorldChangeBroadcastReceiver: worldType: 3
03-17 11:29:04.326  1676  2112 I InterstitialManager: Attempting to stop interstitial, package: com.UnityTechnologies.com.unity.template.urpblank renderingEnabled: 1 submittedFrames: 3 submittedFramesInSession: 3
03-17 11:29:04.326  1676  2112 I InterstitialRenderer: Stop logger session [93c6cedd9f7e80a2b5aae3e55e74684a - 16]
03-17 11:29:04.326  1676  2112 I InterstitialRendererLoggerSession: ---------- InterstitialRenderer LoggerSession Begin ----------
03-17 11:29:04.326  1676  2112 I InterstitialRendererLoggerSession: ID: 93c6cedd9f7e80a2b5aae3e55e74684a
03-17 11:29:04.326  1676  2112 I InterstitialRendererLoggerSession: Frame Type: Immersive[16]
03-17 11:29:04.326  1676  2112 I InterstitialRendererLoggerSession: Event Type: stop
03-17 11:29:04.326  1676  2112 I InterstitialRendererLoggerSession: Status: Stopped [15]
03-17 11:29:04.326  1676  2112 I InterstitialRendererLoggerSession: [Start Time 107467498 , EndTime 107467535 lastResumeTime 107466686 lastSuspendTime 106969113 ==> (Perceived) Duration: 37 ms]
03-17 11:29:04.326  1676  2112 I InterstitialRendererLoggerSession: 	 [event_type: stop]
03-17 11:29:04.326  1676  2112 I InterstitialRendererLoggerSession: 	 [category: APP_START]
03-17 11:29:04.326  1676  2112 I InterstitialRendererLoggerSession: 	 [launch_id: ]
03-17 11:29:04.326  1676  2112 I InterstitialRendererLoggerSession: 	 [transition_type: 0]
03-17 11:29:04.326  1676  2112 I InterstitialRendererLoggerSession: 	 [last_resumed_time: 107466686]
03-17 11:29:04.326  1676  2112 I InterstitialRendererLoggerSession: 	 [immersive_app_end: com.UnityTechnologies.com.unity.template.urpblank]
03-17 11:29:04.326  1676  2112 I InterstitialRendererLoggerSession: 	 [last_suspend_time: 106969113]
03-17 11:29:04.326  1676  2112 I InterstitialRendererLoggerSession: 	 [description: Client submitting frames, stopping interstitials]
03-17 11:29:04.326  1676  2112 I InterstitialRendererLoggerSession: 	 [client_package_name: com.UnityTechnologies.com.unity.template.urpblank]
03-17 11:29:04.326  1676  2112 I InterstitialRendererLoggerSession: 	 [top_activity_end: com.UnityTechnologies.com.unity.template.urpblank]
03-17 11:29:04.326  1676  2112 I InterstitialRendererLoggerSession: 	 [frame_type: 16]
03-17 11:29:04.326  1676  2112 I InterstitialRendererLoggerSession: 
03-17 11:29:04.326  1676  2112 I InterstitialRendererLoggerSession: ---------- InterstitialRenderer LoggerSession End ----------
03-17 11:29:04.326  1676  2112 I InterstitialRendererLoggerSession: SessionId: 93c6cedd9f7e80a2b5aae3e55e74684a, Event: stop, FrameType: Immersive, Reason: Client submitting frames, stopping interstitials, Duration: 37, Category: APP_START
03-17 11:29:04.326  1676  2112 I InterstitialRendererLoggerSession: Destroying InterstitialRendererLoggerSession [b6359cc4f9277c1aecc5a6dd420aed12]
03-17 11:29:04.326  1676  2112 I InterstitialRenderer: Stopping logsoftTimer_
03-17 11:29:04.326  1676  2112 I InterstitialRenderer: Stopping broadcastTimer_
03-17 11:29:04.326  1676  2112 I InterstitialManager: Interstitial stopped
03-17 11:29:04.326  1676  2112 I ClientMgr: ClientMgr::FireTransitionStopEvent
03-17 11:29:04.326  8287  8287 W JIT_JITEducationService: Could not properly process intent, stopping service :
03-17 11:29:04.326  8287  8287 W JIT_JITEducationService: java.lang.IllegalArgumentException: Unknown or missing world type: 3
03-17 11:29:04.326  8287  8287 W JIT_JITEducationService: 	at X.0Zn.A04(Unknown Source:6)
03-17 11:29:04.326  8287  8287 W JIT_JITEducationService: 	at com.oculus.guidebook.JITEducationService.onStartCommand(Unknown Source:928)
03-17 11:29:04.326  8287  8287 W JIT_JITEducationService: 	at android.app.ActivityThread.handleServiceArgs(ActivityThread.java:4847)
03-17 11:29:04.326  8287  8287 W JIT_JITEducationService: 	at android.app.ActivityThread.-$$Nest$mhandleServiceArgs(Unknown Source:0)
03-17 11:29:04.326  8287  8287 W JIT_JITEducationService: 	at android.app.ActivityThread$H.handleMessage(ActivityThread.java:2315)
03-17 11:29:04.326  8287  8287 W JIT_JITEducationService: 	at android.os.Handler.dispatchMessage(Handler.java:106)
03-17 11:29:04.326  8287  8287 W JIT_JITEducationService: 	at android.os.Looper.loopOnce(Looper.java:218)
03-17 11:29:04.326  8287  8287 W JIT_JITEducationService: 	at android.os.Looper.loop(Looper.java:310)
03-17 11:29:04.326  8287  8287 W JIT_JITEducationService: 	at android.app.ActivityThread.main(ActivityThread.java:8264)
03-17 11:29:04.326  8287  8287 W JIT_JITEducationService: 	at java.lang.reflect.Method.invoke(Native Method)
03-17 11:29:04.326  8287  8287 W JIT_JITEducationService: 	at com.android.internal.os.RuntimeInit$MethodAndArgsCaller.run(RuntimeInit.java:552)
03-17 11:29:04.326  8287  8287 W JIT_JITEducationService: 	at com.android.internal.os.ZygoteInit.main(ZygoteInit.java:978)
03-17 11:29:04.327  2324  2948 I SwapChain_Vulkan_Memory_Export: Imported texture has requirements 3, ends up index 0
03-17 11:29:04.327  1676 13659 I [CT]    : MIXEDREALITY: [Insights] PassthroughTelemetry: rendering over 0.1 sec, session 0.7 sec, dropped_draw_rate: 0.0% (0 failed draw calls)
03-17 11:29:04.327  1676 13659 I [CT]    : MIXEDREALITY: [Insights] PassthroughTelemetry: - TTFR completed: --, predicted: -- (skipped mid session)
03-17 11:29:04.327  1676 13659 I [CT]    : MIXEDREALITY: [Insights] PassthroughTelemetry: - TTFR depth rendered: --, computed: -- (skipped mid session)
03-17 11:29:04.327  1676 13659 I [CT]    : MIXEDREALITY: [Insights] PassthroughTelemetry: - rates: rendering: 75.8/72.0, images: color 18.9, geometry: 37.9 fps
03-17 11:29:04.327  1676 13659 I [CT]    : MIXEDREALITY: [Insights] PassthroughTelemetry: - p2pLat: -,-,- p2geomLat: -,-,- ms, min,avg,max
03-17 11:29:04.327  1676 13659 I [CT]    : MIXEDREALITY: [Insights] PassthroughTelemetry: - system latency: c2a: 16.9,16.9,16.9 a2w: 0.0,0.0,0.0 w2r: 5.4,5.4,5.4 ms, min,avg,max
03-17 11:29:04.327  1676 13659 I [CT]    : MIXEDREALITY: [Insights] PassthroughTelemetry: - avg exp/gain  5.6/10.0
03-17 11:29:04.327  1676 13659 I [CT]    : MIXEDREALITY: [Insights] PassthroughTelemetry: - consecutive frame drops count: 1/0/0 (>1/>3/>7)
03-17 11:29:04.327  1676 13659 I [CT]    : MIXEDREALITY: [Insights] PassthroughTelemetry: - invalid gaze frames: 0
03-17 11:29:04.327  1676 13659 I [CT]    : MIXEDREALITY: [Insights] PassthroughTelemetry: - frames with gaze inside fovea / blended / periphery areas (left eye): 0 / 0 / 0
03-17 11:29:04.327  1676 13659 I [CT]    : MIXEDREALITY: [Insights] PassthroughTelemetry: - dominant AF tier id -1
03-17 11:29:04.327  1676 13659 I [CT]    : MIXEDREALITY: [Insights] PassthroughTelemetry: - gCapt2pLat: -,-,- gEvent2pLat: -,-,- ms, min,avg,max
03-17 11:29:04.327  1676 13659 I [CT]    : MIXEDREALITY: PassthroughRenderingTelemetry: sendPassthroughRenderingTelemetry: Logging telemetry.
03-17 11:29:04.327  2324  2948 I SwapChain_Vulkan_Memory_Export: Imported texture has requirements 3, ends up index 0
03-17 11:29:04.327  2324  2948 I SwapChain_Vulkan_Memory_Export: Imported texture has requirements 3, ends up index 0
03-17 11:29:04.327  2324  2948 I OpenXR_GPUMemTrace: Swapchain creation, id=794, idx=0, width: 1024, height: 1024, array size: 2, MemoryAllocationSize: 8229 KB
03-17 11:29:04.327  2324  2948 I OpenXR_GPUMemTrace: Swapchain creation, id=794, idx=1, width: 1024, height: 1024, array size: 2, MemoryAllocationSize: 8229 KB
03-17 11:29:04.327  2324  2948 I OpenXR_GPUMemTrace: Swapchain creation, id=794, idx=2, width: 1024, height: 1024, array size: 2, MemoryAllocationSize: 8229 KB
03-17 11:29:04.327  2324  2948 I Shell   : ImmersiveTransitionSystem::_recreateRenderingLayer: renderSurfaceSystem=0x7a8db83bc0  m_targetLayer=-1  newTargetLayer=56
03-17 11:29:04.329  2324  3973 I Shell   : [SoundBankManager] - Loading raw data from file: com.oculus.vrshell/assets/audio/shell_pathway_transition_light.ogg
03-17 11:29:04.331  2324  3972 I Shell   : [SoundBankManager] - Loading raw data from file: com.oculus.vrshell/assets/audio/shell_pathway_transition_dark.ogg
03-17 11:29:04.332  2324  2948 I Shell   : TransitionAudioManager: Playing 2 audio events
03-17 11:29:04.332  2324  3978 I Shell   : [SoundBankManager] - Loading raw data from file: com.oculus.vrshell/assets/audio/shell_transition_depth_wipe.opus
03-17 11:29:04.332  2324  3976 I Shell   : [SoundBankManager] - Loading raw data from file: com.oculus.vrshell/assets/audio/shell_transition_enter_pathway.opus
03-17 11:29:04.333  2324  2948 I Shell   : TransitionAudioManager: Added audio event shell_transition_enter_pathway
03-17 11:29:04.333  2324  2948 I Shell   : TransitionAudioManager: Added audio event shell_pathway_transition_dark
03-17 11:29:04.333  2324  2948 I Shell   : ImmersiveTransitionSystem: Changed state from Inactive to Initializing
03-17 11:29:04.333  2324  2948 I Shell   : [SoundBankManager] - Adding raw data:  to bank: Immersive Transition Sounds. Bank size: 3, Raw data size: 1
03-17 11:29:04.333  2324  2948 I Shell   : [SoundBankManager] - Adding raw data:  to bank: Immersive Transition Sounds. Bank size: 3, Raw data size: 2
03-17 11:29:04.333  2324  2948 I Shell   : [SoundBankManager] - Adding raw data:  to bank: Immersive Transition Sounds. Bank size: 3, Raw data size: 3
03-17 11:29:04.334  2324  2948 I [SEO] TravelController: ProcessImmersiveTransitionEvent: End Transition for package: com.UnityTechnologies.com.unity.template.urpblank and launchId: , isPassthroughTransition: false, isResumeTransition: false TravelState: App Loading
03-17 11:29:04.334  2324  2948 I Shell   : ImmersiveTransitionSystem: Emplacing end request for current transition
03-17 11:29:04.334  2324  2948 I Shell   : ImmersiveTransitionSystem : immersive transition event: init=1773480629522.910156  sh=CTTO,BETR,CTIN,CTTI,ENTR,CTTO,CTIA,BETR,CTIN,CTTI,ENTR,CTTO,CTIA,BETR,CTIN,ENTR  sct=0f81dd69,0f9c80db,0f9c80eb,0f9c80fe,0f9c8122,0f9c812f,0f9c88f5,0fa09bfd,0fa09c14,0fa09c2a,0fa09c2d,0fa09c37,0fa0a3fb,0fa8b59a,0fa8b5ac,0fa8b5bb,
03-17 11:29:04.336  2324  3973 I Shell   : [SoundBankManager] - Loading raw data from file: com.oculus.vrshell/assets/audio/shell_transition_fast_travel.opus
03-17 11:29:04.339 13395 13395 D gti.InputConnection: onApplyWindowInsetsfalse
03-17 11:29:04.339 13395 13395 V GameActivity: onImeInsetsChanged from Text Listener
03-17 11:29:04.340 13395 13395 D gti.InputConnection: onApplyWindowInsetsfalse
03-17 11:29:04.340 13395 13395 V GameActivity: onImeInsetsChanged from Text Listener
03-17 11:29:04.346  2324  2948 I Shell   :  (1192930)
03-17 11:29:04.346  2324  2948 I Shell   :    (1192931)
03-17 11:29:04.346  2324  2948 I Shell   :    (1192932)
03-17 11:29:04.346  2324  2948 I Shell   :    (1192933)
03-17 11:29:04.346  2324  2948 I Shell   :    (1192966)
03-17 11:29:04.346  2324  2948 I Shell   :    (1192934)
03-17 11:29:04.346  2324  2948 I Shell   :      (1192935)
03-17 11:29:04.346  2324  2948 I Shell   :        (1192936)
03-17 11:29:04.346  2324  2948 I Shell   :          (1192937)
03-17 11:29:04.346  2324  2948 I Shell   :          (1192938)
03-17 11:29:04.346  2324  2948 I Shell   :          (1192939)
03-17 11:29:04.346  2324  2948 I Shell   :          (1192940)
03-17 11:29:04.346  2324  2948 I Shell   :          (1192941)
03-17 11:29:04.346  2324  2948 I Shell   :          (1192942)
03-17 11:29:04.346  2324  2948 I Shell   :          (1192943)
03-17 11:29:04.346  2324  2948 I Shell   :          (1192944)
03-17 11:29:04.346  2324  2948 I Shell   :        (1192953)
03-17 11:29:04.346  2324  2948 I Shell   :          (1192954)
03-17 11:29:04.346  2324  2948 I Shell   :          (1192955)
03-17 11:29:04.346  2324  2948 I Shell   :          (1192956)
03-17 11:29:04.346  2324  2948 I Shell   :          (1192957)
03-17 11:29:04.346  2324  2948 I Shell   :          (1192958)
03-17 11:29:04.346  2324  2948 I Shell   :          (1192959)
03-17 11:29:04.346  2324  2948 I Shell   :          (1192960)
03-17 11:29:04.346  2324  2948 I Shell   :          (1192961)
03-17 11:29:04.346  2324  2948 I Shell   :        (1192945)
03-17 11:29:04.346  2324  2948 I Shell   :          (1192946)
03-17 11:29:04.346  2324  2948 I Shell   :          (1192947)
03-17 11:29:04.346  2324  2948 I Shell   :          (1192948)
03-17 11:29:04.346  2324  2948 I Shell   :          (1192949)
03-17 11:29:04.346  2324  2948 I Shell   :          (1192950)
03-17 11:29:04.346  2324  2948 I Shell   :          (1192951)
03-17 11:29:04.346  2324  2948 I Shell   :          (1192952)
03-17 11:29:04.346  2324  2948 I Shell   :    (1192962)
03-17 11:29:04.346  2324  2948 I Shell   :      (1192963)
03-17 11:29:04.346  2324  2948 I Shell   :      (1192964)
03-17 11:29:04.346  2324  2948 I Shell   :      (1192965)
03-17 11:29:04.346  2324  2948 I Shell   : ImmersiveTransitionSystem: Processing end request
03-17 11:29:04.346  2324  2948 I Shell   : ImmersiveTransitionSystem : immersive transition event: init=1773480629522.910156  sh=BETR,CTIN,CTTI,ENTR,CTTO,CTIA,BETR,CTIN,CTTI,ENTR,CTTO,CTIA,BETR,CTIN,ENTR,CTTO  sct=0f9c80db,0f9c80eb,0f9c80fe,0f9c8122,0f9c812f,0f9c88f5,0fa09bfd,0fa09c14,0fa09c2a,0fa09c2d,0fa09c37,0fa0a3fb,0fa8b59a,0fa8b5ac,0fa8b5bb,0fa8b5c7,
03-17 11:29:04.346  2324  2948 I Shell   : TransitionAudioManager: Playing 1 audio events
03-17 11:29:04.347   818 13652 I SyncBossInput: [info   ] [rubyprq (right) d49e0f24fe7d5301]: 67700929 [info   ] {THDG}: active_seek -> inactive_seek
03-17 11:29:04.348  4313  4501 I VrGuardianService: getSupportedVrFeatures for [com.UnityTechnologies.com.unity.template.urpblank] (non-system-package)
03-17 11:29:04.348 13395 13418 I Unity   : Handle cmd APP_CMD_WINDOW_INSETS_CHANGED(17)
03-17 11:29:04.348 13395 13418 I Unity   : Handle cmd APP_CMD_WINDOW_INSETS_CHANGED(17)
03-17 11:29:04.349  3663 17237 W AppManagerInternal: Entitlement for packageName=com.UnityTechnologies.com.unity.template.urpblank not found, channels=[Store, Q4B, PcStore]
03-17 11:29:04.349  3663 17237 I PublicLibraryProvider: Using new entitlement framework to get App data
03-17 11:29:04.349  3663 17237 W PublicLibraryProvider: Cannot find entitlement for com.UnityTechnologies.com.unity.template.urpblank
03-17 11:29:04.358  1415  4062 I TransitionsSignalController: Transitions state changed: true
03-17 11:29:04.358  1415  4062 I ResourceProtectionService: Processing transitions state change: true
03-17 11:29:04.358  1415  4062 I ResourceProtectionService: Clearing app flavor for VRShell
03-17 11:29:04.362  1071 13766 W Tracking: CONSTELLATION: P+C Right: Cam ahead of IMU by 65686289.8 ms. Ignore this pose sample. Last IMU timestamp: -1.0000 seconds.
03-17 11:29:04.378  1071 13766 W Tracking: CONSTELLATION: P+C Right: Cam ahead of IMU by 65686309.8 ms. Ignore this pose sample. Last IMU timestamp: -1.0000 seconds.
03-17 11:29:04.391   818  1292 E FrameSetCollator: [{COL:FULPS}] 5 FrameSets had unexpected timestamps (in the last 1044.37ms). Ex: slot 0 65685302.867ms -> 65685316.974ms (observed period: 14.107ms, expected period: 13.888ms (0.219ms))
03-17 11:29:04.401  1071 13742 W TrackingService: Clearing stuck Color frame set: timestamp 65685.302867, last release 65685.290800
03-17 11:29:04.401  1071 13766 W Tracking: CONSTELLATION: P+C Right: Cam ahead of IMU by 65686329.8 ms. Ignore this pose sample. Last IMU timestamp: -1.0000 seconds.
03-17 11:29:04.404  2324  2948 I Shell   : TransitionAudioManager: Added audio event shell_transition_depth_wipe
03-17 11:29:04.404  2324  2948 I Shell   : ImmersiveTransitionSystem: Changed state from Initializing to TransitionOut
03-17 11:29:04.404  2324  2948 I Shell   : [SoundBankManager] - Adding raw data:  to bank: Immersive Transition Sounds. Bank size: 3, Raw data size: 4
03-17 11:29:04.404  2324  2948 I Shell   : [SoundBankManager] - Adding raw data:  to bank: Immersive Transition Sounds. Bank size: 3, Raw data size: 5
03-17 11:29:04.406   818 13652 I SyncBossInput: [info   ] [rubyprq (right) d49e0f24fe7d5301]: 68108832 [info   ] {IRLD}: IR LED configured: p=80000, ot=19, d=29787
03-17 11:29:04.416  1676 13765 E [CT]    : CALIBRATION_RUNTIME: OnlineCalibrationSession: Calibration unsuccessful status code is 3.
03-17 11:29:04.427  1071 13730 W Tracking: CONSTELLATION_Right: [Throttled count=12] P+C Right: Could not retrieve 3dof fallback pose.
03-17 11:29:04.428  1071 13730 I Tracking: CONSTELLATION:IMU_STATUS: 0xd49e0f24fe7d5301 (R): [#Samples=1] 65685.365s | [FusionTracked=0.000, OutputTracked=0.000, OutputValid=0.000] [AccelSat=0.000, GyroSat=0.000] [AccelMinMeanMax: X=5.938|5.938|5.938, Y=5.133|5.133|5.133, Z=-5.717|-5.717|-5.717] [GyroMinMeanMax: X=-0.009|-0.009|-0.009, Y=-0.009|-0.009|-0.009, Z=-0.002|-0.002|-0.002] [AccelStuck: X=0|0.000, Y=0|0.000, Z=0|0.000] [GyroStuck: X=0|0.000, Y=0|0.000, Z=0|0.000]  [Current time=65685.365s, last log time=0.000s]
03-17 11:29:04.428  1071 13730 D TrackingService: d49e0f24fe7d5301: isControllerInHand(107467.64s): 1 ctEnabled: 1 btnPress: 1 *btnOrTpdTouch: 0 *btnOrTpdProx: 0 static(107467.64s): 1 thbstkOffCenter: 1 
03-17 11:29:04.428  1071 13730 D TrackingService: [HANDTRACKING] Controller d49e0f24fe7d5301 in hand: Y, valid: Y
03-17 11:29:04.428  2108 13658 D ControllerManagement: RemoteService::recordControllerStatusUpdate: device d49e0f24fe7d5301: status: CONNECTED_ACTIVE tracking: NONE, errors: --
03-17 11:29:04.428  2154 15098 I ControllerNotifications: Skipping input notifications for device 0 (state=ConnectedBatteryNormal) (mShuttingDown?: false, mNotificationsEnabled?: false, mHandTrackingEnabled?: false, mMultimodalityEnabled?: false)
03-17 11:29:04.431  2324  2948 I Shell   : HsrSoundSystem - Playing 'shell_transition_depth_wipe'
03-17 11:29:04.441  1071 13766 I Tracking: CONSTELLATION_Right: [Throttled count=16] P+C Right: Not reinitializing 6DoF filter yet (no valid pose from vision).
03-17 11:29:04.446  2324  2948 I OpenXR_ClientState: [OATS]: IP changed: /user/hand/right/interaction_profiles/meta/touch_controller_plus, 7
03-17 11:29:04.446  2324  2948 I OpenXR_ClientState: [OATS]: IP changed: unknown/interaction_profiles/meta/touch_controller_plus, -1
03-17 11:29:04.448  2324  2948 W [SEO] InputOpenXr: Interaction Profile retrieval failed: /user/eyes_ext
03-17 11:29:04.450   818 13652 I SyncBossInput: [info   ] [rubyprq (right) d49e0f24fe7d5301]: 68108890 [info   ] {THDG}: inactive_seek -> active_connected
03-17 11:29:04.451 13395 13418 I OpenXR_ClientState: [OATS]: IP changed: /user/hand/right/interaction_profiles/meta/touch_controller_plus, 7
03-17 11:29:04.451 13395 13418 I OpenXR_ClientState: [OATS]: IP changed: /user/detached_controller_meta/right/interaction_profiles/meta/touch_controller_plus, -1
03-17 11:29:04.451 13395 13418 D OVRPlugin: HandleOpenXREvents(): XrEventDataInteractionProfileChanged
03-17 11:29:04.462  1071 13766 W Tracking: CONSTELLATION: P+C Right: computeInitialStateAndUncertainty(): Old state is not valid anymore! Time: -1.000s. State valid: true, cov is finite: true
03-17 11:29:04.462  1071 13766 I Tracking: CONSTELLATION: P+C Right: computeInitialStateAndUncertainty(): Not using any previous IMU ocal.
03-17 11:29:04.462  1071 13766 I Tracking: CONSTELLATION: P+C Right: Successfully reinitialized 6DoF filter. Keep ocal state and covariance = N. Keep velocity state and covariance = N, Allow keeping last good IMU ocal state and covariance = N, Covariance of meas: 2.20812e-05  8.5614e-06 1.08333e-05 0.000754534 0.000860772  0.00211549 Distance from last integrated state: 0, Time since last reliable vision update (nan if last integrated state not available): nan, 
03-17 11:29:04.463  2108 13658 D ControllerManagement: RemoteService::recordControllerStatusUpdate: device d49e0f24fe7d5301: status: CONNECTED_ACTIVE tracking: ORIENTATION, errors: --
03-17 11:29:04.463  2154 15098 I ControllerNotifications: Skipping input notifications for device 0 (state=ConnectedBatteryNormal) (mShuttingDown?: false, mNotificationsEnabled?: false, mHandTrackingEnabled?: false, mMultimodalityEnabled?: false)
03-17 11:29:04.465  2324  2948 I [SEO] ShellInputConfigurationDataProvider: InteractionMode changed, mode: HybridChiral activation method: Controller Presence displayTimeActivated 107467.724399
03-17 11:29:04.469   817 13626 I VD628x  : Flicker results: freq 147.408768, max 147.408768, dcr 45.738178, pct 0.002136, idx 0.001219, conf 0.025965, snr -15.685655, svm 0.007288, sus 0
03-17 11:29:04.471  4313  4501 I GuardianCollisionTracker: Guardian Controller Collision: Magnitude: 27.717, Duration: -1.000 sec, TimeStamp: 106956.687500 sec
03-17 11:29:04.471  4313  4501 I VrGuardianService: getSupportedVrFeatures for [com.UnityTechnologies.com.unity.template.urpblank] (non-system-package)
03-17 11:29:04.471  3663 17237 W AppManagerInternal: Entitlement for packageName=com.UnityTechnologies.com.unity.template.urpblank not found, channels=[Store, Q4B, PcStore]
03-17 11:29:04.471  3663 17237 I PublicLibraryProvider: Using new entitlement framework to get App data
03-17 11:29:04.471  3663 17237 W PublicLibraryProvider: Cannot find entitlement for com.UnityTechnologies.com.unity.template.urpblank
03-17 11:29:04.473  1062  1220 I MRSS    : MIXEDREALITY: EnvironmentDepthMetacapability: processTelemetry client com.oculus.vrshell state true aggregated 0
03-17 11:29:04.493  1676  2112 I GraphicsGovernor: Dynamic Foveation Lvl 0, Min Foveation Lvl -1, DynRes Enabled 0, DynRes Scaler 1.000000
03-17 11:29:04.495  2108 13658 D ControllerManagement: RemoteService::recordControllerStatusUpdate: device d49e0f24fe7d5301: status: CONNECTED_ACTIVE tracking: POSITION, errors: --
03-17 11:29:04.496  2154 15098 I ControllerNotifications: Skipping input notifications for device 0 (state=ConnectedBatteryNormal) (mShuttingDown?: false, mNotificationsEnabled?: false, mHandTrackingEnabled?: false, mMultimodalityEnabled?: false)
03-17 11:29:04.503   818 13652 I SyncBossInput: [info   ] [rubyprq (right) d49e0f24fe7d5301]: 68109062 [info   ] {INPM}:       0 [info   ] {MAIN}: v85.35.175
03-17 11:29:04.527  1071  1426 I Tracking: GeoInfoServiceManager: Trying to start location service
03-17 11:29:04.562   818 13652 I SyncBossInput: [info   ] [rubyprq (right) d49e0f24fe7d5301]: 68109064 [info   ] {INPM}:       0 [info   ] {MAIN}: Reset reason: RESET_PIN 
03-17 11:29:04.594  4313  4501 I VrGuardianService: getSupportedVrFeatures for [com.UnityTechnologies.com.unity.template.urpblank] (non-system-package)
03-17 11:29:04.594  3663 17237 W AppManagerInternal: Entitlement for packageName=com.UnityTechnologies.com.unity.template.urpblank not found, channels=[Store, Q4B, PcStore]
03-17 11:29:04.594  3663 17237 I PublicLibraryProvider: Using new entitlement framework to get App data
03-17 11:29:04.594  3663 17237 W PublicLibraryProvider: Cannot find entitlement for com.UnityTechnologies.com.unity.template.urpblank
03-17 11:29:04.618   818 13652 I SyncBossInput: [info   ] [rubyprq (right) d49e0f24fe7d5301]: 68109065 [info   ] {INPM}:     112 [info   ] {BOD }: LVD1 set to Vdet1_F
03-17 11:29:04.715  4313  4501 I VrGuardianService: getSupportedVrFeatures for [com.UnityTechnologies.com.unity.template.urpblank] (non-system-package)
03-17 11:29:04.716  3663 17237 W AppManagerInternal: Entitlement for packageName=com.UnityTechnologies.com.unity.template.urpblank not found, channels=[Store, Q4B, PcStore]
03-17 11:29:04.716  3663 17237 I PublicLibraryProvider: Using new entitlement framework to get App data
03-17 11:29:04.716  3663 17237 W PublicLibraryProvider: Cannot find entitlement for com.UnityTechnologies.com.unity.template.urpblank
03-17 11:29:04.739  1071  1424 I Tracking: VEGA_MAP_BUILDER: Created keyrig
03-17 11:29:04.740  1071  1424 I Tracking: AnchorCache: Inserted world origin anchor 1775fcb4-22d1-7e44-cf6f-891a72581f58 for root bfd3ec92-2b9b-ae0a-8f3a-be8630b79dbb
03-17 11:29:04.741  3351 13708 I [CT]    : SP:AP:AnchorPersistenceConfig: PreferencesManager: has_seen_spatial_data_sharing_notice_v2: false
03-17 11:29:04.742  3351 13708 I [CT]    : SP:AP:AnchorPersistenceConfig: PreferencesManager: anchor_persistence_cloud_anchor_service_enabled: false
03-17 11:29:04.742  3351 13708 I [CT]    : SP:AP:AnchorPersistenceConfig: getCloudPermissionEnabledVps: userPreference(anchor_persistence_cloud_anchor_service_enabled_vps)=false, cloudPermissionOverride: -1
03-17 11:29:04.742  3351 13708 E [CT]    : SP:VpsModule:RequestHandler: Cloud permission is not enabled. event uuid: 9b940238-221b-1b13-9856-0d67b3dbaf05
03-17 11:29:04.742  3351  6902 E [CT]    : SP:VpsModule:TelemertyReporter: VPS request failed with vps error code: -11002 event uuid: 9b940238-221b-1b13-9856-0d67b3dbaf05
03-17 11:29:04.815  4313  4313 I VrGuardianService.WorldChangeBroadcastReceiver: onReceive com.oculus.intent.action.WORLD_CHANGE
03-17 11:29:04.815  4313  4313 I VrGuardianService: JNICALL: nativeForwardActiveWorld worldId = , worldType = 3
03-17 11:29:04.815  4313  4313 I GuardianLifecycleMgr: [GuardianLifecycleMgr::OnActiveWorldChange] worldId: , worldType: 3
03-17 11:29:04.815  4313  4313 I VrGuardianService.WorldChangeBroadcastReceiver: WorldChangeBroadcastReceiver. Received worldId:  type: 3
03-17 11:29:04.829  2324  2948 I Shell   : ImmersiveTransitionSystem: getTravelPortalPillMesh: pathwaysAssetInfo not found
03-17 11:29:04.829  2324  2948 I Shell   : ImmersiveTransitionSystem: _clearHSRDestinationPreviewAssets: travelPortalMesh not found, or it has no renderableProxy
03-17 11:29:04.838  4313  4501 I VrGuardianService: getSupportedVrFeatures for [com.UnityTechnologies.com.unity.template.urpblank] (non-system-package)
03-17 11:29:04.838  3663 17237 W AppManagerInternal: Entitlement for packageName=com.UnityTechnologies.com.unity.template.urpblank not found, channels=[Store, Q4B, PcStore]
03-17 11:29:04.838  3663 17237 I PublicLibraryProvider: Using new entitlement framework to get App data
03-17 11:29:04.838  3663 17237 W PublicLibraryProvider: Cannot find entitlement for com.UnityTechnologies.com.unity.template.urpblank
03-17 11:29:04.895  1071 13741 I Tracking: VioSubmapHelpers: Initializing Submap id = 0, version = 762738179 relative to Odometry.
03-17 11:29:04.900  1074  4923 E VrDeviceManagerService: Permission denied: process 2324 (uid 10020) doesn't have the required permission: com.oculus.permission.SET_THREAD_POLICY
03-17 11:29:04.903   800  5090 I QC2Comp : [hevcD_27] Stats: Pending(4) i/p-done(0) Works: Q: 1645/Done 1642|Work-Rate: Q(0.0/s Avg=0.0/s) Done(0.000/s Avg=0.015/s)| Stream: 30.00fps 12.6Kbps
03-17 11:29:04.903   800  5090 I QC2Comp : [hevcD_27] Mem-usage:  [In-1D: 5 bufs 18.691 MB] [1D-17: 17 bufs 0.266 MB] [2D-18: 25 bufs 11.133 MB] | Total: 30.090 MB
03-17 11:29:04.904  1071 13741 I Tracking: VEGA:HM:MAP_TRACKING: Submap Submap id = 0, version = 762738179 valid, start tracking.
03-17 11:29:04.904  1071 13741 I Tracking: VEGA:HM:PERCEPTUAL: [65685.809 [sec]] Good tracking while exposing 3DoF, waiting 0.45 more seconds.
03-17 11:29:04.904  1071 13741 I Tracking: PERCEPTION:SMOOTH_WORLD: ts = 65685.8098. Reset smooth world. Reason: TransformSmoother NotShowing6DoF 
03-17 11:29:04.906  1062 13774 I RipcClient [RUNTIMEIPC]: InitServerStateBuffer: SUCCESS. 0, Client: native_process.system:/system_ext/bin/mrsystemservice:1062, Server: native_process.system:/system_ext/bin/trackingservice:0 (MapperOperationsServer)
03-17 11:29:04.933  1062  1216 I MRSS    : MIXEDREALITY: MrFeatureTelemetry: Processing 50 map points for slam-based metrics for timestamp 107468.07838.
03-17 11:29:04.936  1062  1216 I MRSS    : MIXEDREALITY: MrFeatureTelemetry: Passthrough Slam-based mesh metrics for telemetry completed. 107468.07838
03-17 11:29:04.939  3663 17237 W TrustedCallerVerifier: Could not verify trusted caller for uidPackageNames=[com.oculus.systemux] and uidSignature=android.content.pm.Signature@89661ab1
03-17 11:29:04.941  4730 11559 W OVRLibrary: null cursor received for query content://com.oculus.ocms.library/apps/com.oculus.systemux
03-17 11:29:04.959  4313  4501 I RipcClient [RUNTIMEIPC]: InitServerStateBuffer: SUCCESS. 0, Client: com.oculus.guardian:com.oculus.vrguardianservice:4313, Server: native_process.system:/system_ext/bin/trackingservice:1071 (MapperOperationsServer)
03-17 11:29:04.960  4313  4501 I GuardianMapMgr: [GuardianMapMgr::UpdateHasWorldOriginUuidChanged] World origin uuid has changed. Updating cached world origin uuid from e2fe27b7-d1d9-cea9-5ecf-e549e2a2971b to 1775fcb4-22d1-7e44-cf6f-891a72581f58
03-17 11:29:04.960  4313  4501 I VrGuardianService: getSupportedVrFeatures for [com.UnityTechnologies.com.unity.template.urpblank] (non-system-package)
03-17 11:29:04.961  3663 17237 W AppManagerInternal: Entitlement for packageName=com.UnityTechnologies.com.unity.template.urpblank not found, channels=[Store, Q4B, PcStore]
03-17 11:29:04.961  3663 17237 I PublicLibraryProvider: Using new entitlement framework to get App data
03-17 11:29:04.961  3663 17237 W PublicLibraryProvider: Cannot find entitlement for com.UnityTechnologies.com.unity.template.urpblank
03-17 11:29:04.983  1071 13741 I Tracking: VEGA:HM:PERCEPTUAL: [65685.889 [sec]] Good tracking while exposing 3DoF, waiting 0.37 more seconds.
03-17 11:29:04.983  1071 13741 I Tracking: PERCEPTION:SMOOTH_WORLD: ts = 65685.8898. Reset smooth world. Reason: NotShowing6DoF HaveNotSetInitialSmoothWorld 
03-17 11:29:04.983  1071  1424 I Tracking: AnchorManagerHelpers: [EVENT] Gained map tracking. placeAnchor() will now work.
03-17 11:29:05.020 13395 13826 I ClientSharedTelemetryStats: App memory usage: PSS=217 MiB, PrivateDirty=89 MiB, PrivateClean=0 MiB, GPU=96.5/96.5 MiB (100% allocated)
03-17 11:29:05.020 13395 13826 I VrApi   : FPS=1/72,Prd=0ms,Tear=3,Early=8,Stale=52,Stale2/5/10/max=0/0/1/52,VSnc=1,Lat=-1,Fov=0,CPU4/GPU=3/2,2361/421MHz,OC=3F,TA=0/38/38,SP=N/N/N,Mem=3196MHz,Free=3953MB,PLS=0,Temp=27.0C/0.0C,TW=3.55ms,App=0.00ms,GD=0.00ms,CPU&GPU=0.00ms,LCnt=4(DR0,LM0),GPU%=0.11,CPU%=0.21(W0.23),CFL=13.62/23.56,ICFLp95=23.82,LD=0,SF=0.00,LP=0,DVFS=0
03-17 11:29:05.020 13395 13826 I [CT]    : Telemetry: EventsLimiter: New event limiter created for event: 'oculus_microgesture_suggested_binding_usage' with limits of 300 events every 60 second(s).
03-17 11:29:05.020 13395 13826 I [CT]    : Telemetry: EventsLimiter: New event limiter created for event: 'oculus_mobile_features_used' with limits of 300 events every 60 second(s).
03-17 11:29:05.020 13395 13826 I [CT]    : Telemetry: EventsLimiter: New event limiter created for event: '7' with limits of 300 events every 60 second(s).
03-17 11:29:05.020 13395 13826 I [CT]    : Telemetry: EventsLimiter: New event limiter created for event: '-1' with limits of 300 events every 60 second(s).
03-17 11:29:05.021  1045  1585 D TelemetryService: PathwayGuard: from OSSDK/NDK is not allowed to send oculus_microgesture_suggested_binding_usage; dropping; Please use the Statsd approach https://www.internalfb.com/intern/wiki/HzOS_Systems/HzOS_Systems_Performance_and_Reliability/VROS_System_Insights/VROS_Telemetry/XFN/Statsd/
03-17 11:29:05.021  2324 13776 I ClientSharedTelemetryStats: App memory usage: PSS=115 MiB, PrivateDirty=58 MiB, PrivateClean=0 MiB, GPU=49.1/49.1 MiB (100% allocated)
03-17 11:29:05.021  2324 13776 I VrApi   : FPS=73/72,Prd=39ms,Tear=3,Early=28,Stale=26,Stale2/5/10/max=1/1/1/17,VSnc=1,Lat=-1,Fov=0,CPU4/GPU=3/2,2361/421MHz,OC=3F,TA=0/0/0,SP=N/N/N,Mem=3196MHz,Free=3953MB,PLS=0,Temp=27.0C/0.0C,TW=3.55ms,App=2.09ms,GD=0.00ms,CPU&GPU=17.47ms,LCnt=4(DR0,LM0),GPU%=0.11,CPU%=0.21(W0.23),CFL=13.62/23.56,ICFLp95=23.82,LD=0,SF=0.60,LP=0,DVFS=0
03-17 11:29:05.021  1045  1585 D TelemetryService: Reported oculus_telemetry_blocked_ossdk_events breach event
03-17 11:29:05.021  1045  1585 D TelemetryService: PathwayGuard: from OSSDK/NDK is not allowed to send oculus_microgesture_suggested_binding_usage; dropping; Please use the Statsd approach https://www.internalfb.com/intern/wiki/HzOS_Systems/HzOS_Systems_Performance_and_Reliability/VROS_System_Insights/VROS_Telemetry/XFN/Statsd/
03-17 11:29:05.022  1045  1585 D TelemetryService: Reported oculus_telemetry_blocked_ossdk_events breach event
03-17 11:29:05.022  1045  1585 D TelemetryService: PathwayGuard: from OSSDK/NDK is not allowed to send oculus_microgesture_suggested_binding_usage; dropping; Please use the Statsd approach https://www.internalfb.com/intern/wiki/HzOS_Systems/HzOS_Systems_Performance_and_Reliability/VROS_System_Insights/VROS_Telemetry/XFN/Statsd/
03-17 11:29:05.022  1045  1585 D TelemetryService: Reported oculus_telemetry_blocked_ossdk_events breach event
03-17 11:29:05.022  1045  1585 D TelemetryService: PathwayGuard: from OSSDK/NDK is not allowed to send oculus_microgesture_suggested_binding_usage; dropping; Please use the Statsd approach https://www.internalfb.com/intern/wiki/HzOS_Systems/HzOS_Systems_Performance_and_Reliability/VROS_System_Insights/VROS_Telemetry/XFN/Statsd/
03-17 11:29:05.022  1045  1585 D TelemetryService: Reported oculus_telemetry_blocked_ossdk_events breach event
03-17 11:29:05.022  1045  1585 D TelemetryService: PathwayGuard: from OSSDK/NDK is not allowed to send oculus_microgesture_suggested_binding_usage; dropping; Please use the Statsd approach https://www.internalfb.com/intern/wiki/HzOS_Systems/HzOS_Systems_Performance_and_Reliability/VROS_System_Insights/VROS_Telemetry/XFN/Statsd/
03-17 11:29:05.022  1045  1585 D TelemetryService: Reported oculus_telemetry_blocked_ossdk_events breach event
