03-17 11:29:03.471  1071 13773 W REFLECT [RUNTIMEIPC]: Disabling all permissions (ONLY USE IN TESTS): 2648802671:native_process.system//system_ext/bin/mrsystemservice (1000:1062), mask: 11111111111111111111111111111111
03-17 11:29:03.471  1062  1670 I RipcClient [RUNTIMEIPC]: EnsureServerConnection: SUCCESS. Client: native_process.system:/system_ext/bin/mrsystemservice:1062, Server: native_process.system:/system_ext/bin/trackingservice:0 (MapperOperationsServer)
03-17 11:29:03.471  1062  1670 I RipcClient [RUNTIMEIPC]: [RIPC_CONNECT_LOG] ConnectToServer: SUCCESS: Client: native_process.system:/system_ext/bin/mrsystemservice:1062, Server: native_process.system:/system_ext/bin/trackingservice:0 (MapperOperationsServer)
03-17 11:29:03.472  1676 13659 W Distortion: GetDefaultHmdInfo: Unknown default headset type. Configuring default Quest 1 distortion
03-17 11:29:03.472  1676 13659 I Distortion: SetLensPositions - iad=0.0635, left offset=-0.002986,-0.00272, right offset=0.002986,-0.00272
03-17 11:29:03.472  1062  1670 I MRSS    : MIXEDREALITY: MrFeatureTelemetry: OnStart(): Initialized MrFeatureTelemetryComputeCapability
03-17 11:29:03.472  1062  1670 I MRSS    : MIXEDREALITY: MrSystemServiceIPCServer: Got notification for MrFeatureTelemetry, fidelity level: NONE, command: 1
03-17 11:29:03.472  1062  1670 I MRSS    : MIXEDREALITY: MrSystemServiceIPCServer: Got notification for MrFeatureTelemetry, fidelity level: 1, command: NONE
03-17 11:29:03.472  1062  1670 I MRSS    : MIXEDREALITY: CapabilityController: Change fidelity MetaAssistedSceneCapture to 1.
03-17 11:29:03.472  1062  1670 I MRSS    : MIXEDREALITY: MrSystemServiceIPCServer: Got notification for MetaAssistedSceneCapture, fidelity level: 1, command: NONE
03-17 11:29:03.472  1062  1670 I MRSS    : MIXEDREALITY: CapabilityController: Change fidelity MetaForegroundFreespaceScan to 1.
03-17 11:29:03.472  1062  1670 I MRSS    : MIXEDREALITY: PlaneFreeSpace: PlaneFreespaceComputeCapability: PlaneFreespaceComputeCapability::changeFidelityLevel: new fps = 15
03-17 11:29:03.472  1062  1670 I MRSS    : MIXEDREALITY: PlaneFreeSpace: FrameRateControl: FrameRateControl: Target frame rate changed to 15 Hz
03-17 11:29:03.472  1062  1670 I MRSS    : MIXEDREALITY: MrSystemServiceIPCServer: Got notification for MetaForegroundFreespaceScan, fidelity level: 1, command: NONE
03-17 11:29:03.472  1062  1670 I MRSS    : MIXEDREALITY: CapabilityController: Change fidelity MetaBackgroundFreespaceScan to 1.
03-17 11:29:03.472  1062  1670 I MRSS    : MIXEDREALITY: PlaneFreeSpace: PlaneFreespaceComputeCapability: PlaneFreespaceComputeCapability::changeFidelityLevel: new fps = 15
03-17 11:29:03.472  1062  1670 I MRSS    : MIXEDREALITY: PlaneFreeSpace: FrameRateControl: FrameRateControl: Target frame rate changed to 15 Hz
03-17 11:29:03.472  1062  1670 I MRSS    : MIXEDREALITY: MrSystemServiceIPCServer: Got notification for MetaBackgroundFreespaceScan, fidelity level: 1, command: NONE
03-17 11:29:03.472  1062  1670 I MRSS    : MIXEDREALITY: CapabilityController: Change fidelity MetaEnvironmentDepth to 1.
03-17 11:29:03.472  1062  1670 I MRSS    : MIXEDREALITY: EnvironmentDepthMetacapability: Starting
03-17 11:29:03.472  1062  1670 I MRSS    : MIXEDREALITY: TickProducer: Scheduling tick: _1second
03-17 11:29:03.472  1062  1670 I MRSS    : MIXEDREALITY: MrSystemServiceIPCServer: Got notification for MetaEnvironmentDepth, fidelity level: NONE, command: 1
03-17 11:29:03.473  1062  1670 I MRSS    : MIXEDREALITY: CapabilityController: Change fidelity VisionInterfaceTelemetry to 1.
03-17 11:29:03.473  1062  1670 I MRSS    : TELEMETRY_COLLECTOR: Starting periodic telemetry polling...
03-17 11:29:03.473  1062  1670 I MRSS    : MIXEDREALITY: TickProducer: Scheduling tick: _1minute
03-17 11:29:03.473  1062  1670 I MRSS    : MIXEDREALITY: MrSystemServiceIPCServer: Got notification for VisionInterfaceTelemetry, fidelity level: NONE, command: 1
03-17 11:29:03.473  1062  1670 I MRSS    : MIXEDREALITY: MrSystemServiceIPCServer: Got notification for VisionInterfaceTelemetry, fidelity level: 1, command: NONE
03-17 11:29:03.473  1062  1670 I MRSS    : MIXEDREALITY: MrServiceModelBase: changeScreenStatus: true
03-17 11:29:03.473  1676 13659 I DistortionMesh: LoadDistortionMeshFromMemory
03-17 11:29:03.473  1062  1220 I MRSS    : MIXEDREALITY: MrServiceTelemtry: Found a stat too old, resetting it.
03-17 11:29:03.473  1062  1220 I MRSS    : MIXEDREALITY: EnvironmentDepthMetacapability: processTelemetry client com.oculus.vrshell state true aggregated 0
03-17 11:29:03.473  1062  1216 I MRSS    : TELEMETRY_COLLECTOR: [EVENT] Collected periodic telemetry from 1 aggregators.
03-17 11:29:03.474  1676 13659 I DistortionMesh: Eye 0, Plane Dir 0, Section 0
03-17 11:29:03.474  1676 13659 I DistortionMesh:     Tile 0 :  Planes at (0.587785, 0.000000, -0.809017) + (-0.766044, 0.000000, -0.642788)
03-17 11:29:03.474  1676 13659 I DistortionMesh:         => Culling Plane Normals are (0.587785, 0.000000, -0.809017) + (-0.766044, 0.000000, -0.642788)
03-17 11:29:03.474  1676 13659 I DistortionMesh: Eye 0, Plane Dir 1, Section 0
03-17 11:29:03.474  1676 13659 I DistortionMesh:     Tile 0 :  Planes at (-0.000000, -0.719340, -0.694658) + (0.000000, 0.573576, -0.819152)
03-17 11:29:03.474  1676 13659 I DistortionMesh:         => Culling Plane Normals are (-0.000000, -0.719340, -0.694658) + (0.000000, 0.573576, -0.819152)
03-17 11:29:03.474  1676 13659 I DistortionMesh: Eye 1, Plane Dir 0, Section 0
03-17 11:29:03.474  1676 13659 I DistortionMesh:     Tile 0 :  Planes at (0.766044, 0.000000, -0.642788) + (-0.587785, 0.000000, -0.809017)
03-17 11:29:03.474  1676 13659 I DistortionMesh:         => Culling Plane Normals are (0.766044, 0.000000, -0.642788) + (-0.587785, 0.000000, -0.809017)
03-17 11:29:03.474  1676 13659 I DistortionMesh: Eye 1, Plane Dir 1, Section 0
03-17 11:29:03.474  1676 13659 I DistortionMesh:     Tile 0 :  Planes at (-0.000000, -0.719340, -0.694658) + (0.000000, 0.573577, -0.819152)
03-17 11:29:03.474  1676 13659 I DistortionMesh:         => Culling Plane Normals are (-0.000000, -0.719340, -0.694658) + (0.000000, 0.573577, -0.819152)
03-17 11:29:03.474  1676 13659 I CompositorVR: WarpThreadInit: initializing explicit geometry...
03-17 11:29:03.475  1676 13659 I CompositorVR: WarpThreadInit: initializing gaze control...
03-17 11:29:03.475  1676 13659 I CompositorProgs: Start of BuildBaseShaders()
03-17 11:29:03.475  1676 13659 I CompositorProgs: End of BuildBaseShaders(): took 0.034 ms.
03-17 11:29:03.475  1676 13659 I CompositorVR: WarpThreadInit: setting warp thread to SCHED_FIFO.
03-17 11:29:03.475  1676 13659 I CompositorVR: WarpThreadInit: setting affinity
03-17 11:29:03.475  1676 13659 I LogTimer: CPUTIME: TimeWarp_WarpThreadInit took 428.4344 ms
03-17 11:29:03.475  1676 13659 I CompositorVR: WarpThreadInit: WarpThreadInitialized.notify_one()
03-17 11:29:03.475  1676 13659 I CompositorVR: WarpThreadInit(): WarpThreadInitDuration=0.4289s
03-17 11:29:03.475  1676 13659 I CompositorVR: Waited 0.000 seconds for first call to warp swap.
03-17 11:29:03.475  1676  1676 I CompositorVR: -------------- CompositorVR() End --------------
03-17 11:29:03.475  1676  1676 I LogTimer: CPUTIME: Compositor_Init took 500.0555 ms
03-17 11:29:03.475  1676  1676 I ClientMgr: ClientMgr::CompositorLifeCycleListenerImpl::onCompositorResume
03-17 11:29:03.475  1676  1676 I CompositorVR: SetClientMgrTid: tid = 2112
03-17 11:29:03.475  1676  1676 I JVMHandler: JVMHandler: callStaticMethodWithVariableArguments. [functionName:isCameraDisabledByDevicePolicy] is valid: [1]
03-17 11:29:03.476  1676 13659 I CompositorUtil: Adjusting 42.89 > 35 to 43
03-17 11:29:03.476  1074 19168 E libosutils: setPriorityReturnErr: Failed to set Normal priority for thread 13391, priority: 100, err: -1
03-17 11:29:03.476  1074 19168 W VrDeviceManagerService: Thread 13391 died before priority could be set on it
03-17 11:29:03.476  1074 19168 W VrDeviceManagerService: Thread 13391 in process 1676 died before policy 3 could be set on it
03-17 11:29:03.476  1415  1415 I DisplayManagerService: vrCompositorReady: restore brightness updates
03-17 11:29:03.476  4313  4313 I VrGuardianService.DonStateReceiver: screenStateReceiver Received broadcast: com.oculus.intent.action.MOUNT_STATE_CHANGED
03-17 11:29:03.476  1415  1415 W BrightnessSynchronizer: Brightness sync observer requesting synchronization a second time.
03-17 11:29:03.476  4313  4313 I VrGuardianService.DonStateReceiver: screenStateReceiver Received mount state changed, mounted = true
03-17 11:29:03.476  4313  4313 I GuardianLifecycleMgr: ~~[GuardianLifecycleMgr::MountStateChangedFromIntent] isMounted: 1
03-17 11:29:03.476  4313  4313 I VrGuardianUserBroadcastReceiver: onReceive Intent { act=android.intent.action.USER_PRESENT flg=0x24000010 }
03-17 11:29:03.476  4313  4313 I VrGuardianUserBroadcastReceiver: Guardian re-enabling itself com.oculus.guardian
03-17 11:29:03.476  7758  7758 W ResourceDownloadHMDMountReceiver: This user doesn't use Assistant at all. Not warming up Assistant.
03-17 11:29:03.476  4313  4501 I GuardianSystemThreadMgr: [GuardianSystemThreadMgr::WaitForNotifyOrTimeout]: Notified
03-17 11:29:03.476  1676  2112 I ClientMgr: OnCompositorStart.
03-17 11:29:03.476  1676  1676 I ClientMgr: ClientMgr: RESUMING operation
03-17 11:29:03.477  4313  4501 I GuardianLifecycleMgr: ~~[GuardianLifecycleMgr::UpdateLifecycleState] Lifecycle state changed from SUSPENDED to SAFETY_SYSTEM_VR
03-17 11:29:03.477  1676  1676 I ServiceInputManager: OnResume
03-17 11:29:03.477  1676  1676 I InterstitialRenderer: Resume (disabled = 0)
03-17 11:29:03.477  1676  1676 I InterstitialManager: Resume
03-17 11:29:03.477  1676  1676 W InterstitialManager: Unexpected state for resume: 0
03-17 11:29:03.477  1676  1676 I TREX    : Resuming update thread...
03-17 11:29:03.477  1676  4246 I CompositorVR: CheckDebuggerConnected: debugger 0
03-17 11:29:03.477  1676  4246 I CompositorServer: SysProp debug mode is disabled on Server side
03-17 11:29:03.477  1676  4246 I UnifiedTelemetryWrapper: Started UT session render:com.oculus.vrshell
03-17 11:29:03.478  4313  4501 W GuardianInput: GuardianInput::UpdateActionData needs a valid OpenXr Session!
03-17 11:29:03.478  4313  4501 W GuardianInput: GuardianInput::UpdateRawHeadLocation needs a valid OpenXr Session!
03-17 11:29:03.478  1676 13680 I JVMHandler: JVMHandler: callStaticMethodWithVariableArguments. [functionName:isSignatureValid] is valid: [1]
03-17 11:29:03.478  4313  4313 I VrGuardianUserBroadcastReceiver: startService Guardian userId = -1
03-17 11:29:03.478  2324  2948 I VrRuntimeClientTrexContext: BeginSession
03-17 11:29:03.478  4313  4501 I IStateMachineRecordKeeper: IStateMachineRecordKeeper::AddHistoryEntry GuardianInitialization: Transition  UnmountedState -> UnmountToMountTransitionState | Headset Mounted
03-17 11:29:03.478  4313  4501 I SafetyIntentMgr: [SafetyIntentMgr::UpdateSafetyIntentMode] SafetyIntentMode: SAFETY_INTENT_INVALID -> SAFETY_INTENT_VR_APP (Package Name: com.UnityTechnologies.com.unity.template.urpblank)
03-17 11:29:03.478  4313  4501 I IStateMachineRecordKeeper: IStateMachineRecordKeeper::AddHistoryEntry SafetyIntent: Transition  SafetyIntentInvalid -> AppSafetyVR
03-17 11:29:03.478  4313  4501 I FreespaceMgr: [FreespaceMgr::StopFreespaceScanningNonBlocking], isForegroundScan: 0
03-17 11:29:03.478  4313  4501 I GuardianLifecycleMgr: [GuardianLifecycleMgr::OnSystemThreadLifecycleState] State transition SUSPENDED->SAFETY_SYSTEM_VR
03-17 11:29:03.479  4313  4501 I GuardianRender: [GuardianRender::Resume] GuardianRender resuming.
03-17 11:29:03.479  4313  4501 I GuardianRender: Resume: GuardianRender updating thread states.
03-17 11:29:03.479  4313  4501 I GuardianRender: Resume: GuardianRender resume complete.
03-17 11:29:03.479  4313  4501 I GuardianInput: GuardianInput::Resume ... intializing session bound objects.
03-17 11:29:03.479  4313  4501 I OpenXR_Hands: ------------ xrCreateHandTrackerEXT -----------
03-17 11:29:03.479  4313  4501 I OpenXR_Hands: ------------ xrCreateHandTrackerEXT -----------
03-17 11:29:03.479  4313  4501 I GuardianTelemetry: GuardianTelemetry: Start Guardian Telemetry
03-17 11:29:03.479  4313  4501 I GuardianTelemetry: OVR::Telemetry Guardian Stats thread started
03-17 11:29:03.479  4313  4501 I GuardianLifecycleMgr: [GuardianLifecycleMgr::Resume] RESUMING operation. Headset waking up. Seconds elapsed: 512.28
03-17 11:29:03.479  4313  4501 I GuardianMapDataMgr: 3dof_log: UpdateActiveTrackingMode: 0, 0
03-17 11:29:03.479  4313  4501 I GuardianToastMgr: ~~[GuardianToastMgr::HandleLifecycleEvent]: Suspend State exit
03-17 11:29:03.479  4313  4501 I GuardianLifecycleMgr: ~~[GuardianLifecycleMgr::OnLifecycleStateExit]: Suspend State Exit
03-17 11:29:03.479  4313  4501 I GuardianTelemetry: [ovrStatsThreadGuardian::SendGuardianStateChangeTelemetry] Sending state change event DON, dialog 
03-17 11:29:03.479  4313  4501 I SpatialShiftLogger: [SpatialShift][Telemetry][FloorHeight]: [ event: HEADSET_DON, eventReason: [n/a], numGuardians: 0 hasActiveSafetyBound: 0 activeSafetyBound: n/a, stageFloorHeight: -1.21281, guardianFloorHeight: -1.16975, isSlamFloorHeightValid: 0 slamFloorHeight: 99997 guardianSlamDiff:99997 guardianStageDiff: 0.0430639 ]
03-17 11:29:03.479  2324  2948 I OpenXR  : usesManifestForCpuBoost:1
03-17 11:29:03.479  2324  2948 I OpenXR  : ------------ xrBeginSession [end] -----------
03-17 11:29:03.479  2324  2948 I [SEO] VrPlatformOpenXr: Setting clock levels to cpu=2, gpu=2
03-17 11:29:03.479  2324  2948 I OpenXR_Passthrough: ------------ xrPassthroughStartFB -----------
03-17 11:29:03.479  1062  4885 I MRSS    : MIXEDREALITY: MrSystemServiceIPCServer: ChangeMrCapabilityStatusNonBlocking: client 2873132282, capability MetaBackgroundFreespaceScan, command 0.
03-17 11:29:03.479  1062  4885 I MRSS    : MIXEDREALITY: MrSystemService: FramesetTelemetry: valid: -/-, stereo/depth/color: avail:  165/   0/ 448, accepted %: 100.0/0.0/100.0, dropped %: 0.0/0.0/0.0, valid %: 100.0/0.0/100.0, textured %: 0.0/0.0/100.0.
03-17 11:29:03.479  1062  4885 I MRSS    : MIXEDREALITY: MrSystemService: FramesetTelemetry: timeouts stereo/color: compute side: 0/0, render side: 0/0, egl: 0.
03-17 11:29:03.479  1676  4506 I VrRuntimeService: RuntimeServiceSDKServer::ReleaseClientFrameAsync
03-17 11:29:03.479  1676  4435 I [CT]    : MIXEDREALITY: MrFeatureStatus: Passthrough: Client 864580277 status changed from Paused to Started.
03-17 11:29:03.479  1676  4435 I [CT]    : MIXEDREALITY: MrFeatureStatus: Passthrough for client 864580277: Target status Started, CurrentStatus: Paused
03-17 11:29:03.479  1676  4435 I [CT]    : MIXEDREALITY: MrFeatureStatus: Operation chain: Start
03-17 11:29:03.479  1676  4435 I [CT]    : MIXEDREALITY: MrFeatureStatus: Passthrough: Global status changed from Paused to Started.
03-17 11:29:03.479  1676  4435 I [CT]    : MIXEDREALITY: MrServiceController: Queuing command linked to operation Start for feature 0, client 864580277
03-17 11:29:03.475     0     0 I init    : processing action (service.bootanim.exit_vendor=1) from (/vendor/etc/init/hw/init.anorak.rc:390)
03-17 11:29:03.480  2324 13776 I RuntimeTelemetryThread: use OVRMetricsToolTrex
03-17 11:29:03.480  2324 13776 W RuntimeTelemetryThread: OVRMetricsToolInterface is not available
03-17 11:29:03.480  4313  4313 I VrGuardianService: onStartCommand
03-17 11:29:03.480  4313  4313 I VrGuardianService: onStartCommand startService called by source: 0
03-17 11:29:03.480  2324  2948 I [SEO] MrServiceClientOpenXr: [InitializePassthroughFeatureFrameworkLayerStyles] textureOpacityFactor reset
03-17 11:29:03.480  1676  4435 I [CT]    : MIXEDREALITY: MrSvc: PassthroughLayer: setStyle: Layer 1000, textureOpacityFactor=1, edgeColor=off, colorMap=None
03-17 11:29:03.480  1676 13680 I ClientMgr@: IsTrustedClient( com.UnityTechnologies.com.unity.template.urpblank )= false true
03-17 11:29:03.480  4313  4313 I VrGuardianService: getGuardianFilesDir() /data/user/0/com.oculus.guardian/files/guardian/
03-17 11:29:03.480  1676 13680 I ClientMgr: CreateClient: com.UnityTechnologies.com.unity.template.urpblank has default permissions
03-17 11:29:03.480  4313  4313 I VrGuardianService: createDirWithRetriesOrCrash.  IsKeyGuardLocked: false
03-17 11:29:03.480  1074  4923 E VrDeviceManagerService: Permission denied: process 2324 (uid 10020) doesn't have the required permission: com.oculus.permission.SET_THREAD_POLICY
03-17 11:29:03.481  2324 13776 I JniUtils: ovr_GetCurrentPackageSignature 
03-17 11:29:03.481  1676 13680 I JVMHandler: JVMHandler: callStaticMethodWithVariableArguments. [functionName:checkPackageHasPermissionGranted] is valid: [1]
03-17 11:29:03.481  2324  2948 I [SEO] VrPlatformOpenXr: VrPlatformOpenXr::SetPropInhibitHandleHomeKey inhibit:1
03-17 11:29:03.481  4313  4313 I VrGuardianService: maybeSubscribeDeviceConfigAndInitNative. deviceConfigSubscribed: true, IsKeyGuardLocked: false
03-17 11:29:03.481  2324  2948 I OpenXR_DeviceSettings: ------------ xrSetDeviceSettingBooleanFB -----------
03-17 11:29:03.481  1676 13680 I ClientMgr: CreateClient: 13395:com.UnityTechnologies.com.unity.template.urpblank:VrRuntimeClient-1
03-17 11:29:03.481  1676 13680 I JVMHandler: JVMHandler: callStaticMethodWithVariableArguments. [functionName:isClientOsDialog] is valid: [1]
03-17 11:29:03.481  2324  2948 I ClientInputSettings: SetInhibitHandleHomeKey = true for com.oculus.vrshell
03-17 11:29:03.481  2324  2948 I ClientInputInterface: SetInhibitHandleHomeKey 1 for process com.oculus.vrshell 2324
03-17 11:29:03.481  2324  2948 I [SEO] VrPlatformOpenXr: VrPlatformOpenXr::SetPropInhibitHandleHomeKey result = 0
03-17 11:29:03.481  2324  2948 I [SEO] ShellApp: PerformOneTimeInit
03-17 11:29:03.481  2324  2948 D [UNSET] ShellApplication: requestAudioFocus, transientFocus=false
03-17 11:29:03.481  2324  2948 W AudioManager: Use of stream types is deprecated for operations other than volume control
03-17 11:29:03.481  2324  2948 W AudioManager: See the documentation of requestAudioFocus() for what to use instead with android.media.AudioAttributes to qualify your playback use case
03-17 11:29:03.481  2324 13776 I Metrics : device model = Quest 3
03-17 11:29:03.481  2324 13776 I RuntimeTelemetryThread: applyThreadTag telemetry_background: 0
03-17 11:29:03.481  2324 13776 I RuntimeTelemetryThread: Aligning telemetry thread time, will wait for: 519 ms...
03-17 11:29:03.481  1415  4056 I MediaFocusControl: requestAudioFocus() from uid/pid 10020/2324 AA=USAGE_MEDIA/CONTENT_TYPE_MUSIC clientId=android.media.AudioManager@1c3c66bcom.oculus.vrshell.ShellAudioFocusHandler@89245c8 callingPack=com.oculus.vrshell req=1 flags=0x0 sdk=29 usage=USAGE_MEDIA
03-17 11:29:03.481  1676 13680 I CompositorClientManager: CompositorClientManager::RegisterClient 58
03-17 11:29:03.481  1676 13680 I CompositorServer: RegisterCompositorClient client(58)
03-17 11:29:03.481  1676 13680 I ClientMgr: SharedMemoryDebug: InitResources MapMemory (VrRuntimeService_PrivateReadWrite_VrRuntimeClient-1_com.UnityTechnologies.com.unity.template.urpblank) size = 425704 ; flags = 3
03-17 11:29:03.481  1062  1366 W MRSS    : MIXEDREALITY: CameraComputeCapability: WatchdogProbe: Frame Grayscale delayed for 45ms, expected max delay 45ms. 
03-17 11:29:03.481  1415  4056 I AudioService.FadeOutManager: unfadeOutUid() uid:10020
03-17 11:29:03.481  1676 13680 I SharedMemoryServer: SharedMemoryArena::create: SharedMemoryDebug: Allocated shared memory fd 784 (VrRuntimeService_PrivateReadWrite_VrRuntimeClient-1_com.UnityTechnologies.com.unity.template.urpblank) (size: 425704)
03-17 11:29:03.482  2324  2948 I [SEO] ShellApp: EnterVrMode::Got audio focus : 1
03-17 11:29:03.482  2324  2948 I [SEO] DesktopPanelController: Foreground desktop Spatial
03-17 11:29:03.482  1676 13680 I ServiceInputManager: HANDTRACKING Initial input state override: 0
03-17 11:29:03.482  1676 13680 I ClientList: AddClient: com.UnityTechnologies.com.unity.template.urpblank:com.UnityTechnologies.com.unity.template.urpblank:13395
03-17 11:29:03.482  1676 13680 I UnifiedTelemetryWrapper: Started UT session lifetime:com.UnityTechnologies.com.unity.template.urpblank
03-17 11:29:03.482  2324  2948 I [SEO] LocalSpace: ResetNextFrame
03-17 11:29:03.482  2324  2948 I [SEO] LocalSpace: EnterVrMode: Setting local pose state.
03-17 11:29:03.482  2324  2948 I [SEO] ShellTransitionState: Logging ShellTransitionState to dumpsys: {"state":"Foregrounding","timeMillis":"107466277"}
03-17 11:29:03.482  2324  2948 I [SEO] ShellFrameAnalytics: Shell Heartbeat activeFlowName: NonModalFlow isFlowRequestingActivation: 1 flowActivationReason: DonSequence focusedPanelTimeSpent: {} visibleTimeSpent: {} panelIdToComponentName: {} inputTimeSpent: {} inputClickCount: {} mouseMoveTimeSpent: 0 mouseScrollTimeSpent: 0 quickActionsMenuActivations: 0 quickActionsMenuTimeSpent: 0 quickActionsMenuSessionLengths: [] quickActionsMenuSelections: {} handTrackingOptIn: 0 handTrackingAutoTransition: 1 directTouchTabletEnabled: 0 gamepadButtonDestinations: {}
03-17 11:29:03.483  2324  2948 I [SEO] ShellApp: 0x7a9f1d3fe0 msg: overlayCommand:
03-17 11:29:03.483  2324  2948 I [SEO] ShellApp: command = onMountStateChanged
03-17 11:29:03.483  2324  2948 I [SEO] ShellApp: state = 1
03-17 11:29:03.483  2324  2948 I [SEO] ShellApp: Process_OverlayCommand command : onMountStateChanged
03-17 11:29:03.483  2324  2948 I [SEO] ShellApp: 0x7a9f1d3fe0 msg: overlayCommand:
03-17 11:29:03.483  2324  2948 I [SEO] ShellApp: command = deviceUnlocked
03-17 11:29:03.483  2324  2948 I [SEO] ShellApp: Process_OverlayCommand command : deviceUnlocked
03-17 11:29:03.483  2324  2948 I [SEO] ShellApp: deviceUnlocked message received
03-17 11:29:03.483  2324  2948 I [SEO] VrPlatformOpenXr: xrPollEvent: Unknown event
03-17 11:29:03.483  2324  2948 I [SEO] VrPlatformOpenXr: xrPollEvent: received XR_TYPE_EVENT_DATA_USER_PRESENCE_CHANGED_EXT event: isUserPresent 1
03-17 11:29:03.483  1676 13680 I JVMHandler: JVMHandler: callStaticMethodWithVariableArguments. [functionName:applicationRequestsDualCoreCpuset] is valid: [1]
03-17 11:29:03.484  1676 13680 I JVMHandler: JVMHandler: callStaticMethodWithVariableArguments. [functionName:applicationRequestsCpuForGpuTrade] is valid: [1]
03-17 11:29:03.484  1676 13680 I VrRuntimeService: Package com.UnityTechnologies.com.unity.template.urpblank requests trading CPU for GPU0
03-17 11:29:03.484  1676 13680 I ClientMgr: CreateClient: Value of tradeCpuForGpu is 0
03-17 11:29:03.484  1676 13680 I ClientMgr: CreateClient: Value of isCPUSingleThreadedBoost is 0
03-17 11:29:03.484  1676 13680 I ClientMgr: CreateClient: id 0x5783afa6, pid 13395, uid 10053, packageName com.UnityTechnologies.com.unity.template.urpblank, clientName VrRuntimeClient-1, processName com.UnityTechnologies.com.unity.template.urpblank, processNameWithPID com.UnityTechnologies.com.unity.template.urpblank:13395, launchId , permissionFlags 0, clientType 0, clientFlags 0, isApplication=true, isOsApp=false, clientSessionPlacement 128, clientDisplayId 0, clientVWToken 45fd68fe2e5a4c32b492ba1cddd737aa
03-17 11:29:03.484  1676 13680 I ClientMgr: CreateClient: Extra kickoff headroom for com.UnityTechnologies.com.unity.template.urpblank = 0.000 ms
03-17 11:29:03.484  1676 13680 I ClientMgr: [ClientOptedOutLDM] Entered with packageName: com.UnityTechnologies.com.unity.template.urpblank
03-17 11:29:03.484  1676  2112 I ServiceInputManager: OSSDKTRACKING InputState has changed
03-17 11:29:03.484  1676  2112 I ServiceInputManager: OSSDKTRACKING GetNewConnectedRemotesList, returned true. remotes 0
03-17 11:29:03.484 13395 13679 I VrRuntimeClient: RegisterClient success 
03-17 11:29:03.484   808   825 I SyncBossFW: 65684420 [info   ] {NTHR}: First shutter for camera set (0x1) was sent 45552us after start
03-17 11:29:03.484   808   825 I SyncBossFW: 65684422 [info   ] {NTHR}: First shutter for camera set (0x2) was sent 45674us after start
03-17 11:29:03.485  1676  1676 I AADT    : SetAADTLutDataX: 0
03-17 11:29:03.485  1676  1676 I AADT    : SetAADTLutDataY: 0
03-17 11:29:03.485  1676  1676 I CompositorServer: RuntimeServer: Update system color correction
03-17 11:29:03.485  1676  1676 I FaceEyeTrackingServerManager_Impl: [FaceEyeTrackingManager] Face: app 0, global 0, perf status ENABLED, fidelity MEDIUM, force enable 0, force disable 0
03-17 11:29:03.485  1676  1676 I FaceEyeTrackingServerManager_Impl: [FaceEyeTrackingManager] CodecAvatar: app 0, global 0, perf status DISABLED, fidelity MEDIUM_LOW, calibration 0, force enable 0, force disable 0
03-17 11:29:03.485  1676  1676 I FaceEyeTrackingServerManager_Impl: [FaceEyeTrackingManager] - orthofitManager is NULL.
03-17 11:29:03.485  1676  1676 I ClientMgr: ClientMgr: Resume complete
03-17 11:29:03.485  1676 13680 I VrRuntimeService: RuntimeServiceSDKServer::GetSharedMemoryFileDescriptor: SharedMemoryDebug: clientid 1468247974
03-17 11:29:03.485  1676 13680 I VrRuntimeService: GetSharedMemoryFileDescriptor: SharedMemoryDebug: SharedMemoryType_PublicReadOnly: 81 (128)
03-17 11:29:03.485  1676  2112 I GraphicsGovernor: Dynamic Foveation Lvl 0, Min Foveation Lvl -1, DynRes Enabled 1, DynRes Scaler 1.000000
03-17 11:29:03.485  1676  1676 I CompositorServer: RuntimeServer: Toggle MR Harmonization: ON
03-17 11:29:03.485  1676  1676 I PreferenceListener: Preference 'mr_harmonization_enabled' is set to 1
03-17 11:29:03.485  1070  1070 I TrackingFidelityService: Request(s)={mr_passthrough:3,}
03-17 11:29:03.485  1676 13659 I [CT]    : MIXEDREALITY: MrServiceController: Executing passthroughPause on model for client 3155106273
03-17 11:29:03.485  1676 13659 I [CT]    : PTINC: ModelOperations: ModelOperations::passthroughPause
03-17 11:29:03.485  1676 13659 I [CT]    : PTINC: ModelOperations: passthroughPause: Paused Passthrough.
03-17 11:29:03.485  1676 13659 I [CT]    : MIXEDREALITY: MrServiceController: Executing passthroughStart on model for client 864580277
03-17 11:29:03.485  1676 13659 I [CT]    : PTINC: ModelOperations: ModelOperations::passthroughStart
03-17 11:29:03.485  1676 13659 I [CT]    : MIXEDREALITY: MrServiceController: Executing passthroughPause on model for client 864580277
03-17 11:29:03.485  1676 13659 I [CT]    : PTINC: ModelOperations: ModelOperations::passthroughPause
03-17 11:29:03.485  1676 13659 I [CT]    : PTINC: ModelOperations: passthroughPause: Paused Passthrough.
03-17 11:29:03.485  1676 13659 I [CT]    : MIXEDREALITY: MrServiceController: Executing passthroughStart on model for client 864580277
03-17 11:29:03.485  1676 13659 I [CT]    : PTINC: ModelOperations: ModelOperations::passthroughStart
03-17 11:29:03.485  1676 13659 I [CT]    : PTApiClients: 1/1:com.oculus.vrshell,PT=1,EnvDepth=0,VrMode=1,LCnt=0/1(rec=0,proj=0,bg=0),NS=0,Sty=0
03-17 11:29:03.485  1676 13659 I [CT]    : MIXEDREALITY: MrClientModelStates: commitClientState: layer 1044 was queued for destruction
03-17 11:29:03.486  1676 13659 I [CT]    : MIXEDREALITY: MrClientModelStates: Cleaned up resources for client 3155106273
03-17 11:29:03.486  1676 13659 I [CT]    : MIXEDREALITY: PassthroughApiManager: GetUpdatedLayerState: (every 2 seconds) PT is: ON numLayers: 0
03-17 11:29:03.486  1070  1070 W TrackingFidelityService: Fidelity data undefined in catalog for enabling feature like mr_passthrough. 2 similar misses.
03-17 11:29:03.486  1070  1070 I TrackingFidelityService: Request(s)={mr_passthrough:3,pt_display_sync:0,hyperscape_room_scanning:0,isp_foveation:5,low_latency_pt:0,}, Mux mode idx=1, name=default, score=-1970
03-17 11:29:03.486  1070  1070 I TrackingFidelityService: beginTransition[color]: default(1)->default(1)
03-17 11:29:03.486  1070  1070 I TrackingFidelityService: _applyMuxModeLockedInternal: Mode default already set. Returning.
03-17 11:29:03.486  1070  1070 I TrackingFidelityService: endTransition[color]: default(1)->default(1), seqId=-1, succeeded=true
03-17 11:29:03.487  1676  2112 I InterstitialManager: ComputeRequiredInterstitials: com.UnityTechnologies.com.unity.template.urpblank pid: -1 enabled for rendering: 1
03-17 11:29:03.487  1676  2112 I InterstitialManager: Interstitial mask: 2, transitionType: 0, description: Black frame over black for previously rendering app
03-17 11:29:03.487  1676  2112 I InterstitialRenderer: SetTransitionType: background=0
03-17 11:29:03.487  1676  2112 I InterstitialRenderer: ovrInterstitialRenderer::Start frameType=2, clientPackageName=com.UnityTechnologies.com.unity.template.urpblank, description=Black frame over black for previously rendering app (restart) launchId=
03-17 11:29:03.487  1676  2112 I CompositorClientManager: CompositorClientManager::EnableClient 1
03-17 11:29:03.487  1676  2112 I CompositorServer: EnableCompositorClient client(1): default aperture id(0) layer placement(252) flags(8) sm(0x7aa23c5218)
03-17 11:29:03.487 13395 13679 I VrRuntimeClient: RuntimeIPC: ServiceConnected: SharedMemoryDebug: publicReadOnly SharedMemorySize=128 (com.UnityTechnologies.com.unity.template.urpblank) sizeof(s_->sharedMemoryPublicReadOnly)=152
03-17 11:29:03.487  1676  2112 I InterstitialRendererLoggerSession: ---------- InterstitialRenderer LoggerSession Begin ----------
03-17 11:29:03.487  1676  2112 I InterstitialRendererLoggerSession: ID: 09d5270be03af5ac093b119bc8431451
03-17 11:29:03.487  1676  2112 I InterstitialRendererLoggerSession: Frame Type: Black[2]
03-17 11:29:03.487  1676  2112 I InterstitialRendererLoggerSession: Event Type: start
03-17 11:29:03.487  1676  2112 I InterstitialRendererLoggerSession: Status: Started [3]
03-17 11:29:03.487  1676  2112 I InterstitialRendererLoggerSession: [Start Time 107466696]
03-17 11:29:03.487  1676  2112 I InterstitialRendererLoggerSession: 	 [event_type: start]
03-17 11:29:03.487  1676  2112 I InterstitialRendererLoggerSession: 	 [launch_id: ]
03-17 11:29:03.487  1676  2112 I InterstitialRendererLoggerSession: 	 [previous_session_id: a332c9052809c8a63cb67d34a5039332]
03-17 11:29:03.487  1676  2112 I InterstitialRendererLoggerSession: 	 [last_top_activity_start: com.UnityTechnologies.com.unity.template.urpblank]
03-17 11:29:03.487  1676  2112 I InterstitialRendererLoggerSession: 	 [top_activity_start: com.UnityTechnologies.com.unity.template.urpblank]
03-17 11:29:03.487  1676  2112 I InterstitialRendererLoggerSession: 	 [description: Black frame over black for previously rendering app (restart)]
03-17 11:29:03.487  1676  2112 I InterstitialRendererLoggerSession: 	 [client_package_name: com.UnityTechnologies.com.unity.template.urpblank]
03-17 11:29:03.487  1676  2112 I InterstitialRendererLoggerSession: 	 [transition_type: 0]
03-17 11:29:03.487  1676  2112 I InterstitialRendererLoggerSession: 	 [frame_type: 2]
03-17 11:29:03.487  1676  2112 I InterstitialRendererLoggerSession: 
03-17 11:29:03.487  1676  2112 I InterstitialRendererLoggerSession: ---------- InterstitialRenderer LoggerSession End ----------
03-17 11:29:03.487  1676  2112 I InterstitialRendererLoggerSession: SessionId: 09d5270be03af5ac093b119bc8431451, Event: start, FrameType: Black, Reason: Black frame over black for previously rendering app (restart), Duration: 0, Category: 
03-17 11:29:03.487  1676  2112 I InterstitialRenderer: Starting logsoftTimer_
03-17 11:29:03.487  1676  2112 I InterstitialRenderer: Starting broadcastTimer_
03-17 11:29:03.487  1676  2112 I CompositorVR: SetPassthroughCaptureFlag: 1
03-17 11:29:03.487  1676 13680 I VrRuntimeService: RuntimeServiceSDKServer::GetSharedMemoryFileDescriptor: SharedMemoryDebug: clientid 1468247974
03-17 11:29:03.487  1676 13680 I VrRuntimeService: GetSharedMemoryFileDescriptor: SharedMemoryDebug: SharedMemoryType_PrivateReadWrite: 784 (425704)
03-17 11:29:03.488  1062  2369 I MRSS    : MIXEDREALITY: MrService: onBackgroundPassthroughCallback: false
03-17 11:29:03.488 13395 13679 I VrRuntimeClient: RuntimeIPC: ServiceConnected: SharedMemoryDebug: privateReadWrite SharedMemorySize=425704 (com.UnityTechnologies.com.unity.template.urpblank) sizeof(privateSharedMemorySize)=8
03-17 11:29:03.488 13395 13679 I VrRuntimeClient: nativeRuntimeServiceConnected: SharedMemoryDebug: publicReadOnlyFd=198, privateReadWriteFd=200 (com.UnityTechnologies.com.unity.template.urpblank)
03-17 11:29:03.488  1676 13659 I Vsync   : Vsync 44:  2 x 11.11 ms (90.00 Hz, at 107466.698)
03-17 11:29:03.488  1676 13659 I AADT    : SetAADTLutDataX. Thread. SizeX: 0
03-17 11:29:03.488  1676 13659 I AADT    : SetAADTLutDataY. Thread. SizeY: 0
03-17 11:29:03.489  1121  1226 D StrataComposer: setupPrimarySDMSurface: show layer 'vr_compositor_4128x2208' composer layer 106
03-17 11:29:03.491  1676  1676 I ClientMgr: FocusedWindowChanged: falling back to client with same uid: 10053, and pid: 13395
03-17 11:29:03.491  1676  1676 I ClientMgr: FocusedClient changed from  to com.UnityTechnologies.com.unity.template.urpblank:13395
03-17 11:29:03.491  1676  1676 I ClientMgr: ClientMgr::SetFocusedClient: 13395:com.UnityTechnologies.com.unity.template.urpblank type 0
03-17 11:29:03.491  1676  1676 I ClientMgr: ClientMgr::SetFocusedClient: Updating focus state for all clients
03-17 11:29:03.491  1676  1676 I ClientMgr: ClientMgr::SetFocusedClient: Updating Focus State: 1 for Client: com.UnityTechnologies.com.unity.template.urpblank:13395, Client DisplayId: 0
03-17 11:29:03.491  1676  1676 I ClientMgr: ClientMgr::SetFocusedClient: Updating Focus State: 0 for Client: com.oculus.vrguardianservice:4313, Client DisplayId: -1
03-17 11:29:03.491  1676  1676 I ClientMgr: ClientMgr::SetFocusedClient: Updating Focus State: 0 for Client: com.oculus.vrshell:2324, Client DisplayId: -1
03-17 11:29:03.491  1676  1676 I ClientMgr: ClientMgr::SetFocusedClient: Updating Focus State: 0 for Client: /system/bin/surfaceflinger:1127, Client DisplayId: 0
03-17 11:29:03.491  1676  1676 I ClientMgr: ClientMgr::SetFocusedClient: Updating Focus State: 0 for Client: /system_ext/bin/mrsystemservice:1062, Client DisplayId: 0
03-17 11:29:03.491  1676  1676 I ClientMgr: SetFocusedPackageName - packageName com.UnityTechnologies.com.unity.template.urpblank processName com.UnityTechnologies.com.unity.template.urpblank clientId 1468247974 clientPid 13395
03-17 11:29:03.491  1676  1676 I ServiceInputManager: ServiceInputManager::SetFocusedPackageName 'com.UnityTechnologies.com.unity.template.urpblank'
03-17 11:29:03.491  1676  1676 I VrRuntimeService: RuntimeIPC: SendFocusChangeEventToAllClients: PostClientEvent SUCCESS: com.UnityTechnologies.com.unity.template.urpblank:com.UnityTechnologies.com.unity.template.urpblank:13395, com.UnityTechnologies.com.unity.template.urpblank, com.UnityTechnologies.com.unity.template.urpblank
03-17 11:29:03.491  1676  1676 I VrRuntimeService: RuntimeIPC: SendFocusChangeEventToAllClients: PostClientEvent SUCCESS: native_process.system:/system_ext/bin/trackingservice:1071, com.UnityTechnologies.com.unity.template.urpblank, com.UnityTechnologies.com.unity.template.urpblank
03-17 11:29:03.491  1676  1676 I VrRuntimeService: RuntimeIPC: SendFocusChangeEventToAllClients: PostClientEvent SUCCESS: com.oculus.guardian:com.oculus.vrguardianservice:4313, com.UnityTechnologies.com.unity.template.urpblank, com.UnityTechnologies.com.unity.template.urpblank
03-17 11:29:03.491  1676  1676 I VrRuntimeService: RuntimeIPC: SendFocusChangeEventToAllClients: PostClientEvent SUCCESS: com.oculus.vrshell:com.oculus.vrshell:2324, com.UnityTechnologies.com.unity.template.urpblank, com.UnityTechnologies.com.unity.template.urpblank
03-17 11:29:03.491  1676  1676 I VrRuntimeService: RuntimeIPC: SendFocusChangeEventToAllClients: PostClientEvent SUCCESS: com.oculus.guardian:com.oculus.vrguardianservice:4313, com.UnityTechnologies.com.unity.template.urpblank, com.UnityTechnologies.com.unity.template.urpblank
03-17 11:29:03.491  1676  1676 I VrRuntimeService: RuntimeIPC: SendFocusChangeEventToAllClients: PostClientEvent SUCCESS: com.oculus.vrshell:com.oculus.vrshell:2324, com.UnityTechnologies.com.unity.template.urpblank, com.UnityTechnologies.com.unity.template.urpblank
03-17 11:29:03.491  1676  1676 I VrRuntimeService: RuntimeIPC: SendFocusChangeEventToAllClients: PostClientEvent SUCCESS: native_process.system:/system/bin/surfaceflinger:1127, com.UnityTechnologies.com.unity.template.urpblank, com.UnityTechnologies.com.unity.template.urpblank
03-17 11:29:03.491  1676  1676 I VrRuntimeService: RuntimeIPC: SendFocusChangeEventToAllClients: PostClientEvent SUCCESS: native_process.system:/system_ext/bin/mrsystemservice:1062, com.UnityTechnologies.com.unity.template.urpblank, com.UnityTechnologies.com.unity.template.urpblank
03-17 11:29:03.491  1676  1676 I VrRuntimeService: RuntimeIPC: SendFocusChangeEventToAllClients: PostClientEvent SUCCESS: native_process.system:/system_ext/bin/mrsystemservice:1062, com.UnityTechnologies.com.unity.template.urpblank, com.UnityTechnologies.com.unity.template.urpblank
03-17 11:29:03.491  1676  1676 I TrexControllerServerPlugin: ControllerServerBase Set Focused client: com.UnityTechnologies.com.unity.template.urpblank:13395
03-17 11:29:03.491  1676  1676 I VrRuntimeService: Received broadcast: ACTION_MOUNT_STATE_CHANGED: true
03-17 11:29:03.491  1676  1676 I VrRuntimeService: nativeScreenStateChanged to on
03-17 11:29:03.492  1676  1676 I VrRuntimeService: Previous running state: RUNNING
03-17 11:29:03.492  1062  2129 W MRSS    : MIXEDREALITY: MrCombinedService: screenStatus notification but no change
03-17 11:29:03.492  1676  1676 I CompositorServer: RuntimeServer: Toggle MR Harmonization: ON
03-17 11:29:03.492  1676  1676 I PreferenceListener: Preference 'mr_harmonization_enabled' is set to 1
03-17 11:29:03.495 13395 13418 I VrRuntimeClient: s_->rssdkClient.InitClient SUCCESS. Version: 5.0, Custom: 1.0
03-17 11:29:03.495 13395 13418 I RipcClientMgr [RUNTIMEIPC]: GetClientOptions
03-17 11:29:03.495 13395 13418 I VrRuntimeClient: Connected to VrRuntimeService on attempt 0
03-17 11:29:03.495 13395 13418 I OpenXR  : xrCreateSession: Connected to VrRuntimeService after 0.373793s
03-17 11:29:03.495 13395 13418 I VrRuntimeClient: SetPhaseSyncMode 1
03-17 11:29:03.495 13395 13418 I VrRuntimeClient: SetPhaseSyncMode 1
03-17 11:29:03.495 13395 13418 I OpenXR  : PhaseSync Mode: PHASE_SYNC
03-17 11:29:03.495 13395 13418 I VrRuntimeClient: VrRuntimeClient: Init
03-17 11:29:03.495 13395 13418 I JVMHandler: JVMHandler: callStaticMethodWithVariableArguments. [functionName:getDisplayID] is valid: [1]
03-17 11:29:03.496 13395 13418 I RipcClient [RUNTIMEIPC]: InitServerStateBuffer: SUCCESS. 0, Client: com.UnityTechnologies.com.unity.template.urpblank:com.UnityTechnologies.com.unity.template.urpblank:13395, Server: com.oculus.systemdriver:com.oculus.vrruntimeservice:0 (RuntimeServiceServer)
03-17 11:29:03.496 13395 13418 I JVMHandler: JVMHandler: callStaticMethodWithVariableArguments. [functionName:getFoveationTileOffset] is valid: [1]
03-17 11:29:03.497  1676 13659 I EnvironmentBlendModeHelper: Client 1 (internal:InterstitialRenderer) changed environment blend mode to INVALID
03-17 11:29:03.497 13395 13418 I JVMHandler: JVMHandler: callStaticMethodWithVariableArguments. [functionName:getFoveationTileTurnOff] is valid: [1]
03-17 11:29:03.497 13395 13418 I JVMHandler: JVMHandler: callStaticMethodWithVariableArguments. [functionName:getFrameSyncEnabled] is valid: [1]
03-17 11:29:03.497 13395 13418 I Foveation: InitFoveationClient: TileOffset=0,TileTurnOff=1,TileAlignedFoveation=1
03-17 11:29:03.497 13395 13418 I JVMHandler: JVMHandler: callStaticMethodWithVariableArguments. [functionName:initialize] is valid: [1]
03-17 11:29:03.497 13395 13418 I RuntimeIPCSystem [RUNTIMEIPC]: RuntimeIPCSystem: Init called: Version: 81, Platform: Android, Build Date: Jan 19 2026, Build Time: 16:24:45, BuildMode: shared
03-17 11:29:03.502  1415  4052 I RuntimeIpcHelperService: Going to start ComponentInfo{com.oculus.guardian/com.oculus.vrguardianservice.VrGuardianService} as background, Calling uid: 10053 pid: 13395
03-17 11:29:03.502  1415  4052 W ActivityManager: Unable to start service Intent { cmp=com.oculus.guardian/com.oculus.vrguardianservice.VrGuardianService } U=0: not found
03-17 11:29:03.503 13395 13418 I ClientProcessConnector [RUNTIMEIPC]: GetProcessConnection: com.oculus.guardian:com.oculus.vrguardianservice
03-17 11:29:03.505  4313  4350 I RipcServerClientHandler [RUNTIMEIPC]: Event buffer size (server): 8192
03-17 11:29:03.506  4313  4350 I RipcServerMgr [RUNTIMEIPC]: HandleClientConnect SUCCESS: Client: com.UnityTechnologies.com.unity.template.urpblank:com.UnityTechnologies.com.unity.template.urpblank:13395:VrGuardianClient-1, Server: com.oculus.guardian:com.oculus.vrguardianservice (guardianserver)
03-17 11:29:03.506 13395 13418 I RipcClient [RUNTIMEIPC]: Event buffer size (client): 8192
03-17 11:29:03.506 13395 13418 I RipcClient [RUNTIMEIPC]: TryToGetIPCResourcesFromServer: RPC_CONNECTOR_CONNECT_TO_SERVER SUCCESS: Client: com.UnityTechnologies.com.unity.template.urpblank:com.UnityTechnologies.com.unity.template.urpblank:13395, Server: com.oculus.guardian:com.oculus.vrguardianservice:0 (guardianserver), Version: 81, Platform: Android, Build Date: Jan 19 2026, Build Time: 16:24:45, BuildMode: shared
03-17 11:29:03.506 13395 13418 I RipcClient [RUNTIMEIPC]: EnsureServerConnection: SUCCESS. Client: com.UnityTechnologies.com.unity.template.urpblank:com.UnityTechnologies.com.unity.template.urpblank:13395, Server: com.oculus.guardian:com.oculus.vrguardianservice:0 (guardianserver)
03-17 11:29:03.506 13395 13418 I RipcClient [RUNTIMEIPC]: [RIPC_CONNECT_LOG] ConnectToServer: SUCCESS: Client: com.UnityTechnologies.com.unity.template.urpblank:com.UnityTechnologies.com.unity.template.urpblank:13395, Server: com.oculus.guardian:com.oculus.vrguardianservice:0 (guardianserver)
03-17 11:29:03.507  4313 13782 W REFLECT [RUNTIMEIPC]: Disabling all permissions (ONLY USE IN TESTS): 4202523773:com.UnityTechnologies.com.unity.template.urpblank/com.UnityTechnologies.com.unity.template.urpblank (10053:13395), mask: 11111111111111111111111111111111
03-17 11:29:03.507  4313 13782 I REFLECT [RUNTIMEIPC]: GuardianSDKServer Client Connected 4202523773, com.UnityTechnologies.com.unity.template.urpblank, com.UnityTechnologies.com.unity.template.urpblank, VrGuardianClient-1
03-17 11:29:03.512 13395 13418 I GuardianClientCommon: guardianSDKClient_ connected.
03-17 11:29:03.512 13395 13418 W GkCacheQuerierClient: getGkValue: Query result for 'oculus_xrruntime:horizon_phasesync_disabled' not successful: 4
03-17 11:29:03.512 13395 13418 W GkHelper: GkHelper: query failed, result code = 4
03-17 11:29:03.512 13395 13418 I FaceEyeTrackingClientManager: [FaceEyeTrackingManager] Initializing FaceEyeTrackingClientManager...
03-17 11:29:03.513 13395 13418 I JVMHandler: JVMHandler: callStaticMethodWithVariableArguments. [functionName:getAllowedAudioCapturePolicy] is valid: [1]
03-17 11:29:03.514 13395 13418 I JVMHandler: JVMHandler: callStaticMethodWithVariableArguments. [functionName:getLaunchId] is valid: [1]
03-17 11:29:03.514 13395 13418 W VrRuntimeClient: Failed to call getLaunchId
03-17 11:29:03.514 13395 13418 I LogTimer: CPUTIME: VrRuntimeClient_Init took 19.5618 ms
03-17 11:29:03.514 13395 13418 I VulkanLoader: ovrVulkanLoader::Load
03-17 11:29:03.514 13395 13418 W VulkanLoader: VulkanLoader::LoadInstanceFunctions: Failed to load vkCreateDebugReportCallbackEXT, likely vkInstance created without xrGetVulkanInstanceExtensionsKHR/vrapi_GetInstanceExtensionsVulkan
03-17 11:29:03.514 13395 13418 W VulkanLoader: VulkanLoader::LoadInstanceFunctions: Failed to load vkCreateDebugUtilsMessengerEXT, likely vkInstance created without xrGetVulkanInstanceExtensionsKHR/vrapi_GetInstanceExtensionsVulkan
03-17 11:29:03.514 13395 13418 W VulkanLoader: VulkanLoader::LoadInstanceFunctions: Failed to load vkDestroyDebugReportCallbackEXT, likely vkInstance created without xrGetVulkanInstanceExtensionsKHR/vrapi_GetInstanceExtensionsVulkan
03-17 11:29:03.514 13395 13418 W VulkanLoader: VulkanLoader::LoadInstanceFunctions: Failed to load vkDestroyDebugUtilsMessengerEXT, likely vkInstance created without xrGetVulkanInstanceExtensionsKHR/vrapi_GetInstanceExtensionsVulkan
03-17 11:29:03.514 13395 13418 W VulkanLoader: VulkanLoader::LoadInstanceFunctions: Failed to load vkGetPhysicalDeviceSurfaceCapabilities2KHR, likely vkInstance created without xrGetVulkanInstanceExtensionsKHR/vrapi_GetInstanceExtensionsVulkan
03-17 11:29:03.515 13395 13418 W VulkanLoader: VulkanLoader::LoadDeviceFunctions: Failed to load vkCmdDebugMarkerInsertEXT, likely vkDevice created without xrGetVulkanDeviceExtensionsKHR/vrapi_GetDeviceExtensionsVulkan
03-17 11:29:03.515 13395 13418 W VulkanLoader: VulkanLoader::LoadDeviceFunctions: Failed to load vkCmdSetCullModeEXT, likely vkDevice created without xrGetVulkanDeviceExtensionsKHR/vrapi_GetDeviceExtensionsVulkan
03-17 11:29:03.515 13395 13418 W VulkanLoader: VulkanLoader::LoadDeviceFunctions: Failed to load vkCmdSetDepthCompareOpEXT, likely vkDevice created without xrGetVulkanDeviceExtensionsKHR/vrapi_GetDeviceExtensionsVulkan
03-17 11:29:03.515 13395 13418 W VulkanLoader: VulkanLoader::LoadDeviceFunctions: Failed to load vkCmdSetDepthTestEnableEXT, likely vkDevice created without xrGetVulkanDeviceExtensionsKHR/vrapi_GetDeviceExtensionsVulkan
03-17 11:29:03.515 13395 13418 W VulkanLoader: VulkanLoader::LoadDeviceFunctions: Failed to load vkCmdSetDepthWriteEnableEXT, likely vkDevice created without xrGetVulkanDeviceExtensionsKHR/vrapi_GetDeviceExtensionsVulkan
03-17 11:29:03.515 13395 13418 W VulkanLoader: VulkanLoader::LoadDeviceFunctions: Failed to load vkDebugMarkerSetObjectTagEXT, likely vkDevice created without xrGetVulkanDeviceExtensionsKHR/vrapi_GetDeviceExtensionsVulkan
03-17 11:29:03.515 13395 13418 W VulkanLoader: VulkanLoader::LoadDeviceFunctions: Failed to load vkCmdInsertDebugUtilsLabelEXT, likely vkDevice created without xrGetVulkanDeviceExtensionsKHR/vrapi_GetDeviceExtensionsVulkan
03-17 11:29:03.515 13395 13418 W VulkanLoader: VulkanLoader::LoadDeviceFunctions: Failed to load vkSetDebugUtilsObjectTagEXT, likely vkDevice created without xrGetVulkanDeviceExtensionsKHR/vrapi_GetDeviceExtensionsVulkan
03-17 11:29:03.515 13395 13418 W VulkanLoader: VulkanLoader::LoadDeviceFunctions: Failed to load vkCmdSetColorBlendEnableEXT, likely vkDevice created without xrGetVulkanDeviceExtensionsKHR/vrapi_GetDeviceExtensionsVulkan
03-17 11:29:03.515 13395 13418 W VulkanLoader: VulkanLoader::LoadDeviceFunctions: Failed to load vkCmdSetColorBlendEquationEXT, likely vkDevice created without xrGetVulkanDeviceExtensionsKHR/vrapi_GetDeviceExtensionsVulkan
03-17 11:29:03.515 13395 13418 W VulkanLoader: VulkanLoader::LoadDeviceFunctions: Failed to load vkCmdSetColorWriteMaskEXT, likely vkDevice created without xrGetVulkanDeviceExtensionsKHR/vrapi_GetDeviceExtensionsVulkan
03-17 11:29:03.515 13395 13418 I Foveation: Vulkan FFR is supported: MinFragmentDensityTexelSize=(16,16)
03-17 11:29:03.515 13395 13418 I Distortion: Initializing Mesh Decenter Correction
03-17 11:29:03.516 13395 13418 I Distortion: Decenter tester version = 200
03-17 11:29:03.516 13395 13418 I Distortion: SetLensPositions - iad=0.0635, left offset=-0.00303566,8.77159e-05, right offset=0.00327721,-6.05349e-05
03-17 11:29:03.516 13395 13418 I Distortion: Initializing Mesh Decenter Correction
03-17 11:29:03.516  2324  2948 I [SEO] LocalSpace: Reset - initialRawFromLocalPose: quat(0.361670, -0.649073, -0.214029, -0.634107), translation(-0.133575, 0.007185, 0.140224)
03-17 11:29:03.516  2324  2948 I [SEO] LocalSpace: Applying VRAPI Reorient, the reorient reason is 3
03-17 11:29:03.516  1676  4432 I VrRuntimeService: RuntimeServiceSDKServer::RecenterLocalSpace
03-17 11:29:03.516  1676  4432 I VrRuntimeService: RuntimeServiceSDKServer::RecenterLocalSpace_Internal
03-17 11:29:03.516  1676  4432 V VrSpaceState: UpdateLocalSpace
03-17 11:29:03.516  1676  4432 I LyingDownModeManager: [GetIsLDMEnabledForCurrentApp] Is LDM Enabled for Current App: FALSE, HSR <> Shell Space Convergence Enabled: false, LDM Preference Enabled: false, Current App Opted Out: false
03-17 11:29:03.516  1676  4432 V VrSpaceState: SetStateBatched in UpdateLocalSpace
03-17 11:29:03.516  1676  4432 V VrSpaceState: shouldRecenter the position: 0
03-17 11:29:03.516  1676  4432 I VrSpaceState: UpdateLocalSpace: Src: 2, Version: 308, VersionUser: 2, RawFloorHeightOld: -1.212815, RawFloorHeightNew: -1.212815
03-17 11:29:03.516  1676  4432 I VrRuntimeService: RuntimeServiceSDKServer::UpdateRSSDKSpaces_Internal
03-17 11:29:03.516 13395 13418 I Distortion: Decenter tester version = 200
03-17 11:29:03.517 13395 13418 I Distortion: SetLensPositions - iad=0.0635, left offset=-0.00303566,8.77159e-05, right offset=0.00327721,-6.05349e-05
03-17 11:29:03.518  2324  2948 I [SEO] ShellApp: ResolveDeviceState: change from WaitingForSleep to Awake
03-17 11:29:03.518  2324  2948 I [SEO] ShellApp: ResolveDeviceState: isWakingOrUnlockingIntoWake : 0
03-17 11:29:03.518  2324  2948 I [SEO] ShellApp: ResolveDeviceState: interactionState : Rendering
03-17 11:29:03.518  2324  2948 I [SEO] ShellApp: HMD Mount State Changed - mounted - duration in prior state 512.838203s
03-17 11:29:03.518  2324  2948 I [SEO] GuardianController: [ChangeDonSequenceState] Changed don sequence state from 0 to 1
03-17 11:29:03.518  2324  2948 I [SEO] LocalSpace: ResetNextFrame
03-17 11:29:03.519 13395 13418 I ClientInputSettings: SYSTEMBUTTONSPACE GKS freeze '0' 
03-17 11:29:03.519 13395 13418 I ClientInputSettings: SYSTEMBUTTONSPACE 'com.UnityTechnologies.com.unity.template.urpblank' Freeze input '0' on home button down
03-17 11:29:03.519 13395 13418 I ClientInputSettings: HANDTRACKING: Hands V2.0 enforced.
03-17 11:29:03.519 13395 13418 I ClientInputSettings: HANDTRACKING: YES, in the GK oculus_mobile_enable_hand_tracking_frequency_inter
03-17 11:29:03.519 13395 13418 I JVMHandler: JVMHandler: callStaticMethodWithVariableArguments. [functionName:getApplicationMetadata] is valid: [1]
