03-17 11:29:03.936  1071  1412 I Tracking: boltlib: DSP Rpc stats over 435504 ms: {"HexagonCornerHarrisEdgeIndexedSlicesAsync":5,"HexagonMemMap":1,"HexagonOrbDescriptorsAsync":5,"HexagonOrbInit":1,"HexagonPatchInit":1,"HexagonPyramid3x3Async":5,"HexagonRpcMemTest":1,"a2e_boltnn_delegate":1,"controller_inference":1,"dd_boltnn_delegate_batch_128":2,"dd_boltnn_delegate_batch_256":2,"dd_boltnn_delegate_batch_32":2,"dd_boltnn_delegate_batch_64":2,"dpr_process_body_delegate":1,"hexagonNNFlatbuffersSetDebugLevel":11,"hexagonNNThreadPoolInit":3,"ofi_detector":1,"unnamed_et":2}
03-17 11:29:03.937  4730 13606 W OVRLibrary: null cursor received for query content://com.oculus.ocms.library/apps/com.oculus.systemux
03-17 11:29:03.958   794  3041 I vendor.qti.bluetooth@1.1-ibs_handler: DeviceSleep: TX Awake, Sending SLEEP_IND
03-17 11:29:03.958   794  3041 D vendor.qti.bluetooth@1.1-ibs_handler: SerialClockVote: vote for UART CLK OFF
03-17 11:29:03.981  4313  4501 I VrGuardianService: getSupportedVrFeatures for [com.UnityTechnologies.com.unity.template.urpblank] (non-system-package)
03-17 11:29:03.982  3663 17237 W AppManagerInternal: Entitlement for packageName=com.UnityTechnologies.com.unity.template.urpblank not found, channels=[Store, Q4B, PcStore]
03-17 11:29:03.982  3663 17237 I PublicLibraryProvider: Using new entitlement framework to get App data
03-17 11:29:03.982  3663 17237 W PublicLibraryProvider: Cannot find entitlement for com.UnityTechnologies.com.unity.template.urpblank
03-17 11:29:03.994  6933  6955 D DeviceAuthenticator: Fetching credentials
03-17 11:29:03.995  6933  6955 D DeviceAuthenticator: Returning stored credentials
03-17 11:29:03.999  2773 13830 I HorizonDsatHelper: fetchTokenValueAsync - callingPackage: com.oculus.userserver2, actionName: com.oculus.auth.ACTION_FETCH_HORIZON_DEVICE_SCOPED_CREDENTIALS
03-17 11:29:03.999  2773 13830 I HorizonDsatHelper: fetchTokenAsync - forceRefresh: false, actionName: com.oculus.auth.ACTION_FETCH_HORIZON_DEVICE_SCOPED_CREDENTIALS
03-17 11:29:03.999  2773 13830 I HorizonDsatHelper: Returning stored token
03-17 11:29:03.999  2773 13830 I AuthLogger: Action succeeded: OBTAIN_TOKEN, callingPackage: com.oculus.userserver2, accountType: com.oculus, tokenType: dsat, extras: {logging_source=HorizonDsatHelper, options={"forceRefresh":false,"method":"fetchTokenValueAsync","isCachedToken":true}, token_scope=ROOT, outcome=token, status=success}, duration: 0ms
03-17 11:29:03.999  2773 13830 I HorizonDsatHelper: fetchTokenAsync:: OnResult - callingPackage: com.oculus.userserver2, actionName: com.oculus.auth.ACTION_FETCH_HORIZON_DEVICE_SCOPED_CREDENTIALS, forceRefresh: false, isResultPresent: true
03-17 11:29:04.000 13395 13826 I RuntimeTelemetryThread: Time aligned, interrupted: 0
03-17 11:29:04.002  2393  8545 D TrafficStats: tagSocket(74) with statsTag=0xffffffff, statsUid=-1
03-17 11:29:04.005  2324 13776 I RuntimeTelemetryThread: Time aligned, interrupted: 0
03-17 11:29:04.025  1071 13741 I Tracking: VioInitialization: Initialization Complete!
03-17 11:29:04.031  1071 13741 I Tracking: VEGA:HM:PERCEPTUAL: [65684.929 [sec]] State transition from NoTracking to 3DoF.
03-17 11:29:04.031  1071 13741 I Tracking: VIPER: [EVENT] Tracking initialization complete.
03-17 11:29:04.031  6933  6950 W eviceauthserver: ApkAssets: Deleting an ApkAssets object '<empty> and /system_ext/app/Horizon/Horizon.apk' with 1 weak references
03-17 11:29:04.031  2773 13831 I HorizonDsatHelper: refreshTokenAsync - callingPackage: com.oculus.horizon, actionName: com.oculus.auth.ACTION_DEVICE_SCOPED_TOKEN_REFRESH
03-17 11:29:04.031  2773 13831 I HorizonDsatHelper: Returning stored token
03-17 11:29:04.032  2773 13831 I AuthLogger: Action succeeded: OBTAIN_TOKEN, callingPackage: com.oculus.horizon, accountType: com.oculus, tokenType: dsat, extras: {logging_source=HorizonDsatHelper, options={"forceRefresh":true,"method":"refreshTokenAsync","isCachedToken":true}, token_scope=ROOT, outcome=token, status=success}, duration: 0ms
03-17 11:29:04.032  2773 13831 I HorizonDsatHelper: refreshTokenAsync:succeeded - callingPackage: com.oculus.horizon, actionName: com.oculus.auth.ACTION_DEVICE_SCOPED_TOKEN_REFRESH
03-17 11:29:04.032  2773 13831 I AuthLogger: Action succeeded: com.oculus.auth.ACTION_DEVICE_SCOPED_TOKEN_REFRESH, callingPackage: com.oculus.horizon, accountType: null, tokenType: null, extras: {is_relogin=false}, duration: 3ms
03-17 11:29:04.081  1071 13741 I Tracking: RateDownsampler: Entering Active Window
03-17 11:29:04.083   818  1340 D CameraStream: [ocal] Client [IOT(1071)] attempting start
03-17 11:29:04.083   818  1340 I FrameSetDispatcher: [{COL:FULPS}] Client pid=1071 (IOT): Client thread[{COL:FULPS}:IOT] started
03-17 11:29:04.083   818  1340 I CameraClientManager: [IOT(1071)][ocal] client started (estimated 1 started clients total)
03-17 11:29:04.083   818  1340 I CameraClientManager: [[IOT(1071)][ocal]] definitely starting stream
03-17 11:29:04.083   818  1340 I SensorService: [color] Starting cameras for purpose ocal
03-17 11:29:04.083   818  1340 I FrameSetCollator: [{COL:FULPS}] Skipping start, current start count: 2
03-17 11:29:04.083   818  1340 I SensorService: [color] Starting camera streams for purpose: ocal, current muxmode = 1
03-17 11:29:04.083   818  1340 I CameraClientManager: [[IOT(1071)][ocal]] stream start completed
03-17 11:29:04.083   818  1340 D CameraStream: [ocal] Client [IOT(1071)]: start complete
03-17 11:29:04.084  1071 13656 W TrackingService: trying to start depth stream when 3-way OCal is not enabled
03-17 11:29:04.088  1071 13742 W TrackingService: 1 late Color frame set were dropped: timestamp 65685.009800, last release 65685.010800.
03-17 11:29:04.094  1071  1424 I Tracking: VEGA_MAPPER: In-place context switching occurred. Evicting context: d5abab8b-898a-7f90-c815-ef569987a234
03-17 11:29:04.095  1071  1424 I Tracking: VEGA_MAPPER: == Initializing a new Map Context ==
03-17 11:29:04.095  1071  1424 I Tracking: LocalizationStateMachine: Reset reloc timer for new frontend session and start relocalizing.
03-17 11:29:04.095  1071  1424 I Tracking: LocalizationStateMachine: LocalizationStateMachine updated from NoAction to NoActionEmptyMapDb
03-17 11:29:04.103  4313  4501 I VrGuardianService: getSupportedVrFeatures for [com.UnityTechnologies.com.unity.template.urpblank] (non-system-package)
03-17 11:29:04.104  3663 17237 W AppManagerInternal: Entitlement for packageName=com.UnityTechnologies.com.unity.template.urpblank not found, channels=[Store, Q4B, PcStore]
03-17 11:29:04.104  3663 17237 I PublicLibraryProvider: Using new entitlement framework to get App data
03-17 11:29:04.104  3663 17237 W PublicLibraryProvider: Cannot find entitlement for com.UnityTechnologies.com.unity.template.urpblank
03-17 11:29:04.108   794  2172 D vendor.qti.bluetooth@1.1-wake_lock: Release wakelock is released 
03-17 11:29:04.125 13395 13418 I VrRuntimeClient: SetClientAppColorspace: !RiftCV1
03-17 11:29:04.125 13395 13418 I OVRPlugin: [CompositorOpenXR::SetClientColorDesc] Change colorspace from 0 to 4
03-17 11:29:04.146   818  1143 I SyncBossHAL: [info   ] syncboss_hal_impl_input.c(1239): Pulsar connected devices state change: 7, host current time: 107467355ms
03-17 11:29:04.146   818  1160 I SyncBossHAL: [info   ] pulsar_input_cache.c(893): Refreshing input cache
03-17 11:29:04.147   818  1160 I SyncBossHAL: [info   ] pulsar_input_cache.c(609): Enumerating d49e0f24fe7d5301
03-17 11:29:04.149   808   825 I SyncBossFW: 65685086 [info   ] {WIHO}: Pulsar dev connected d49e0f24fe7d5301 t: 65685086ms, (type: 9a011701, connection id: 0x7, cl version: 2)
03-17 11:29:04.149  1676 13680 I thread_utils:     Thread 13680 set to policy=0, priority=0, niceness=-20
03-17 11:29:04.149  1676 13680 I VrRuntimeService: Successfully elevated thread priority
03-17 11:29:04.149  1676 13680 I VrRuntimeService: CreateSwapChain: 1468247974
03-17 11:29:04.149  1676 13680 I VrRuntimeService: CreateSwapChain: api:vk 2 0x2b 1344 1408 1 3 2 0 3
03-17 11:29:04.150  1676 13680 I SwapChain_Vulkan_Foveated: CreateTextureSwapChainFoveationVulkan: Created and exported foveation resources
03-17 11:29:04.151  1676  1832 I @@@     : surface: SUCCESS posting result to queue
03-17 11:29:04.151  1676 13680 I CompositorServer: CreateTextureSwapChain: result importswapchainfromdevice 1
03-17 11:29:04.152 13395 13477 I SwapChain_Vulkan_Memory_Export: Imported texture has requirements 3, ends up index 0
03-17 11:29:04.152 13395 13477 I SwapChain_Vulkan_Memory_Export: Imported texture has requirements 3, ends up index 0
03-17 11:29:04.152 13395 13477 I SwapChain_Vulkan_Memory_Export: Imported texture has requirements 3, ends up index 0
03-17 11:29:04.152 13395 13477 I SwapChain_Vulkan_Foveated: ImportTextureResourcesFoveationVulkan: Imported foveation resources: 0xb400007a04e861e8
03-17 11:29:04.153 13395 13477 I OpenXR_GPUMemTrace: OpenXR GPU memory tracing is enabled on heap(oculus.OpenXR) with id(2)
03-17 11:29:04.153 13395 13477 I OpenXR_GPUMemTrace: Swapchain creation, id=793, idx=0, width: 1344, height: 1408, array size: 2, MemoryAllocationSize: 14897 KB
03-17 11:29:04.153 13395 13477 I OpenXR_GPUMemTrace: Swapchain creation, id=793, idx=1, width: 1344, height: 1408, array size: 2, MemoryAllocationSize: 14897 KB
03-17 11:29:04.153 13395 13477 I OpenXR_GPUMemTrace: Swapchain creation, id=793, idx=2, width: 1344, height: 1408, array size: 2, MemoryAllocationSize: 14897 KB
03-17 11:29:04.153 13395 13477 I OVRPlugin: CompositorOpenXR::BeginFrame_Internal(): new m_RenderThreadTid = 13477
03-17 11:29:04.153 13395 13477 I Distortion: Initializing Mesh Decenter Correction
03-17 11:29:04.154 13395 13477 I Distortion: Decenter tester version = 200
03-17 11:29:04.154 13395 13477 I Distortion: SetLensPositions - iad=0.0635, left offset=-0.00303566,8.77159e-05, right offset=0.00300801,2.41454e-05
03-17 11:29:04.154 13395 13477 I Distortion: Initializing Mesh Decenter Correction
03-17 11:29:04.155 13395 13477 I Distortion: Decenter tester version = 200
03-17 11:29:04.155 13395 13477 I Distortion: SetLensPositions - iad=0.0635, left offset=-0.00303566,8.77159e-05, right offset=0.00300801,2.41454e-05
03-17 11:29:04.155 13395 13477 I Distortion: Initializing Mesh Decenter Correction
03-17 11:29:04.155 13395 13477 I Distortion: Decenter tester version = 200
03-17 11:29:04.155 13395 13477 I Distortion: SetLensPositions - iad=0.0635, left offset=-0.00303566,8.77159e-05, right offset=0.00300801,2.41454e-05
03-17 11:29:04.156 13395 13477 I Distortion: Initializing Mesh Decenter Correction
03-17 11:29:04.156 13395 13477 I Distortion: Decenter tester version = 200
03-17 11:29:04.156 13395 13477 I Distortion: SetLensPositions - iad=0.0635, left offset=-0.00303566,8.77159e-05, right offset=0.00300801,2.41454e-05
03-17 11:29:04.157 13395 13477 I Distortion: Initializing Mesh Decenter Correction
03-17 11:29:04.158 13395 13477 I Distortion: Decenter tester version = 200
03-17 11:29:04.158 13395 13477 I Distortion: SetLensPositions - iad=0.0635, left offset=-0.00303566,8.77159e-05, right offset=0.00300801,2.41454e-05
03-17 11:29:04.158   818  1160 I SyncBossHAL: [info   ] pulsar_input_cache.c(576): Enumerating device version: 85.35.175
03-17 11:29:04.158 13395 13477 I Distortion: Initializing Mesh Decenter Correction
03-17 11:29:04.159 13395 13477 I Distortion: Decenter tester version = 200
03-17 11:29:04.159 13395 13477 I Distortion: SetLensPositions - iad=0.0635, left offset=-0.00303566,8.77159e-05, right offset=0.00300801,2.41454e-05
03-17 11:29:04.159 13395 13477 I Distortion: Initializing Mesh Decenter Correction
03-17 11:29:04.159 13395 13477 I Distortion: Decenter tester version = 200
03-17 11:29:04.159 13395 13477 I Distortion: SetLensPositions - iad=0.0635, left offset=-0.00303566,8.77159e-05, right offset=0.00300801,2.41454e-05
03-17 11:29:04.160 13395 13477 I Distortion: Initializing Mesh Decenter Correction
03-17 11:29:04.160 13395 13477 I Distortion: Decenter tester version = 200
03-17 11:29:04.160 13395 13477 I Distortion: SetLensPositions - iad=0.0635, left offset=-0.00303566,8.77159e-05, right offset=0.00300801,2.41454e-05
03-17 11:29:04.161 13395 13477 I Distortion: Initializing Mesh Decenter Correction
03-17 11:29:04.161 13395 13477 I Distortion: Decenter tester version = 200
03-17 11:29:04.161 13395 13477 I Distortion: SetLensPositions - iad=0.0635, left offset=-0.00303566,8.77159e-05, right offset=0.00300801,2.41454e-05
03-17 11:29:04.162 13395 13477 I Distortion: Initializing Mesh Decenter Correction
03-17 11:29:04.162 13395 13477 I Distortion: Decenter tester version = 200
03-17 11:29:04.162 13395 13477 I Distortion: SetLensPositions - iad=0.0635, left offset=-0.00303566,8.77159e-05, right offset=0.00300801,2.41454e-05
03-17 11:29:04.162 13395 13477 I Distortion: Initializing Mesh Decenter Correction
03-17 11:29:04.163 13395 13477 I Distortion: Decenter tester version = 200
03-17 11:29:04.163 13395 13477 I Distortion: SetLensPositions - iad=0.0635, left offset=-0.00303566,8.77159e-05, right offset=0.00300801,2.41454e-05
03-17 11:29:04.163 13395 13477 I Distortion: Initializing Mesh Decenter Correction
03-17 11:29:04.163 13395 13477 I Distortion: Decenter tester version = 200
03-17 11:29:04.163 13395 13477 I Distortion: SetLensPositions - iad=0.0635, left offset=-0.00303566,8.77159e-05, right offset=0.00300801,2.41454e-05
03-17 11:29:04.169  1071 13741 I Tracking: RateDownsampler: First Active Window frameset available. Window will remain active for 1 seconds
03-17 11:29:04.171   818  1160 I SyncBossHAL: [info   ] pulsar_input_cache.c(351): Controller d49e0f24fe7d5301 SPL version mismatch.  Expected: 65.23.0, Actual: 65.100.11
03-17 11:29:04.185  1071  1425 I Tracking: AnchorCacheHelpers: Wrote Anchor Cache To Disk: 0 anchors 0 anchor loc edges 0 l1 loc edges
03-17 11:29:04.212   818  1160 I SyncBossHAL: [info   ] pulsar_input_cache.c(719): Cache populated for device d49e0f24fe7d5301
03-17 11:29:04.212   818  1160 I SyncBossHAL: [info   ] pulsar_input_cache.c(286): Finished getting cache data for controller
03-17 11:29:04.212   818  1160 I SyncBossHAL:     id            : d49e0f24fe7d5301
03-17 11:29:04.212   818  1160 I SyncBossHAL:     pulsar_type   : 0x9a011701
03-17 11:29:04.212   818  1160 I SyncBossHAL:     connection id : 0x7
03-17 11:29:04.212   818  1160 I SyncBossHAL:     fw ver        : 85.35.175
03-17 11:29:04.212   818  1160 I SyncBossHAL:     spl ver       : 65.100.11
03-17 11:29:04.212   818  1160 I SyncBossHAL:     serial        : 2L0YNC6H2K014J
03-17 11:29:04.212   818  1160 I SyncBossHAL:     handedness    : right
03-17 11:29:04.212   818  1160 I SyncBossHAL:     battery state : 100%
03-17 11:29:04.212   818  1160 I SyncBossHAL: [info   ] pulsar_input_cache.c(909): Cache refresh complete in 67ms
03-17 11:29:04.212   818  1160 I SyncBossHAL: [info   ] pulsar_manager.c(180): Setting controller ID d49e0f24fe7d5301 LED config to period: 80000us, on-time: 19us, delay: 29787us
03-17 11:29:04.215   818 13650 D SensorService: Syncboss input d49e0f24fe7d5301 hardware type 10, subtype 2, revision 0x9a
03-17 11:29:04.215   818 13650 E libosutils: Failed to create output stream to '/data/vendor/misc/sensors/serialnumber/d49e0f24fe7d5301': : No such file or directory
03-17 11:29:04.215   818 13650 E SensorService: Failed to write to file /data/vendor/misc/sensors/serialnumber/d49e0f24fe7d5301: Unknown error -2
03-17 11:29:04.215   818 13650 I SensorService: preparePairedControllerInfo is adding device with valid 1
03-17 11:29:04.215   818 13650 D SensorService: Syncboss input 541f699212c92133 hardware type 10, subtype 1, revision 
03-17 11:29:04.215   818 13650 I SensorService: preparePairedControllerInfo is adding device with valid 1
03-17 11:29:04.215   818 13650 D SensorService: stateChangeNotifierFunc(): Reporting controller info. Change token: 222, paired=2 connected=1
03-17 11:29:04.215  2108 13658 D ControllerManagement: processStateChange([PairedControllerInfo RUBYPRQ d49e0f24fe7d5301 connected detached mcnt=0])
03-17 11:29:04.215  2108 13658 I ControllerManagement: ControllerGlue: d49e0f24fe7d5301: boostControllerTxPower: controllerType=RUBYPRQ, countryCode=00, txPower=5
03-17 11:29:04.216   818  1340 D SensorService: ControllerProvider: Successfully set tx power to 5, filter to 5
03-17 11:29:04.216  2108 13658 D ControllerManagement: RemoteService::recordControllerStatusUpdate: device d49e0f24fe7d5301: status: CONNECTED_ACTIVE tracking: NONE, errors: --
03-17 11:29:04.216   818  1160 I SyncBossHAL: [info   ] pulsar_manager.c(327): Setting transmit power for all connected controllers to 5 dBm
03-17 11:29:04.216  2154 15098 I ControllerNotifications: Skipping input notifications for device 0 (state=ConnectedBatteryNormal) (mShuttingDown?: false, mNotificationsEnabled?: false, mHandTrackingEnabled?: false, mMultimodalityEnabled?: false)
03-17 11:29:04.218   818  1160 I SyncBossHAL: [info   ] pulsar_manager.c(327): Setting filter transmit power for all connected controllers to 5 dBm
03-17 11:29:04.218   818  1340 D SensorService: Found paired controllers: 2
03-17 11:29:04.218   818  1340 D SensorService: Syncboss input d49e0f24fe7d5301 hardware type 10, subtype 2, revision 0x9a
03-17 11:29:04.218   818  1340 E libosutils: Failed to create output stream to '/data/vendor/misc/sensors/serialnumber/d49e0f24fe7d5301': : No such file or directory
03-17 11:29:04.218   818  1340 E SensorService: Failed to write to file /data/vendor/misc/sensors/serialnumber/d49e0f24fe7d5301: Unknown error -2
03-17 11:29:04.218   818  1340 I SensorService: preparePairedControllerInfo is adding device with valid 1
03-17 11:29:04.218   818  1340 D SensorService: Syncboss input 541f699212c92133 hardware type 10, subtype 1, revision 
03-17 11:29:04.218   818  1340 I SensorService: preparePairedControllerInfo is adding device with valid 1
03-17 11:29:04.219  1071 13730 D TrackingService: Creating RemoteConstellationTrackedDevice
03-17 11:29:04.219   818 13650 D SensorService: Found paired controllers: 2
03-17 11:29:04.219   818 13650 D SensorService: Syncboss input d49e0f24fe7d5301 hardware type 10, subtype 2, revision 0x9a
03-17 11:29:04.219   818 13650 E libosutils: Failed to create output stream to '/data/vendor/misc/sensors/serialnumber/d49e0f24fe7d5301': : No such file or directory
03-17 11:29:04.219   818 13650 E SensorService: Failed to write to file /data/vendor/misc/sensors/serialnumber/d49e0f24fe7d5301: Unknown error -2
03-17 11:29:04.219   818 13650 I SensorService: preparePairedControllerInfo is adding device with valid 1
03-17 11:29:04.219  1071 13730 W TrackingUtils: Failed to parse firmware version string 85.35.175
03-17 11:29:04.219   818 13650 D SensorService: Syncboss input 541f699212c92133 hardware type 10, subtype 1, revision 
03-17 11:29:04.219   818 13650 I SensorService: preparePairedControllerInfo is adding device with valid 1
03-17 11:29:04.219  1071 13730 I TrackingService: Registering primary controller d49e0f24fe7d5301 in RIGHT slot
03-17 11:29:04.219  2108 13658 D ControllerManagement: processStateChange([PairedControllerInfo RUBYPRQ 541f699212c92133 disconnected detached update-required mcnt=0])
03-17 11:29:03.568     0     0 I CAM_ERR : CAM-ISP: __cam_isp_ctx_rdi_only_epoch_in_top_state: 7751 epoch with no req in active list ctx:14 res_id:0
03-17 11:29:04.218     0     0 I input   : Device 0xD49E0F24FE7D5301 as /devices/virtual/input/input114
03-17 11:29:04.219  1071 13730 D TrackingService: registerRemote: d49e0f24fe7d5301
03-17 11:29:04.220  1071 13730 I Tracking: INPUT_TRACKING_ENGINE: InputTrackingEngine::updateControllerStatus(): (OS) Requesting tracking engine to activate device 0xd49e0f24fe7d5301.
03-17 11:29:04.220  1071 13730 I Tracking: INPUT_TRACKING_ENGINE: InputTrackingEngine::updateControllerStatus(): Lock acquired on controller status cache.
03-17 11:29:04.220  1071 13730 I Tracking: INPUT_TRACKING_ENGINE: InputTrackingEngine::updateControllerStatusInternal(): OS requesting to activate device 0xd49e0f24fe7d5301.
03-17 11:29:04.220  1071 13730 I Tracking: INPUT_TRACKING_ENGINE: InputTrackingEngine::updateControllerStatusInternal(): (OS) Device 0xd49e0f24fe7d5301 is registered. Update controller status.
03-17 11:29:04.220  1071 13730 I Tracking: INPUT_TRACKING: PipelineInterface setTrackedObjectStatus(0xd49e0f24fe7d5301, true)
03-17 11:29:04.220  1071 13730 I Tracking: INPUT_TRACKING: Set device 0xd49e0f24fe7d5301 to active.
03-17 11:29:04.220  2108 13658 D ControllerManagement: RemoteService::recordControllerStatusUpdate: device d49e0f24fe7d5301: status: CONNECTED_ACTIVE tracking: NONE, errors: --
03-17 11:29:04.220  1071 13730 I Tracking: INPUT_TRACKING: Setting LED ontime to 19us for device 0xd49e0f24fe7d5301 with handedness Right.
03-17 11:29:04.221   818 13650 D SensorService: Found paired controllers: 2
03-17 11:29:04.221   818 13650 D SensorService: Syncboss input d49e0f24fe7d5301 hardware type 10, subtype 2, revision 0x9a
03-17 11:29:04.221   818 13650 E libosutils: Failed to create output stream to '/data/vendor/misc/sensors/serialnumber/d49e0f24fe7d5301': : No such file or directory
03-17 11:29:04.221   818 13650 E SensorService: Failed to write to file /data/vendor/misc/sensors/serialnumber/d49e0f24fe7d5301: Unknown error -2
03-17 11:29:04.221   818 13650 I SensorService: preparePairedControllerInfo is adding device with valid 1
03-17 11:29:04.221   818 13650 D SensorService: Syncboss input 541f699212c92133 hardware type 10, subtype 1, revision 
03-17 11:29:04.221   818 13650 I SensorService: preparePairedControllerInfo is adding device with valid 1
03-17 11:29:04.221  1415  1556 W EventHub: Unable to disable kernel key repeat for /dev/input/event4: Function not implemented
03-17 11:29:04.221  1415  1556 I EventHub: usingClockIoctl=true
03-17 11:29:04.221  1415  1556 I EventHub: New device: id=115, fd=644, path='/dev/input/event4', name='Device 0xD49E0F24FE7D5301', classes=KEYBOARD | INPUT_DEVICE_CLASS_VR_PERIPHERAL, configuration='/odm/usr/idc/Vendor_2833_Product_0160.idc', keyLayout='/odm/usr/keylayout/oculus-device.kl', keyCharacterMap='/system/usr/keychars/Generic.kcm', builtinKeyboard=false, 
03-17 11:29:04.222  1415  1556 I InputReader: Device added: id=63, eventHubId=115, name='Device 0xD49E0F24FE7D5301', descriptor='96e179e7eecd77a031dd00bc9145ea715941e6e6',sources=MOUSE | ROTARY_ENCODER | SENSOR
03-17 11:29:04.222  1676  2112 I ServiceInputManager: OSSDKTRACKING InputState has changed
03-17 11:29:04.222  1676  2112 I ServiceInputManager: OSSDKTRACKING 0 found one 8000
03-17 11:29:04.222  1676  2112 I ServiceInputManager: OSSDKTRACKING model is a supported remote, adding to list 8000
03-17 11:29:04.222  1676  2112 I ServiceInputManager: OSSDKTRACKING GetNewConnectedRemotesList, returned true. remotes 1
03-17 11:29:04.223  1415  1474 D DisplayManagerService: Ignore redundant display event 0/2 to 10063/6953
03-17 11:29:04.226  4313  4501 I VrGuardianService: getSupportedVrFeatures for [com.UnityTechnologies.com.unity.template.urpblank] (non-system-package)
03-17 11:29:04.227  3663 17237 W AppManagerInternal: Entitlement for packageName=com.UnityTechnologies.com.unity.template.urpblank not found, channels=[Store, Q4B, PcStore]
03-17 11:29:04.227  3663 17237 I PublicLibraryProvider: Using new entitlement framework to get App data
03-17 11:29:04.227  3663 17237 W PublicLibraryProvider: Cannot find entitlement for com.UnityTechnologies.com.unity.template.urpblank
03-17 11:29:04.227  2324  2948 I [SEO] AndroidDriver: Android input device added, ID: 63
03-17 11:29:04.230  1071 13730 I Tracking: INPUT_TRACKING_ENGINE: InputTrackingEngine::updateControllerStatusInternal(): (OS) LED ontime for device 0xd49e0f24fe7d5301 successfully set.
03-17 11:29:04.230  1071 13730 I Tracking: INPUT_TRACKING_ENGINE: InputTrackingEngine::updateControllerStatusInternal(): (OS) Device 0xd49e0f24fe7d5301 successfully updated in health monitor.
03-17 11:29:04.230  1071 13730 I Tracking: INPUT_TRACKING_ENGINE: InputTrackingEngine::updateControllerStatusInternal(): (OS) Successfully activated device 0xd49e0f24fe7d5301.
03-17 11:29:04.230  2108 13658 D ControllerManagement: RemoteService::recordControllerStatusUpdate: device d49e0f24fe7d5301: status: CONNECTED_ACTIVE tracking: NONE, errors: --
03-17 11:29:04.232 13395 13825 I InputDevice_TrackedRemote: REMOTE: Hand=2 IndexAnalog=0.00 GripAnalog=0.00 Buttons=0x00000000
03-17 11:29:04.233  2324  2948 I InputDevice_TrackedRemote: REMOTE: Hand=2 IndexAnalog=0.00 GripAnalog=0.00 Buttons=0x00000000
03-17 11:29:04.233  2324  2948 I OpenXR_ClientState: [OATS]: IP changed: unknown/interaction_profiles/meta/touch_controller_plus, 7
03-17 11:29:04.234 13395 13418 W Unity   : FoveatedRenderingInfo struct size mismatch.
03-17 11:29:04.237  2324  2948 W [SEO] InputOpenXr: Interaction Profile retrieval failed: /user/eyes_ext
03-17 11:29:04.238 13395 13838 I FenceChecker: FenceChecker::MainLoop - started
03-17 11:29:04.238  2773  3377 I AuthLogger: Action succeeded: SYNC_ACCOUNTS, callingPackage: com.oculus.horizon, accountType: null, tokenType: null, extras: {}, duration: 1242ms
03-17 11:29:04.241  1071 13766 I Tracking: CONSTELLATION: P+C Right: StateBufferOnlineCalibrationCache: Initialized with a last good IMU ocal with capture time 13139.870s, unix time 1773580358s (162986.195s ago)
03-17 11:29:04.241  1071 13766 I Tracking: CONSTELLATION: P+C Right: ControllerStateBuffer: RESET
03-17 11:29:04.241  1071 13766 I Tracking: CONSTELLATION: P+C Right: ControllerStateBuffer: RESET
03-17 11:29:04.241  1071 13766 I Tracking: INPUT_TRACKING: [Throttled count=2] EVPR: Both hands invalid. Skipping inference.
03-17 11:29:04.241  1071 13766 W Tracking: CONSTELLATION: P+C Right: Cam ahead of IMU by 65686169.8 ms. Ignore this pose sample. Last IMU timestamp: -1.0000 seconds.
03-17 11:29:04.241  1071 13766 I Tracking: CONSTELLATION_Right: [Throttled count=8] P+C Right: Imu state is invalid when querying vision state!
03-17 11:29:04.245  1070  1070 I TrackingFidelityService: Request(s)={pt_display_sync:5,}
03-17 11:29:04.245  1070  1070 I TrackingFidelityService: Request(s)={pt_display_sync:5,mr_passthrough:3,hyperscape_room_scanning:0,isp_foveation:5,low_latency_pt:5,}, Mux mode idx=2, name=defaultDisplay, score=-2980
03-17 11:29:04.245  1070  1070 I TrackingFidelityService: beginTransition[color]: default(1)->defaultDisplay(2)
03-17 11:29:04.245  1070  1070 I TrackingFidelityService: _applyMuxModeLockedInternal: Applying camera mux mode defaultDisplay via requestFeaturesWithFidelitiesLocked
03-17 11:29:04.246   818  1281 I SensorService: [color] Setting camera mux mode to 2
03-17 11:29:04.246   818  1281 I SensorService: updating CameraStream mux states
03-17 11:29:04.246  1060  1110 I SensorDataTransforms: [CameraStreamControl:cam2bridge] Staging mux mode updates for {color: ind-2, seqId-233},
03-17 11:29:04.246  1060  1110 I SensorDataTransforms: [CameraStreamControl:cam2bridge] Mux mode updates succesfully staged
03-17 11:29:04.246  1071  1142 I SensorDataTransforms: [iot:ocal] Staging mux mode updates for {color: ind-2, seqId-233},
03-17 11:29:04.246  1071  1142 I SensorDataTransforms: [iot:ocal] Signaling start of the mode transition
03-17 11:29:04.246  1071  1142 I TrackingService: [iot:ocal] Start configuration update starting
03-17 11:29:04.246  1071  1142 I TrackingService: [iot:ocal] Start configuration update done
03-17 11:29:04.246  1071  1142 I SensorDataTransforms: [iot:ocal] Mux mode updates successfully staged
03-17 11:29:04.246  1071  1142 D TrackingService: [iot:ocal]Queue mux mode update notification: defaultDisplay
03-17 11:29:04.246  1071  1432 D TrackingService: [ocal]start onMuxStateUpdate. ModeId: default -> defaultDisplay
03-17 11:29:04.246  1071  1432 D TrackingService: [iot][ocal]handleMuxModeNotification started for muxMode[color: defaultDisplay]
03-17 11:29:04.246  1071  1432 D TrackingService: [iot][ocal]handleMuxModeNotification finished for muxMode[color: defaultDisplay]
03-17 11:29:04.246  1071  1432 D TrackingService: [ocal]end onMuxStateUpdate. ModeId: default -> defaultDisplay
03-17 11:29:04.246  1071  1432 I TrackingService: [                        iot:ocal] Mux Mode Transition from sensor service: default -> defaultDisplay transition time: 0 ms
03-17 11:29:04.246   818  1281 I SensorService: ending update to CameraStream mux states
03-17 11:29:04.246   818  1281 I FrameSetCollator: [{COL:FULPS}] Updated frame set period to 13888000, with all camera system activeSlots [[T,]]
03-17 11:29:04.246   818  1281 I FrameSetDispatcher: [{COL:FULPS}] Client pid=1062 (MrSSCamS): [color] Updated CameraMuxMode: 2, Slots: SLOT_0 
03-17 11:29:04.246   818  1281 I FrameSetDispatcher: [{COL:FULPS}] Client pid=1071 (IOT): [color] Updated CameraMuxMode: 2, Slots: SLOT_0 
03-17 11:29:04.246   818  1281 I FrameSetDispatcher: [{COL:FULPS}] Latest MuxModeSettings: 2
03-17 11:29:04.246   818  1281 I FrameSetDispatcher: [{COL:FULPS}] purpose: active_slots, slots: SLOT_0 
03-17 11:29:04.246   818  1281 I FrameSetDispatcher: [{COL:FULPS}] purpose: cam2bridge, slots: SLOT_0 
03-17 11:29:04.246   818  1281 I FrameSetDispatcher: [{COL:FULPS}] purpose: ocal, slots: SLOT_0 
03-17 11:29:04.246   818  1281 I FrameSetDispatcher: [{COL:FULPS}] purpose: passthrough, slots: SLOT_0 
03-17 11:29:04.246  1062  1236 I SensorDataTransforms: [MrStreamControl:passthrough] Staging mux mode updates for {color: ind-2, seqId-233},
03-17 11:29:04.247  1062  1236 I SensorDataTransforms: [MrStreamControl:passthrough] Signaling start of the mode transition
03-17 11:29:04.247  1062  1236 I SensorDataTransforms: [MrStreamControl:passthrough] Mux mode updates successfully staged
03-17 11:29:04.249   808   825 I SyncBossFW: 65685188 [info   ] {GCM }: general_cam_mgr_stop_streaming for cameras 0x30
03-17 11:29:04.249   818  1281 I SensorService: Active camera ids set to: []
03-17 11:29:04.250   818  1281 I ColorCameraSystem: [color] Switch to display rate sync mode (72.000 Hz).
03-17 11:29:04.250  1676  1772 I DisplayModeControl: Requesting mode 50 for display 4630946882202380434
03-17 11:29:04.250  1127  1127 I RefreshRateSelector: Display 4630946882202380434 policy changed
03-17 11:29:04.250  1127  1127 I RefreshRateSelector: Previous: {defaultModeId=0, allowGroupSwitching=false, primaryRanges={physical=[0.00 Hz, 340282346638528859811704183484516925440.00 Hz], render=[0.00 Hz, 340282346638528859811704183484516925440.00 Hz]}, appRequestRanges={physical=[0.00 Hz, 340282346638528859811704183484516925440.00 Hz], render=[0.00 Hz, 340282346638528859811704183484516925440.00 Hz]}}
03-17 11:29:04.250  1127  1127 I RefreshRateSelector: Current:  DisplayManagerPolicy{defaultModeId=49, allowGroupSwitching=false, primaryRanges={physical=[0.00 Hz, 340282346638528859811704183484516925440.00 Hz], render=[0.00 Hz, 340282346638528859811704183484516925440.00 Hz]}, appRequestRanges={physical=[0.00 Hz, 340282346638528859811704183484516925440.00 Hz], render=[0.00 Hz, 340282346638528859811704183484516925440.00 Hz]}}
03-17 11:29:04.250  1127  1127 I RefreshRateSelector: 1 mode changes were performed under the previous policy
03-17 11:29:04.251  1415  4052 D ThreadTagService: applyThreadTag: tag=7 tid=13418
03-17 11:29:04.252  1415  4052 D ThreadTagService: applyThreadTag: tag=8 tid=13477
03-17 11:29:04.252   818  1281 I ColorCameraSystem: [color] Set camera sync mode to display
03-17 11:29:04.252   808   825 I SyncBossFW: 65685191 [info   ] {BRGB}: Enabling display sync mode
03-17 11:29:04.255 13395 13477 I Distortion: Initializing Mesh Decenter Correction
03-17 11:29:04.255   818  1281 I XrCameraHal: XrCameraPhysical.cpp:UpdateFrameSettings: Camera 4 UpdateFrameSettings
03-17 11:29:04.255   818  1281 I XrCameraHal: XrCameraPhysical.cpp:UpdateFrameSettings: Camera 5 UpdateFrameSettings
03-17 11:29:04.255   818  1122 I libsensortelemetry: Updating camera metrics frame period from 20000 to 13888
03-17 11:29:04.256   808   825 I SyncBossFW: 65685193 [info   ] {GCM }: general_cam_mgr_set_frame_rate_config cams 0x30 period 13888us
03-17 11:29:04.256  1120  1221 W SDM     : HWDeviceDRM::GetSupportedBitClkRate: Requested rate not supported: 0
03-17 11:29:04.256  1120  1221 I SDM     : HWDeviceDRM::UpdateMixerAttributes: Mixer WxH 4128x2208-2 for Peripheral
03-17 11:29:04.256 13395 13477 I Distortion: Decenter tester version = 200
03-17 11:29:04.256 13395 13477 I Distortion: SetLensPositions - iad=0.0635, left offset=-0.00303566,8.77159e-05, right offset=0.00300801,2.41454e-05
03-17 11:29:04.256  1120  1221 I SDM     : HWCDisplay::SubmitDisplayConfig: Active configuration changed from config 0 to 49
03-17 11:29:04.257 13395 13477 I Distortion: Initializing Mesh Decenter Correction
03-17 11:29:04.257 13395 13477 I Distortion: Decenter tester version = 200
03-17 11:29:04.257 13395 13477 I Distortion: SetLensPositions - iad=0.0635, left offset=-0.00303566,8.77159e-05, right offset=0.00300801,2.41454e-05
03-17 11:29:04.258  1120  1210 I SDM     : HWDeviceDRM::SetDisplaySwitchMode: Mode 49 already set
03-17 11:29:04.258   818  1281 I SensorService: Active camera ids set to: [4,5]
03-17 11:29:04.258   818  1281 W SensorService: [color] Skipped updateSyncbossFrameTag - no updater or override provided
03-17 11:29:04.258   808   825 I SyncBossFW: 65685196 [info   ] {GCM }: general_cam_mgr_start_streaming for cameras 0x30
03-17 11:29:04.258  1070  1070 I TrackingFidelityService: endTransition[color]: default(1)->defaultDisplay(2), seqId=233, succeeded=true
03-17 11:29:04.257     0     0 I [drm:dsi_display_set_mode [msm_drm]] [msm-dsi-info]: mdp_transfer_time=0, hactive=4128, vactive=2208, fps=72, clk_rate=0
03-17 11:29:04.260 13395 13477 I Distortion: Initializing Mesh Decenter Correction
03-17 11:29:04.261 13395 13477 I Distortion: Decenter tester version = 200
03-17 11:29:04.261 13395 13477 I Distortion: SetLensPositions - iad=0.0635, left offset=-0.00303566,8.77159e-05, right offset=0.00300801,2.41454e-05
03-17 11:29:04.261 13395 13477 I Distortion: Initializing Mesh Decenter Correction
03-17 11:29:04.261 13395 13477 I Distortion: Decenter tester version = 200
03-17 11:29:04.261 13395 13477 I Distortion: SetLensPositions - iad=0.0635, left offset=-0.00303566,8.77159e-05, right offset=0.00300801,2.41454e-05
03-17 11:29:04.262 13395 13477 I Distortion: Initializing Mesh Decenter Correction
03-17 11:29:04.262  1676 13659 I Vsync   : Vsync 113:  1 x 11.11 ms (72.00 Hz, at 107467.472)
03-17 11:29:04.262 13395 13477 I Distortion: Decenter tester version = 200
03-17 11:29:04.262 13395 13477 I Distortion: SetLensPositions - iad=0.0635, left offset=-0.00303566,8.77159e-05, right offset=0.00300801,2.41454e-05
03-17 11:29:04.262 13395 13477 I Distortion: Initializing Mesh Decenter Correction
03-17 11:29:04.263 13395 13477 I Distortion: Decenter tester version = 200
03-17 11:29:04.263 13395 13477 I Distortion: SetLensPositions - iad=0.0635, left offset=-0.00303566,8.77159e-05, right offset=0.00300801,2.41454e-05
03-17 11:29:04.263 13395 13477 I Distortion: Initializing Mesh Decenter Correction
03-17 11:29:04.263   818 13652 I SyncBossInput: [info   ] [rubyprq (right) d49e0f24fe7d5301]: 67670895 [info   ] {THDG}: active_connected -> active_seek
03-17 11:29:04.263 13395 13477 I Distortion: Decenter tester version = 200
03-17 11:29:04.263 13395 13477 I Distortion: SetLensPositions - iad=0.0635, left offset=-0.00303566,8.77159e-05, right offset=0.00300801,2.41454e-05
03-17 11:29:04.264 13395 13477 I Distortion: Initializing Mesh Decenter Correction
03-17 11:29:04.264   818  1292 E SyncBossHAL: [error  ] syncboss_hal_impl_camera_v2_metadata.c(380): Failed to match frame for syncbossCamId 16 to recent shutter packet: queue is empty
03-17 11:29:04.264   818  1292 E SyncBossHAL: [error  ] syncboss_hal_impl_camera_v2_metadata.c(1401): Failed to match imx471 frame to timestamp packet. cam_id: 16, tag: 3
03-17 11:29:04.264   818  1292 E SensorService: SyncbossCameraController::getFrameMetadata(syncbossCamId: 16): rc: -1.
03-17 11:29:04.264   818  1292 E SensorService: failed to handle frame metadata for cam 4 streamType 13, dropping frame!
03-17 11:29:04.264 13395 13477 I Distortion: Decenter tester version = 200
03-17 11:29:04.264 13395 13477 I Distortion: SetLensPositions - iad=0.0635, left offset=-0.00303566,8.77159e-05, right offset=0.00300801,2.41454e-05
03-17 11:29:04.265 13395 13477 I Distortion: Initializing Mesh Decenter Correction
03-17 11:29:04.265  1415  1474 I DisplayDeviceRepository: Display device changed: DisplayDeviceInfo{"Built-in Screen": uniqueId="local:4630946882202380434", 4128 x 2208, modeId 50, renderFrameRate 72.00001, defaultModeId 1, supportedModes [{id=1, width=4128, height=2208, fps=90.0, alternativeRefreshRates=[], supportedHdrTypes=[1, 2, 3]}, {id=2, width=3104, height=1664, fps=90.0, alternativeRefreshRates=[], supportedHdrTypes=[1, 2, 3]}, {id=3, width=4128, height=2208, fps=120.00001, alternativeRefreshRates=[], supportedHdrTypes=[1, 2, 3]}, {id=4, width=4128, height=2208, fps=119.00001, alternativeRefreshRates=[], supportedHdrTypes=[1, 2, 3]}, {id=5, width=4128, height=2208, fps=118.0, alternativeRefreshRates=[], supportedHdrTypes=[1, 2, 3]}, {id=6, width=4128, height=2208, fps=117.00001, alternativeRefreshRates=[], supportedHdrTypes=[1, 2, 3]}, {id=7, width=4128, height=2208, fps=116.00001, alternativeRefreshRates=[], supportedHdrTypes=[1, 2, 3]}, {id=8, width=4128, height=2208, fps=115.0, alternativeRefreshRates=[], supportedHdrTypes=[1, 2, 3]}, {id=9, width=4128, height=2208, fps=114.00001, alternativeRefreshRates=[], supportedHdrTypes=[1, 2, 3]}, {id=10, width=4128, height=2208, fps=113.00001, alternativeRefreshRates=[], supportedHdrTypes=[1, 2, 3]}, {id=11, width=4128, height=2208, fps=112.00001, alternativeRefreshRates=[], supportedHdrTypes=[1, 2, 3]}, {id=12, width=4128, height=2208, fps=111.0, alternativeRefreshRates=[], supportedHdrTypes=[1, 2, 3]}, {id=13, width=4128, height=2208, fps=110.0, alternativeRefreshRates=[], supportedHdrTypes=[1, 2, 3]}, {id=14, width=4128, height=2208, fps=109.00001, alternativeRefreshRates=[], supportedHdrTypes=[1, 2, 3]}, {id=15, width=4128, height=2208, fps=108.0, alternativeRefreshRates=[], supportedHdrTypes=[1, 2, 3]}, {id=16, width=4128, height=2208, fps=107.00001, alternativeRefreshRates=[], supportedHdrTypes=[1, 2, 3]}, {id=17, width=4128, height=2208, fps=106.0, alternativeRefreshRates=[], supportedHdrTypes=[1, 2, 3]}, {id=18, width=4128, height=2208, fps=105.00001, alternativeRefreshRates=[], supportedHdrTypes=[1, 2, 3]}, {id=19, width=4128, height=2208, fps=104.00001, alternativeRefreshRates=[], supportedHdrTypes=[1, 2, 3]}, {id=20, width=4128, height=2208, fps=103.00001, alternativeRefreshRates=[], supportedHdrTypes=[1, 2, 3]}, {id=21, width=4128, height=2208, fps=102.00001, alternativeRefreshRates=[], supportedHdrTypes=[1, 2, 3]}, {id=22, width=4128, height=2208, fps=101.0, alternativeRefreshRates=[], supportedHdrTypes=[1, 2, 3]}, {id=23, width=4128, height=2208, fps=100.0, alternativeRefreshRates=[], supportedHdrTypes=[1, 2, 3]}, {id=24, width=4128, height=2208, fps=99.0, alternativeRefreshRates=[], supportedHdrTypes=[1, 2, 3]}, {id=25, width=4128, height=2208, fps=98.00001, alternativeRefreshRates=[], supportedHdrTypes=[1, 2, 3]}, {id=26, width=4128, height=2208, fps=97.0, alternativeRefreshRates=[], supportedHdrTypes=[1, 2, 3]}, {id=27, width=4128, height=2208, fps=96.00001, alternativeRefreshRates=[], supportedHdrTypes=[1, 2, 3]}, {id=28, width=4128, height=2208, fps=95.00001, alternativeRefreshRates=[], supportedHdrTypes=[1, 2, 3]}, {id=29, width=4128, height=2208, fps=94.00001, alternativeRefreshRates=[], supportedHdrTypes=[1, 2, 3]}, {id=30, width=4128, height=2208, fps=93.0, alternativeRefreshRates=[], supportedHdrTypes=[1, 2, 3]}, {id=31, width=4128, height=2208, fps=92.0, alternativeRefreshRates=[], supportedHdrTypes=[1, 2, 3]}, {id=32, width=4128, height=2208, fps=91.00001, alternativeRefreshRates=[], supportedHdrTypes=[1, 2, 3]}, {id=33, width=4128, height=2208, fps=89.0, alternativeRefreshRates=[], supportedHdrTypes=[1, 2, 3]}, {id=34, width=4128, height=2208, fps=88.0, alternativeRefreshRates=[], supportedHdrTypes=[1, 2, 3]}, {id=35, width=4128, height=2208, fps=87.00001, alternativeRefreshRates=[], supportedHdrTypes=[1, 2, 3]}, {id=36, width=4128, height=2208, fps=86.00001, alternativeRefreshRates=[], supportedHdrTypes=[1, 2, 3]}, {id=37, width=4128, height=2208, fps=85.00001, alternativeRefreshRates=[], supportedHdrTypes=[1, 2, 3]}, {id=38, width=4128, height=
03-17 11:29:04.265  1415  1474 D DisplayManagerService: Ignore redundant display event 0/2 to 10063/6953
03-17 11:29:04.265  1415  1474 D DisplayManagerService: Ignore redundant display event 0/2 to 10065/9266
03-17 11:29:04.267 13395 13477 I Distortion: Decenter tester version = 200
03-17 11:29:04.267 13395 13477 I Distortion: SetLensPositions - iad=0.0635, left offset=-0.00303566,8.77159e-05, right offset=0.00300801,2.41454e-05
03-17 11:29:04.267 13395 13477 I Distortion: Initializing Mesh Decenter Correction
03-17 11:29:04.268   818  1292 E SyncBossHAL: [error  ] syncboss_hal_impl_camera_v2_metadata.c(380): Failed to match frame for syncbossCamId 32 to recent shutter packet: queue is empty
03-17 11:29:04.268   818  1292 E SyncBossHAL: [error  ] syncboss_hal_impl_camera_v2_metadata.c(1401): Failed to match imx471 frame to timestamp packet. cam_id: 32, tag: 3
03-17 11:29:04.268   818  1292 E SensorService: SyncbossCameraController::getFrameMetadata(syncbossCamId: 32): rc: -1.
03-17 11:29:04.268 13395 13477 I Distortion: Decenter tester version = 200
03-17 11:29:04.268   818  1292 E SensorService: failed to handle frame metadata for cam 5 streamType 13, dropping frame!
03-17 11:29:04.268 13395 13477 I Distortion: SetLensPositions - iad=0.0635, left offset=-0.00303566,8.77159e-05, right offset=0.00300801,2.41454e-05
03-17 11:29:04.268 13395 13477 I Distortion: Initializing Mesh Decenter Correction
03-17 11:29:04.269 13395 13477 I Distortion: Decenter tester version = 200
03-17 11:29:04.269 13395 13477 I Distortion: SetLensPositions - iad=0.0635, left offset=-0.00303566,8.77159e-05, right offset=0.00300801,2.41454e-05
03-17 11:29:04.269 13395 13477 I Distortion: Initializing Mesh Decenter Correction
03-17 11:29:04.270 13395 13477 I Distortion: Decenter tester version = 200
03-17 11:29:04.270 13395 13477 I Distortion: SetLensPositions - iad=0.0635, left offset=-0.00303566,8.77159e-05, right offset=0.00300801,2.41454e-05
03-17 11:29:04.270   818 13682 I XrCameraHal: Xr3AManager.cpp:applyFrameBasedSettings: isp set Camera: 4, framerate to 72
03-17 11:29:04.270   818 13682 I XrCameraHal: Xr3AManager.cpp:applyFrameBasedSettings: isp set Camera: 5, framerate to 72
03-17 11:29:04.270  2324  2948 I [SEO] VrPlatformOpenXr: xrPollEvent: received XR_TYPE_EVENT_DATA_DISPLAY_REFRESH_RATE_CHANGED_FB event: fromRate 90.000000 -> toRate 72.000000
03-17 11:29:04.271 13395 13418 I OpenXR  : PostSessionStateChange:[pid: 13395] XR_SESSION_STATE_READY -> XR_SESSION_STATE_SYNCHRONIZED
03-17 11:29:04.271 13395 13418 I JVMHandler: JVMHandler: callStaticMethodWithVariableArguments. [functionName:getLaunchId] is valid: [1]
03-17 11:29:04.272 13395 13418 W VrRuntimeClient: Failed to call getLaunchId
03-17 11:29:04.272 13395 13418 W VrRuntimeClient: useHzInterstitialCBGKEnabled not enabled
03-17 11:29:04.272 13395 13418 D OVRPlugin: HandleOpenXREvents(): XrEventDataDisplayRefreshRateChangedFB from 90.000000 to 72.000000
03-17 11:29:04.273 13395 13418 I OpenXR  : PostSessionStateChange:[pid: 13395] XR_SESSION_STATE_SYNCHRONIZED -> XR_SESSION_STATE_VISIBLE
03-17 11:29:04.273 13395 13418 I JVMHandler: JVMHandler: callStaticMethodWithVariableArguments. [functionName:getLaunchId] is valid: [1]
03-17 11:29:04.273 13395 13418 W VrRuntimeClient: Failed to call getLaunchId
03-17 11:29:04.273 13395 13418 W VrRuntimeClient: useHzInterstitialCBGKEnabled not enabled
03-17 11:29:04.273  1075  1075 D VrFocus : Received XR_SESSION_STATE_VISIBLE for pid: 13395, uid: 10053
03-17 11:29:04.273   818 13652 I SyncBossHAL: [info   ] syncboss_hal_input_controller.c(186): Controller d49e0f24fe7d5301 battery level changed: 0% -> 100%
03-17 11:29:04.274  1676 13659 I [CT]    : MIXEDREALITY: [Insights] PassthroughTelemetry: rendering over 0.7 sec, session 0.7 sec, dropped_draw_rate: 0.0% (0 failed draw calls)
03-17 11:29:04.274  1676 13659 I [CT]    : MIXEDREALITY: [Insights] PassthroughTelemetry: - TTFR completed: 0.1 ms, predicted: 15.0 ms, begin-to-img: -30.4 ms, img-to-end-pred: 45.4 ms
03-17 11:29:04.274  1676 13659 I [CT]    : MIXEDREALITY: [Insights] PassthroughTelemetry: - TTFR depth rendered: 15.0 ms, computed: -497763.3 ms
03-17 11:29:04.274  1676 13659 I [CT]    : MIXEDREALITY: [Insights] PassthroughTelemetry: - rates: rendering: 90.0/90.0, images: color 50.4, geometry: 27.5 fps
03-17 11:29:04.274  1676 13659 I [CT]    : MIXEDREALITY: [Insights] PassthroughTelemetry: - p2pLat: -,-,- p2geomLat: -,-,- ms, min,avg,max
03-17 11:29:04.274  1676 13659 I [CT]    : MIXEDREALITY: [Insights] PassthroughTelemetry: - system latency: c2a: 16.5,16.7,16.8 a2w: 0.0,0.0,0.0 w2r: 0.3,5.4,11.1 ms, min,avg,max
03-17 11:29:04.274  1676 13659 I [CT]    : MIXEDREALITY: [Insights] PassthroughTelemetry: - avg exp/gain  5.4/10.8
03-17 11:29:04.274  1676 13659 I [CT]    : MIXEDREALITY: [Insights] PassthroughTelemetry: - consecutive frame drops count: 0/0/0 (>1/>3/>7)
03-17 11:29:04.274  1676 13659 I [CT]    : MIXEDREALITY: [Insights] PassthroughTelemetry: - invalid gaze frames: 0
03-17 11:29:04.274  1676 13659 I [CT]    : MIXEDREALITY: [Insights] PassthroughTelemetry: - frames with gaze inside fovea / blended / periphery areas (left eye): 0 / 0 / 0
03-17 11:29:04.274  1676 13659 I [CT]    : MIXEDREALITY: [Insights] PassthroughTelemetry: - dominant AF tier id -1
03-17 11:29:04.274  1676 13659 I [CT]    : MIXEDREALITY: [Insights] PassthroughTelemetry: - gCapt2pLat: -,-,- gEvent2pLat: -,-,- ms, min,avg,max
03-17 11:29:04.274  1676 13659 I [CT]    : MIXEDREALITY: PassthroughRenderingTelemetry: sendPassthroughRenderingTelemetry: Logging telemetry.
03-17 11:29:04.274  1062  4539 I MRSS    : MIXEDREALITY: MrServiceController: VrFocusManager::Top Activity Changed, topActivity now is: 'com.UnityTechnologies.com.unity.template.urpblank', immersiveApp now is: 'com.UnityTechnologies.com.unity.template.urpblank'.
03-17 11:29:04.274  1676  2455 I FocusedClientsListener: onTopActivityChanged: Updated TopActivityChangeEvent - topActivityName: com.UnityTechnologies.com.unity.template.urpblank, immersiveAppPackageName: com.UnityTechnologies.com.unity.template.urpblank, isImmersiveAppTopActivity: true, pid: 13395
03-17 11:29:04.274  1676  2455 I ClientMgr: TopActivityChangedCallback: com.UnityTechnologies.com.unity.template.urpblank, 13395
03-17 11:29:04.274  1676  2455 I ClientMgr: ImmersiveAppChangedCallback: com.UnityTechnologies.com.unity.template.urpblank, 13395
03-17 11:29:04.274  1676  2455 I ClientMgr: OnForegroundVrAppClient: uid 10053 pid 13395 hasImmersiveApp 1 isTopActivity 1 --> com.UnityTechnologies.com.unity.template.urpblank, show splash = 1
03-17 11:29:04.274  1676  2455 I ClientMgr: ClientMgr::SetForegroundClient: ID changed: 774222986->1468247974
03-17 11:29:04.274  1676  2455 I ClientMgr: ClientMgr::SetForegroundClient: 13395:com.UnityTechnologies.com.unity.template.urpblank type 0
03-17 11:29:04.274  1676  2455 I UnifiedTelemetryWrapper: Setting destination as com.UnityTechnologies.com.unity.template.urpblank
03-17 11:29:04.274  1676  2455 I InterstitialManager: Foreground app change: immersiveApp com.UnityTechnologies.com.unity.template.urpblank, pid: 13395,  renderingEnabled: 1. submittedFrames: 0
03-17 11:29:04.274  1676  2455 I ClientMgr: [ClientOptedOutLDM] Entered with packageName: com.UnityTechnologies.com.unity.template.urpblank
03-17 11:29:04.274  1676  2455 I [CT]    : MIXEDREALITY: MrServiceController: VrFocusManager::Top Activity Changed, topActivity now is: 'com.UnityTechnologies.com.unity.template.urpblank', immersiveApp now is: 'com.UnityTechnologies.com.unity.template.urpblank'.
03-17 11:29:04.275  1415  1415 I ResourceProtectionService: Setting Immersive App To: com.UnityTechnologies.com.unity.template.urpblank
03-17 11:29:04.275   818 13650 D SensorService: Syncboss input d49e0f24fe7d5301 hardware type 10, subtype 2, revision 0x9a
03-17 11:29:04.275   818 13650 E libosutils: Failed to create output stream to '/data/vendor/misc/sensors/serialnumber/d49e0f24fe7d5301': : No such file or directory
03-17 11:29:04.275   818 13650 E SensorService: Failed to write to file /data/vendor/misc/sensors/serialnumber/d49e0f24fe7d5301: Unknown error -2
03-17 11:29:04.275   818 13650 I SensorService: preparePairedControllerInfo is adding device with valid 1
03-17 11:29:04.275   818 13650 D SensorService: Syncboss input 541f699212c92133 hardware type 10, subtype 1, revision 
03-17 11:29:04.275   818 13650 I SensorService: preparePairedControllerInfo is adding device with valid 1
03-17 11:29:04.275  4313  4350 I GuardianFocusListener: [GuardianFocusListener::onTopActivityChanged] updated TopActivityChangeEvent - topActivityName: com.UnityTechnologies.com.unity.template.urpblank, immersiveAppPackageName: com.UnityTechnologies.com.unity.template.urpblank, isImmersiveAppTopActivity: true
03-17 11:29:04.275  1075  1075 D VrFocus : VrFocusEventReporter: reportImmersiveAppUpdate
03-17 11:29:04.275  1045  2832 D TelemetryService: Telemetry received setDestination OSSDK call with package name: com.UnityTechnologies.com.unity.template.urpblank
03-17 11:29:04.275   818 13650 D SensorService: stateChangeNotifierFunc(): Reporting controller info. Change token: 223, paired=2 connected=1
03-17 11:29:04.275  3663 17237 W TrustedCallerVerifier: Could not verify trusted caller for uidPackageNames=[com.oculus.systemux] and uidSignature=android.content.pm.Signature@89661ab1
03-17 11:29:04.276 13395 13418 I OpenXR  : PostSessionStateChange:[pid: 13395] XR_SESSION_STATE_VISIBLE -> XR_SESSION_STATE_FOCUSED
